Archive member included to satisfy reference by file (symbol)

/usr/lib/gcc/arm-none-eabi/10.3.1/thumb/v6-m/nofp/libgcc.a(_dvmd_tls.o)
                              CMakeFiles/adc_dma_pico.dir/home/ubiedo/pico/pico-sdk/src/rp2_common/pico_divider/divider.S.obj (__aeabi_idiv0)
/usr/lib/gcc/arm-none-eabi/10.3.1/../../../arm-none-eabi/lib/thumb/v6-m/nofp/libg.a(lib_a-atexit.o)
                              /usr/lib/gcc/arm-none-eabi/10.3.1/../../../arm-none-eabi/lib/thumb/v6-m/nofp/crt0.o (atexit)
/usr/lib/gcc/arm-none-eabi/10.3.1/../../../arm-none-eabi/lib/thumb/v6-m/nofp/libg.a(lib_a-calloc.o)
                              CMakeFiles/adc_dma_pico.dir/home/ubiedo/pico/pico-sdk/src/rp2_common/pico_malloc/pico_malloc.c.obj (calloc)
/usr/lib/gcc/arm-none-eabi/10.3.1/../../../arm-none-eabi/lib/thumb/v6-m/nofp/libg.a(lib_a-callocr.o)
                              /usr/lib/gcc/arm-none-eabi/10.3.1/../../../arm-none-eabi/lib/thumb/v6-m/nofp/libg.a(lib_a-calloc.o) (_calloc_r)
/usr/lib/gcc/arm-none-eabi/10.3.1/../../../arm-none-eabi/lib/thumb/v6-m/nofp/libg.a(lib_a-fini.o)
                              /usr/lib/gcc/arm-none-eabi/10.3.1/../../../arm-none-eabi/lib/thumb/v6-m/nofp/crt0.o (__libc_fini_array)
/usr/lib/gcc/arm-none-eabi/10.3.1/../../../arm-none-eabi/lib/thumb/v6-m/nofp/libg.a(lib_a-impure.o)
                              /usr/lib/gcc/arm-none-eabi/10.3.1/../../../arm-none-eabi/lib/thumb/v6-m/nofp/libg.a(lib_a-calloc.o) (_impure_ptr)
/usr/lib/gcc/arm-none-eabi/10.3.1/../../../arm-none-eabi/lib/thumb/v6-m/nofp/libg.a(lib_a-init.o)
                              /usr/lib/gcc/arm-none-eabi/10.3.1/../../../arm-none-eabi/lib/thumb/v6-m/nofp/crt0.o (__libc_init_array)
/usr/lib/gcc/arm-none-eabi/10.3.1/../../../arm-none-eabi/lib/thumb/v6-m/nofp/libg.a(lib_a-malloc.o)
                              CMakeFiles/adc_dma_pico.dir/home/ubiedo/pico/pico-sdk/src/rp2_common/pico_malloc/pico_malloc.c.obj (malloc)
/usr/lib/gcc/arm-none-eabi/10.3.1/../../../arm-none-eabi/lib/thumb/v6-m/nofp/libg.a(lib_a-mallocr.o)
                              /usr/lib/gcc/arm-none-eabi/10.3.1/../../../arm-none-eabi/lib/thumb/v6-m/nofp/libg.a(lib_a-callocr.o) (_malloc_r)
/usr/lib/gcc/arm-none-eabi/10.3.1/../../../arm-none-eabi/lib/thumb/v6-m/nofp/libg.a(lib_a-mlock.o)
                              /usr/lib/gcc/arm-none-eabi/10.3.1/../../../arm-none-eabi/lib/thumb/v6-m/nofp/libg.a(lib_a-mallocr.o) (__malloc_lock)
/usr/lib/gcc/arm-none-eabi/10.3.1/../../../arm-none-eabi/lib/thumb/v6-m/nofp/libg.a(lib_a-realloc.o)
                              CMakeFiles/adc_dma_pico.dir/home/ubiedo/pico/pico-sdk/src/rp2_common/pico_malloc/pico_malloc.c.obj (realloc)
/usr/lib/gcc/arm-none-eabi/10.3.1/../../../arm-none-eabi/lib/thumb/v6-m/nofp/libg.a(lib_a-reallocr.o)
                              /usr/lib/gcc/arm-none-eabi/10.3.1/../../../arm-none-eabi/lib/thumb/v6-m/nofp/libg.a(lib_a-realloc.o) (_realloc_r)
/usr/lib/gcc/arm-none-eabi/10.3.1/../../../arm-none-eabi/lib/thumb/v6-m/nofp/libg.a(lib_a-sbrkr.o)
                              /usr/lib/gcc/arm-none-eabi/10.3.1/../../../arm-none-eabi/lib/thumb/v6-m/nofp/libg.a(lib_a-mallocr.o) (_sbrk_r)
/usr/lib/gcc/arm-none-eabi/10.3.1/../../../arm-none-eabi/lib/thumb/v6-m/nofp/libg.a(lib_a-strlen-stub.o)
                              CMakeFiles/adc_dma_pico.dir/home/ubiedo/pico/pico-sdk/src/rp2_common/pico_stdio/stdio.c.obj (strlen)
/usr/lib/gcc/arm-none-eabi/10.3.1/../../../arm-none-eabi/lib/thumb/v6-m/nofp/libg.a(lib_a-__atexit.o)
                              /usr/lib/gcc/arm-none-eabi/10.3.1/../../../arm-none-eabi/lib/thumb/v6-m/nofp/libg.a(lib_a-atexit.o) (__register_exitproc)
/usr/lib/gcc/arm-none-eabi/10.3.1/../../../arm-none-eabi/lib/thumb/v6-m/nofp/libg.a(lib_a-freer.o)
                              /usr/lib/gcc/arm-none-eabi/10.3.1/../../../arm-none-eabi/lib/thumb/v6-m/nofp/libg.a(lib_a-malloc.o) (_free_r)
/usr/lib/gcc/arm-none-eabi/10.3.1/../../../arm-none-eabi/lib/thumb/v6-m/nofp/libg.a(lib_a-memmove.o)
                              /usr/lib/gcc/arm-none-eabi/10.3.1/../../../arm-none-eabi/lib/thumb/v6-m/nofp/libg.a(lib_a-reallocr.o) (memmove)
/usr/lib/gcc/arm-none-eabi/10.3.1/../../../arm-none-eabi/lib/thumb/v6-m/nofp/libg.a(lib_a-reent.o)
                              /usr/lib/gcc/arm-none-eabi/10.3.1/../../../arm-none-eabi/lib/thumb/v6-m/nofp/libg.a(lib_a-sbrkr.o) (errno)

Discarded input sections

 .text          0x0000000000000000        0x0 /usr/lib/gcc/arm-none-eabi/10.3.1/thumb/v6-m/nofp/crti.o
 .data          0x0000000000000000        0x0 /usr/lib/gcc/arm-none-eabi/10.3.1/thumb/v6-m/nofp/crti.o
 .bss           0x0000000000000000        0x0 /usr/lib/gcc/arm-none-eabi/10.3.1/thumb/v6-m/nofp/crti.o
 .data          0x0000000000000000        0x4 /usr/lib/gcc/arm-none-eabi/10.3.1/thumb/v6-m/nofp/crtbegin.o
 .rodata        0x0000000000000000       0x24 /usr/lib/gcc/arm-none-eabi/10.3.1/thumb/v6-m/nofp/crtbegin.o
[...]
Memory Configuration

Name             Origin             Length             Attributes
FLASH            0x0000000010000000 0x0000000000200000 xr
RAM              0x0000000020000000 0x0000000000040000 xrw
SCRATCH_X        0x0000000020040000 0x0000000000001000 xrw
SCRATCH_Y        0x0000000020041000 0x0000000000001000 xrw
*default*        0x0000000000000000 0xffffffffffffffff

Linker script and memory map

LOAD /usr/lib/gcc/arm-none-eabi/10.3.1/thumb/v6-m/nofp/crti.o
LOAD /usr/lib/gcc/arm-none-eabi/10.3.1/thumb/v6-m/nofp/crtbegin.o
LOAD /usr/lib/gcc/arm-none-eabi/10.3.1/../../../arm-none-eabi/lib/thumb/v6-m/nofp/crt0.o

.flash_begin    0x0000000010000000        0x0
                0x0000000010000000                __flash_binary_start = .

.boot2          0x0000000010000000      0x100
                0x0000000010000000                __boot2_start__ = .
 *(.boot2)
 .boot2         0x0000000010000000      0x100 /tmp/cc6nw41h.o
                0x0000000010000100                __boot2_end__ = .
                0x0000000000000001                ASSERT (((__boot2_end__ - __boot2_start__) == 0x100), ERROR: Pico second stage bootloader must be 256 bytes in size)

.text           0x0000000010000100     0x7168
                0x0000000010000100                __logical_binary_start = .
 *(.vectors)
 .vectors       0x0000000010000100       0xd4 CMakeFiles/adc_dma_pico.dir/home/ubiedo/pico/pico-sdk/src/rp2_common/pico_standard_link/crt0.S.obj
                0x0000000010000100                __vectors
                0x0000000010000100                __VECTOR_TABLE
                0x00000000100001c0                isr_invalid
                0x00000000100001c0                __default_isrs_start
                0x00000000100001c2                isr_nmi
                0x00000000100001c4                isr_hardfault
                0x00000000100001c6                isr_svcall
                0x00000000100001c8                isr_pendsv
                0x00000000100001ca                isr_systick
                0x00000000100001cc                isr_irq30
                0x00000000100001cc                __unhandled_user_irq
                0x00000000100001cc                isr_irq13
                0x00000000100001cc                isr_irq27
                0x00000000100001cc                isr_irq31
                0x00000000100001cc                isr_irq5
                0x00000000100001cc                isr_irq11
                0x00000000100001cc                isr_irq23
                0x00000000100001cc                isr_irq18
                0x00000000100001cc                isr_irq28
                0x00000000100001cc                isr_irq19
                0x00000000100001cc                isr_irq0
                0x00000000100001cc                isr_irq6
                0x00000000100001cc                isr_irq22
                0x00000000100001cc                isr_irq17
                0x00000000100001cc                isr_irq14
                0x00000000100001cc                isr_irq2
                0x00000000100001cc                isr_irq10
                0x00000000100001cc                isr_irq8
                0x00000000100001cc                isr_irq24
                0x00000000100001cc                isr_irq1
                0x00000000100001cc                isr_irq7
                0x00000000100001cc                isr_irq21
                0x00000000100001cc                isr_irq20
                0x00000000100001cc                isr_irq15
                0x00000000100001cc                isr_irq25
                0x00000000100001cc                isr_irq4
                0x00000000100001cc                isr_irq16
                0x00000000100001cc                isr_irq29
                0x00000000100001cc                isr_irq26
                0x00000000100001cc                __default_isrs_end
                0x00000000100001cc                isr_irq3
                0x00000000100001cc                isr_irq12
                0x00000000100001cc                isr_irq9
                0x00000000100001d2                unhandled_user_irq_num_in_r0
 *(.binary_info_header)
 .binary_info_header
                0x00000000100001d4       0x14 CMakeFiles/adc_dma_pico.dir/home/ubiedo/pico/pico-sdk/src/rp2_common/pico_standard_link/crt0.S.obj
                0x00000000100001e8                __binary_info_header_end = .
 *(.reset)
 .reset         0x00000000100001e8       0xa0 CMakeFiles/adc_dma_pico.dir/home/ubiedo/pico/pico-sdk/src/rp2_common/pico_standard_link/crt0.S.obj
                0x00000000100001e8                _entry_point
 .reset         0x0000000010000288       0x30 CMakeFiles/adc_dma_pico.dir/home/ubiedo/pico/pico-sdk/src/rp2_common/pico_standard_link/binary_info.c.obj
 *(.init)
 .init          0x00000000100002b8        0x4 /usr/lib/gcc/arm-none-eabi/10.3.1/thumb/v6-m/nofp/crti.o
                0x00000000100002b8                _init
 *(EXCLUDE_FILE(*libm.a: *libc.a:*lib_a-mem*.o *libgcc.a:) .text*)
 .text          0x00000000100002bc       0x98 /usr/lib/gcc/arm-none-eabi/10.3.1/thumb/v6-m/nofp/crtbegin.o
 .text.dma_handler
                0x0000000010000354       0xe4 CMakeFiles/adc_dma_pico.dir/adc_dma_pico.c.obj
                0x0000000010000354                dma_handler
 .text.second_core_code
                0x0000000010000438       0x20 CMakeFiles/adc_dma_pico.dir/adc_dma_pico.c.obj
                0x0000000010000438                second_core_code
 .text.main     0x0000000010000458      0x1dc CMakeFiles/adc_dma_pico.dir/adc_dma_pico.c.obj
                0x0000000010000458                main
 .text.gpio_set_function
                0x0000000010000634       0x30 CMakeFiles/adc_dma_pico.dir/home/ubiedo/pico/pico-sdk/src/rp2_common/hardware_gpio/gpio.c.obj
                0x0000000010000634                gpio_set_function
 .text.gpio_set_pulls
                0x0000000010000664       0x34 CMakeFiles/adc_dma_pico.dir/home/ubiedo/pico/pico-sdk/src/rp2_common/hardware_gpio/gpio.c.obj
                0x0000000010000664                gpio_set_pulls
 .text.gpio_set_input_enabled
                0x0000000010000698       0x30 CMakeFiles/adc_dma_pico.dir/home/ubiedo/pico/pico-sdk/src/rp2_common/hardware_gpio/gpio.c.obj
                0x0000000010000698                gpio_set_input_enabled
 .text.gpio_init
                0x00000000100006c8       0x16 CMakeFiles/adc_dma_pico.dir/home/ubiedo/pico/pico-sdk/src/rp2_common/hardware_gpio/gpio.c.obj
                0x00000000100006c8                gpio_init
 *fill*         0x00000000100006de        0x2 
 .text.running_on_fpga
                0x00000000100006e0       0x14 CMakeFiles/adc_dma_pico.dir/home/ubiedo/pico/pico-sdk/src/rp2_common/pico_platform/platform.c.obj
                0x00000000100006e0                running_on_fpga
 .text.hw_claim_lock
                0x00000000100006f4       0x18 CMakeFiles/adc_dma_pico.dir/home/ubiedo/pico/pico-sdk/src/rp2_common/hardware_claim/claim.c.obj
                0x00000000100006f4                hw_claim_lock
 .text.hw_claim_unlock
                0x000000001000070c       0x14 CMakeFiles/adc_dma_pico.dir/home/ubiedo/pico/pico-sdk/src/rp2_common/hardware_claim/claim.c.obj
                0x000000001000070c                hw_claim_unlock
 .text.hw_claim_or_assert
                0x0000000010000720       0x32 CMakeFiles/adc_dma_pico.dir/home/ubiedo/pico/pico-sdk/src/rp2_common/hardware_claim/claim.c.obj
                0x0000000010000720                hw_claim_or_assert
 .text.hw_claim_unused_from_range
                0x0000000010000752       0x50 CMakeFiles/adc_dma_pico.dir/home/ubiedo/pico/pico-sdk/src/rp2_common/hardware_claim/claim.c.obj
                0x0000000010000752                hw_claim_unused_from_range
 *fill*         0x00000000100007a2        0x2 
 .text.spin_locks_reset
                0x00000000100007a4       0x20 CMakeFiles/adc_dma_pico.dir/home/ubiedo/pico/pico-sdk/src/rp2_common/hardware_sync/sync.c.obj
                0x00000000100007a4                spin_locks_reset
 .text.next_striped_spin_lock_num
                0x00000000100007c4       0x1c CMakeFiles/adc_dma_pico.dir/home/ubiedo/pico/pico-sdk/src/rp2_common/hardware_sync/sync.c.obj
                0x00000000100007c4                next_striped_spin_lock_num
 .text.spin_lock_claim_unused
                0x00000000100007e0       0x20 CMakeFiles/adc_dma_pico.dir/home/ubiedo/pico/pico-sdk/src/rp2_common/hardware_sync/sync.c.obj
                0x00000000100007e0                spin_lock_claim_unused
 .text.set_raw_irq_handler_and_unlock
                0x0000000010000800       0x28 CMakeFiles/adc_dma_pico.dir/home/ubiedo/pico/pico-sdk/src/rp2_common/hardware_irq/irq.c.obj
 .text.make_branch
                0x0000000010000828       0x48 CMakeFiles/adc_dma_pico.dir/home/ubiedo/pico/pico-sdk/src/rp2_common/hardware_irq/irq.c.obj
 .text.insert_branch_and_link
                0x0000000010000870       0x40 CMakeFiles/adc_dma_pico.dir/home/ubiedo/pico/pico-sdk/src/rp2_common/hardware_irq/irq.c.obj
 .text.irq_is_enabled
                0x00000000100008b0       0x18 CMakeFiles/adc_dma_pico.dir/home/ubiedo/pico/pico-sdk/src/rp2_common/hardware_irq/irq.c.obj
                0x00000000100008b0                irq_is_enabled
 .text.irq_set_mask_enabled
                0x00000000100008c8       0x20 CMakeFiles/adc_dma_pico.dir/home/ubiedo/pico/pico-sdk/src/rp2_common/hardware_irq/irq.c.obj
                0x00000000100008c8                irq_set_mask_enabled
 .text.irq_set_enabled
                0x00000000100008e8        0xe CMakeFiles/adc_dma_pico.dir/home/ubiedo/pico/pico-sdk/src/rp2_common/hardware_irq/irq.c.obj
                0x00000000100008e8                irq_set_enabled
 *fill*         0x00000000100008f6        0x2 
 .text.irq_set_pending
                0x00000000100008f8       0x10 CMakeFiles/adc_dma_pico.dir/home/ubiedo/pico/pico-sdk/src/rp2_common/hardware_irq/irq.c.obj
                0x00000000100008f8                irq_set_pending
 .text.irq_get_vtable_handler
                0x0000000010000908       0x10 CMakeFiles/adc_dma_pico.dir/home/ubiedo/pico/pico-sdk/src/rp2_common/hardware_irq/irq.c.obj
                0x0000000010000908                irq_get_vtable_handler
 .text.irq_has_shared_handler
                0x0000000010000918       0x24 CMakeFiles/adc_dma_pico.dir/home/ubiedo/pico/pico-sdk/src/rp2_common/hardware_irq/irq.c.obj
                0x0000000010000918                irq_has_shared_handler
 .text.irq_set_exclusive_handler
                0x000000001000093c       0x54 CMakeFiles/adc_dma_pico.dir/home/ubiedo/pico/pico-sdk/src/rp2_common/hardware_irq/irq.c.obj
                0x000000001000093c                irq_set_exclusive_handler
 .text.irq_add_shared_handler
                0x0000000010000990      0x234 CMakeFiles/adc_dma_pico.dir/home/ubiedo/pico/pico-sdk/src/rp2_common/hardware_irq/irq.c.obj
                0x0000000010000990                irq_add_shared_handler
 .text.irq_remove_handler
                0x0000000010000bc4      0x1ac CMakeFiles/adc_dma_pico.dir/home/ubiedo/pico/pico-sdk/src/rp2_common/hardware_irq/irq.c.obj
                0x0000000010000bc4                irq_remove_handler
 .text.irq_add_tail_to_free_list
                0x0000000010000d70       0xf0 CMakeFiles/adc_dma_pico.dir/home/ubiedo/pico/pico-sdk/src/rp2_common/hardware_irq/irq.c.obj
                0x0000000010000d70                irq_add_tail_to_free_list
 .text.irq_init_priorities
                0x0000000010000e60       0x1c CMakeFiles/adc_dma_pico.dir/home/ubiedo/pico/pico-sdk/src/rp2_common/hardware_irq/irq.c.obj
                0x0000000010000e60                irq_init_priorities
 .text.user_irq_claim_unused
                0x0000000010000e7c       0x28 CMakeFiles/adc_dma_pico.dir/home/ubiedo/pico/pico-sdk/src/rp2_common/hardware_irq/irq.c.obj
                0x0000000010000e7c                user_irq_claim_unused
 .text.lock_init
                0x0000000010000ea4       0x10 CMakeFiles/adc_dma_pico.dir/home/ubiedo/pico/pico-sdk/src/common/pico_sync/lock_core.c.obj
                0x0000000010000ea4                lock_init
 .text.mutex_init
                0x0000000010000eb4       0x1a CMakeFiles/adc_dma_pico.dir/home/ubiedo/pico/pico-sdk/src/common/pico_sync/mutex.c.obj
                0x0000000010000eb4                mutex_init
 .text.recursive_mutex_init
                0x0000000010000ece       0x1e CMakeFiles/adc_dma_pico.dir/home/ubiedo/pico/pico-sdk/src/common/pico_sync/mutex.c.obj
                0x0000000010000ece                recursive_mutex_init
 .text.critical_section_init_with_lock_num
                0x0000000010000eec       0x14 CMakeFiles/adc_dma_pico.dir/home/ubiedo/pico/pico-sdk/src/common/pico_sync/critical_section.c.obj
                0x0000000010000eec                critical_section_init_with_lock_num
 .text.critical_section_init
                0x0000000010000f00       0x14 CMakeFiles/adc_dma_pico.dir/home/ubiedo/pico/pico-sdk/src/common/pico_sync/critical_section.c.obj
                0x0000000010000f00                critical_section_init
 .text.alarm_pool_post_alloc_init
                0x0000000010000f14       0x40 CMakeFiles/adc_dma_pico.dir/home/ubiedo/pico/pico-sdk/src/common/pico_time/time.c.obj
 .text.sleep_until_callback
                0x0000000010000f54       0x30 CMakeFiles/adc_dma_pico.dir/home/ubiedo/pico/pico-sdk/src/common/pico_time/time.c.obj
 .text.timer_pool_entry_comparator
                0x0000000010000f84       0x7c CMakeFiles/adc_dma_pico.dir/home/ubiedo/pico/pico-sdk/src/common/pico_time/time.c.obj
                0x0000000010000f84                timer_pool_entry_comparator
 .text.ph_add_child_node
                0x0000000010001000       0xa4 CMakeFiles/adc_dma_pico.dir/home/ubiedo/pico/pico-sdk/src/common/pico_time/time.c.obj
 .text.ph_merge_nodes
                0x00000000100010a4       0x3e CMakeFiles/adc_dma_pico.dir/home/ubiedo/pico/pico-sdk/src/common/pico_time/time.c.obj
 *fill*         0x00000000100010e2        0x2 
 .text.add_alarm_under_lock
                0x00000000100010e4      0x174 CMakeFiles/adc_dma_pico.dir/home/ubiedo/pico/pico-sdk/src/common/pico_time/time.c.obj
 .text.alarm_pool_alarm_callback
                0x0000000010001258      0x33c CMakeFiles/adc_dma_pico.dir/home/ubiedo/pico/pico-sdk/src/common/pico_time/time.c.obj
 .text.alarm_pool_init_default
                0x0000000010001594       0x40 CMakeFiles/adc_dma_pico.dir/home/ubiedo/pico/pico-sdk/src/common/pico_time/time.c.obj
                0x0000000010001594                alarm_pool_init_default
 .text.alarm_pool_get_default
                0x00000000100015d4       0x2c CMakeFiles/adc_dma_pico.dir/home/ubiedo/pico/pico-sdk/src/common/pico_time/time.c.obj
                0x00000000100015d4                alarm_pool_get_default
 .text.alarm_pool_add_alarm_at
                0x0000000010001600      0x168 CMakeFiles/adc_dma_pico.dir/home/ubiedo/pico/pico-sdk/src/common/pico_time/time.c.obj
                0x0000000010001600                alarm_pool_add_alarm_at
 .text.alarm_pool_cancel_alarm
                0x0000000010001768       0xf8 CMakeFiles/adc_dma_pico.dir/home/ubiedo/pico/pico-sdk/src/common/pico_time/time.c.obj
                0x0000000010001768                alarm_pool_cancel_alarm
 .text.alarm_pool_core_num
                0x0000000010001860        0x4 CMakeFiles/adc_dma_pico.dir/home/ubiedo/pico/pico-sdk/src/common/pico_time/time.c.obj
                0x0000000010001860                alarm_pool_core_num
 .text.sleep_until
                0x0000000010001864       0xfc CMakeFiles/adc_dma_pico.dir/home/ubiedo/pico/pico-sdk/src/common/pico_time/time.c.obj
                0x0000000010001864                sleep_until
 .text.sleep_us
                0x0000000010001960       0x58 CMakeFiles/adc_dma_pico.dir/home/ubiedo/pico/pico-sdk/src/common/pico_time/time.c.obj
                0x0000000010001960                sleep_us
 .text.sleep_ms
                0x00000000100019b8       0x14 CMakeFiles/adc_dma_pico.dir/home/ubiedo/pico/pico-sdk/src/common/pico_time/time.c.obj
                0x00000000100019b8                sleep_ms
 .text.best_effort_wfe_or_timeout
                0x00000000100019cc       0xac CMakeFiles/adc_dma_pico.dir/home/ubiedo/pico/pico-sdk/src/common/pico_time/time.c.obj
                0x00000000100019cc                best_effort_wfe_or_timeout
 .text.hardware_alarm_irq_handler
                0x0000000010001a78       0x90 CMakeFiles/adc_dma_pico.dir/home/ubiedo/pico/pico-sdk/src/rp2_common/hardware_timer/timer.c.obj
 .text.hardware_alarm_claim
                0x0000000010001b08       0x18 CMakeFiles/adc_dma_pico.dir/home/ubiedo/pico/pico-sdk/src/rp2_common/hardware_timer/timer.c.obj
                0x0000000010001b08                hardware_alarm_claim
 .text.time_us_64
                0x0000000010001b20       0x18 CMakeFiles/adc_dma_pico.dir/home/ubiedo/pico/pico-sdk/src/rp2_common/hardware_timer/timer.c.obj
                0x0000000010001b20                time_us_64
 .text.busy_wait_until
                0x0000000010001b38       0x28 CMakeFiles/adc_dma_pico.dir/home/ubiedo/pico/pico-sdk/src/rp2_common/hardware_timer/timer.c.obj
                0x0000000010001b38                busy_wait_until
 .text.hardware_alarm_set_callback
                0x0000000010001b60       0x90 CMakeFiles/adc_dma_pico.dir/home/ubiedo/pico/pico-sdk/src/rp2_common/hardware_timer/timer.c.obj
                0x0000000010001b60                hardware_alarm_set_callback
 .text.hardware_alarm_set_target
                0x0000000010001bf0       0xe8 CMakeFiles/adc_dma_pico.dir/home/ubiedo/pico/pico-sdk/src/rp2_common/hardware_timer/timer.c.obj
                0x0000000010001bf0                hardware_alarm_set_target
 .text.hardware_alarm_cancel
                0x0000000010001cd8       0x40 CMakeFiles/adc_dma_pico.dir/home/ubiedo/pico/pico-sdk/src/rp2_common/hardware_timer/timer.c.obj
                0x0000000010001cd8                hardware_alarm_cancel
 .text.ph_add_child_node
                0x0000000010001d18       0xa4 CMakeFiles/adc_dma_pico.dir/home/ubiedo/pico/pico-sdk/src/common/pico_util/pheap.c.obj
 .text.ph_merge_nodes
                0x0000000010001dbc       0x3e CMakeFiles/adc_dma_pico.dir/home/ubiedo/pico/pico-sdk/src/common/pico_util/pheap.c.obj
 *fill*         0x0000000010001dfa        0x2 
 .text.ph_clear
                0x0000000010001dfc       0x70 CMakeFiles/adc_dma_pico.dir/home/ubiedo/pico/pico-sdk/src/common/pico_util/pheap.c.obj
                0x0000000010001dfc                ph_clear
 .text.ph_post_alloc_init
                0x0000000010001e6c        0xe CMakeFiles/adc_dma_pico.dir/home/ubiedo/pico/pico-sdk/src/common/pico_util/pheap.c.obj
                0x0000000010001e6c                ph_post_alloc_init
 *fill*         0x0000000010001e7a        0x2 
 .text.ph_merge_two_pass
                0x0000000010001e7c       0xa8 CMakeFiles/adc_dma_pico.dir/home/ubiedo/pico/pico-sdk/src/common/pico_util/pheap.c.obj
                0x0000000010001e7c                ph_merge_two_pass
 .text.ph_remove_any_head
                0x0000000010001f24      0x128 CMakeFiles/adc_dma_pico.dir/home/ubiedo/pico/pico-sdk/src/common/pico_util/pheap.c.obj
 .text.ph_remove_head
                0x000000001000204c       0x14 CMakeFiles/adc_dma_pico.dir/home/ubiedo/pico/pico-sdk/src/common/pico_util/pheap.c.obj
                0x000000001000204c                ph_remove_head
 .text.ph_remove_and_free_node
                0x0000000010002060       0xf8 CMakeFiles/adc_dma_pico.dir/home/ubiedo/pico/pico-sdk/src/common/pico_util/pheap.c.obj
                0x0000000010002060                ph_remove_and_free_node
 .text.clock_configure
                0x0000000010002158      0x108 CMakeFiles/adc_dma_pico.dir/home/ubiedo/pico/pico-sdk/src/rp2_common/hardware_clocks/clocks.c.obj
                0x0000000010002158                clock_configure
 .text.clocks_init
                0x0000000010002260      0x100 CMakeFiles/adc_dma_pico.dir/home/ubiedo/pico/pico-sdk/src/rp2_common/hardware_clocks/clocks.c.obj
                0x0000000010002260                clocks_init
 .text.pll_init
                0x0000000010002360      0x120 CMakeFiles/adc_dma_pico.dir/home/ubiedo/pico/pico-sdk/src/rp2_common/hardware_pll/pll.c.obj
                0x0000000010002360                pll_init
 .text.watchdog_start_tick
                0x0000000010002480       0x10 CMakeFiles/adc_dma_pico.dir/home/ubiedo/pico/pico-sdk/src/rp2_common/hardware_watchdog/watchdog.c.obj
                0x0000000010002480                watchdog_start_tick
 .text.watchdog_update
                0x0000000010002490       0x14 CMakeFiles/adc_dma_pico.dir/home/ubiedo/pico/pico-sdk/src/rp2_common/hardware_watchdog/watchdog.c.obj
                0x0000000010002490                watchdog_update
 .text._watchdog_enable
                0x00000000100024a4       0x78 CMakeFiles/adc_dma_pico.dir/home/ubiedo/pico/pico-sdk/src/rp2_common/hardware_watchdog/watchdog.c.obj
                0x00000000100024a4                _watchdog_enable
 .text.watchdog_reboot
                0x000000001000251c       0x48 CMakeFiles/adc_dma_pico.dir/home/ubiedo/pico/pico-sdk/src/rp2_common/hardware_watchdog/watchdog.c.obj
                0x000000001000251c                watchdog_reboot
 .text.xosc_init
                0x0000000010002564       0x28 CMakeFiles/adc_dma_pico.dir/home/ubiedo/pico/pico-sdk/src/rp2_common/hardware_xosc/xosc.c.obj
                0x0000000010002564                xosc_init
 .text._exit    0x000000001000258c        0x4 CMakeFiles/adc_dma_pico.dir/home/ubiedo/pico/pico-sdk/src/rp2_common/pico_runtime/runtime.c.obj
                0x000000001000258c                _exit
 .text.exit     0x0000000010002590        0x6 CMakeFiles/adc_dma_pico.dir/home/ubiedo/pico/pico-sdk/src/rp2_common/pico_runtime/runtime.c.obj
                0x0000000010002590                exit
 *fill*         0x0000000010002596        0x2 
 .text.__assert_func
                0x0000000010002598       0x3c CMakeFiles/adc_dma_pico.dir/home/ubiedo/pico/pico-sdk/src/rp2_common/pico_runtime/runtime.c.obj
                0x0000000010002598                __assert_func
 .text.runtime_init
                0x00000000100025d4       0xf8 CMakeFiles/adc_dma_pico.dir/home/ubiedo/pico/pico-sdk/src/rp2_common/pico_runtime/runtime.c.obj
                0x00000000100025d4                runtime_init
 .text.panic    0x00000000100026cc       0x30 CMakeFiles/adc_dma_pico.dir/home/ubiedo/pico/pico-sdk/src/rp2_common/pico_runtime/runtime.c.obj
                0x00000000100026cc                panic
 .text._out_null
                0x00000000100026fc        0x2 CMakeFiles/adc_dma_pico.dir/home/ubiedo/pico/pico-sdk/src/rp2_common/pico_printf/printf.c.obj
 .text._out_fct
                0x00000000100026fe        0xe CMakeFiles/adc_dma_pico.dir/home/ubiedo/pico/pico-sdk/src/rp2_common/pico_printf/printf.c.obj
 .text._atoi    0x000000001000270c       0x24 CMakeFiles/adc_dma_pico.dir/home/ubiedo/pico/pico-sdk/src/rp2_common/pico_printf/printf.c.obj
 .text._out_rev
                0x0000000010002730       0xae CMakeFiles/adc_dma_pico.dir/home/ubiedo/pico/pico-sdk/src/rp2_common/pico_printf/printf.c.obj
 .text._ntoa_format
                0x00000000100027de      0x112 CMakeFiles/adc_dma_pico.dir/home/ubiedo/pico/pico-sdk/src/rp2_common/pico_printf/printf.c.obj
 .text._ntoa_long
                0x00000000100028f0       0xbc CMakeFiles/adc_dma_pico.dir/home/ubiedo/pico/pico-sdk/src/rp2_common/pico_printf/printf.c.obj
 .text._ntoa_long_long
                0x00000000100029ac       0xe2 CMakeFiles/adc_dma_pico.dir/home/ubiedo/pico/pico-sdk/src/rp2_common/pico_printf/printf.c.obj
 *fill*         0x0000000010002a8e        0x2 
 .text._etoa    0x0000000010002a90      0x414 CMakeFiles/adc_dma_pico.dir/home/ubiedo/pico/pico-sdk/src/rp2_common/pico_printf/printf.c.obj
 .text._ftoa    0x0000000010002ea4      0x354 CMakeFiles/adc_dma_pico.dir/home/ubiedo/pico/pico-sdk/src/rp2_common/pico_printf/printf.c.obj
 .text._vsnprintf
                0x00000000100031f8      0x624 CMakeFiles/adc_dma_pico.dir/home/ubiedo/pico/pico-sdk/src/rp2_common/pico_printf/printf.c.obj
 .text.vfctprintf
                0x000000001000381c       0x20 CMakeFiles/adc_dma_pico.dir/home/ubiedo/pico/pico-sdk/src/rp2_common/pico_printf/printf.c.obj
                0x000000001000381c                vfctprintf
 .text          0x000000001000383c       0x10 CMakeFiles/adc_dma_pico.dir/home/ubiedo/pico/pico-sdk/src/rp2_common/pico_bit_ops/bit_ops_aeabi.S.obj
 .text.rom_func_lookup
                0x000000001000384c       0x10 CMakeFiles/adc_dma_pico.dir/home/ubiedo/pico/pico-sdk/src/rp2_common/pico_bootrom/bootrom.c.obj
                0x000000001000384c                rom_func_lookup
 .text.rom_data_lookup
                0x000000001000385c       0x10 CMakeFiles/adc_dma_pico.dir/home/ubiedo/pico/pico-sdk/src/rp2_common/pico_bootrom/bootrom.c.obj
                0x000000001000385c                rom_data_lookup
 .text.rom_funcs_lookup
                0x000000001000386c       0x36 CMakeFiles/adc_dma_pico.dir/home/ubiedo/pico/pico-sdk/src/rp2_common/pico_bootrom/bootrom.c.obj
                0x000000001000386c                rom_funcs_lookup
 *fill*         0x00000000100038a2        0x2 
 .text.__wrap___aeabi_idiv
                0x00000000100038a4       0x50 CMakeFiles/adc_dma_pico.dir/home/ubiedo/pico/pico-sdk/src/rp2_common/pico_divider/divider.S.obj
                0x00000000100038a4                __wrap___aeabi_idivmod
                0x00000000100038a4                divmod_s32s32
                0x00000000100038a4                div_s32s32
                0x00000000100038a4                __wrap___aeabi_idiv
                0x00000000100038ac                divmod_s32s32_unsafe
                0x00000000100038d8                divmod_s32s32_savestate
 .text.__wrap___aeabi_uidiv
                0x00000000100038f4       0x4c CMakeFiles/adc_dma_pico.dir/home/ubiedo/pico/pico-sdk/src/rp2_common/pico_divider/divider.S.obj
                0x00000000100038f4                __wrap___aeabi_uidiv
                0x00000000100038f4                __wrap___aeabi_uidivmod
                0x00000000100038f4                div_u32u32
                0x00000000100038f4                divmod_u32u32
                0x00000000100038fc                divmod_u32u32_unsafe
                0x0000000010003924                divmod_u32u32_savestate
 .text.__wrap___aeabi_ldiv
                0x0000000010003940      0x424 CMakeFiles/adc_dma_pico.dir/home/ubiedo/pico/pico-sdk/src/rp2_common/pico_divider/divider.S.obj
                0x0000000010003940                div_s64s64
                0x0000000010003940                divmod_s64s64
                0x0000000010003940                __wrap___aeabi_ldivmod
                0x0000000010003970                div_u64u64
                0x0000000010003970                divmod_u64u64
                0x0000000010003970                __wrap___aeabi_uldivmod
                0x0000000010003980                divmod_u64u64_savestate
                0x00000000100039a0                divmod_s64s64_unsafe
                0x0000000010003a28                divmod_u64u64_unsafe
 .text.__wrap___aeabi_darithmetic
                0x0000000010003d64       0x80 CMakeFiles/adc_dma_pico.dir/home/ubiedo/pico/pico-sdk/src/rp2_common/pico_double/double_aeabi.S.obj
                0x0000000010003d64                __wrap___aeabi_drsub
                0x0000000010003d6a                __wrap___aeabi_dsub
                0x0000000010003d7c                __wrap___aeabi_dadd
                0x0000000010003d8e                __wrap___aeabi_ddiv
                0x0000000010003dca                __wrap___aeabi_dmul
 .text.__wrap___aeabi_cdcmple
                0x0000000010003de4       0x6c CMakeFiles/adc_dma_pico.dir/home/ubiedo/pico/pico-sdk/src/rp2_common/pico_double/double_aeabi.S.obj
                0x0000000010003de4                __wrap___aeabi_cdrcmple
                0x0000000010003df4                __wrap___aeabi_cdcmple
                0x0000000010003df4                __wrap___aeabi_cdcmpeq
 .text.__wrap___aeabi_dcmplt
                0x0000000010003e50        0xc CMakeFiles/adc_dma_pico.dir/home/ubiedo/pico/pico-sdk/src/rp2_common/pico_double/double_aeabi.S.obj
                0x0000000010003e50                __wrap___aeabi_dcmplt
 .text.__wrap___aeabi_dcmple
                0x0000000010003e5c       0x10 CMakeFiles/adc_dma_pico.dir/home/ubiedo/pico/pico-sdk/src/rp2_common/pico_double/double_aeabi.S.obj
                0x0000000010003e5c                __wrap___aeabi_dcmple
 .text.__wrap___aeabi_dcmpge
                0x0000000010003e6c       0x10 CMakeFiles/adc_dma_pico.dir/home/ubiedo/pico/pico-sdk/src/rp2_common/pico_double/double_aeabi.S.obj
                0x0000000010003e6c                __wrap___aeabi_dcmpge
 .text.__wrap___aeabi_dcmpgt
                0x0000000010003e7c        0xa CMakeFiles/adc_dma_pico.dir/home/ubiedo/pico/pico-sdk/src/rp2_common/pico_double/double_aeabi.S.obj
                0x0000000010003e7c                __wrap___aeabi_dcmpgt
 .text.__wrap___aeabi_dcmpun
                0x0000000010003e86       0x1c CMakeFiles/adc_dma_pico.dir/home/ubiedo/pico/pico-sdk/src/rp2_common/pico_double/double_aeabi.S.obj
                0x0000000010003e86                __wrap___aeabi_dcmpun
 *fill*         0x0000000010003ea2        0x2 
 .text.__wrap___aeabi_i2d
                0x0000000010003ea4       0x38 CMakeFiles/adc_dma_pico.dir/home/ubiedo/pico/pico-sdk/src/rp2_common/pico_double/double_aeabi.S.obj
                0x0000000010003ea4                __wrap___aeabi_ui2d
                0x0000000010003eac                __wrap___aeabi_i2d
 .text.__wrap___aeabi_d2iz
                0x0000000010003edc       0x48 CMakeFiles/adc_dma_pico.dir/home/ubiedo/pico/pico-sdk/src/rp2_common/pico_double/double_aeabi.S.obj
                0x0000000010003edc                __wrap___aeabi_d2iz
                0x0000000010003edc                double2int_z
 .text.__wrap___aeabi_d2uiz
                0x0000000010003f24       0x18 CMakeFiles/adc_dma_pico.dir/home/ubiedo/pico/pico-sdk/src/rp2_common/pico_double/double_aeabi.S.obj
                0x0000000010003f24                double2uint
                0x0000000010003f24                __wrap___aeabi_d2uiz
 .text.__aeabi_double_init
                0x0000000010003f3c       0xc8 CMakeFiles/adc_dma_pico.dir/home/ubiedo/pico/pico-sdk/src/rp2_common/pico_double/double_init_rom.c.obj
                0x0000000010003f3c                __aeabi_double_init
 .text.double_table_shim_on_use_helper
                0x0000000010004004       0x34 CMakeFiles/adc_dma_pico.dir/home/ubiedo/pico/pico-sdk/src/rp2_common/pico_double/double_v1_rom_shim.S.obj
                0x0000000010004004                double_table_shim_on_use_helper
 .text.__wrap___aeabi_dsub
                0x0000000010004038       0x10 CMakeFiles/adc_dma_pico.dir/home/ubiedo/pico/pico-sdk/src/rp2_common/pico_double/double_v1_rom_shim.S.obj
                0x0000000010004038                drsub_shim
                0x000000001000403e                dsub_shim
 .text.dadd_shim
                0x0000000010004048      0x15c CMakeFiles/adc_dma_pico.dir/home/ubiedo/pico/pico-sdk/src/rp2_common/pico_double/double_v1_rom_shim.S.obj
                0x0000000010004048                dadd_shim
 .text.dmul_shim
                0x00000000100041a4      0x15c CMakeFiles/adc_dma_pico.dir/home/ubiedo/pico/pico-sdk/src/rp2_common/pico_double/double_v1_rom_shim.S.obj
                0x00000000100041a4                dmul_shim
 .text.ddiv_shim
                0x0000000010004300      0x1b0 CMakeFiles/adc_dma_pico.dir/home/ubiedo/pico/pico-sdk/src/rp2_common/pico_double/double_v1_rom_shim.S.obj
                0x0000000010004300                ddiv_shim
 .text.double2uint_shim
                0x00000000100044b0        0xe CMakeFiles/adc_dma_pico.dir/home/ubiedo/pico/pico-sdk/src/rp2_common/pico_double/double_v1_rom_shim.S.obj
                0x00000000100044b0                double2uint_shim
                0x00000000100044b2                double2ufix_shim
 *fill*         0x00000000100044be        0x2 
 .text.double2uint64_shim
                0x00000000100044c0       0x70 CMakeFiles/adc_dma_pico.dir/home/ubiedo/pico/pico-sdk/src/rp2_common/pico_double/double_v1_rom_shim.S.obj
                0x00000000100044c0                double2uint64_shim
                0x00000000100044c2                double2ufix64_shim
                0x00000000100044e2                d2fix_a
 .text.dunpacks
                0x0000000010004530       0x3c CMakeFiles/adc_dma_pico.dir/home/ubiedo/pico/pico-sdk/src/rp2_common/pico_double/double_v1_rom_shim.S.obj
                0x0000000010004530                dunpacks
 .text.__aeabi_lmul
                0x000000001000456c       0x32 CMakeFiles/adc_dma_pico.dir/home/ubiedo/pico/pico-sdk/src/rp2_common/pico_int64_ops/pico_int64_ops_aeabi.S.obj
                0x000000001000456c                __wrap___aeabi_lmul
 *fill*         0x000000001000459e        0x2 
 .text.__aeabi_float_init
                0x00000000100045a0       0xfc CMakeFiles/adc_dma_pico.dir/home/ubiedo/pico/pico-sdk/src/rp2_common/pico_float/float_init_rom.c.obj
                0x00000000100045a0                __aeabi_float_init
 .text.float_table_shim_on_use_helper
                0x000000001000469c       0x34 CMakeFiles/adc_dma_pico.dir/home/ubiedo/pico/pico-sdk/src/rp2_common/pico_float/float_v1_rom_shim.S.obj
                0x000000001000469c                float_table_shim_on_use_helper
 .text          0x00000000100046d0       0x10 CMakeFiles/adc_dma_pico.dir/home/ubiedo/pico/pico-sdk/src/rp2_common/pico_mem_ops/mem_ops_aeabi.S.obj
                0x00000000100046d0                __aeabi_mem_init
 .text.memset   0x00000000100046e0        0xc CMakeFiles/adc_dma_pico.dir/home/ubiedo/pico/pico-sdk/src/rp2_common/pico_mem_ops/mem_ops_aeabi.S.obj
                0x00000000100046e0                __wrap_memset
 .text.memcpy   0x00000000100046ec        0xc CMakeFiles/adc_dma_pico.dir/home/ubiedo/pico/pico-sdk/src/rp2_common/pico_mem_ops/mem_ops_aeabi.S.obj
                0x00000000100046ec                __wrap___aeabi_memcpy
                0x00000000100046ec                __wrap_memcpy
 .text.stdio_out_chars_no_crlf
                0x00000000100046f8        0xe CMakeFiles/adc_dma_pico.dir/home/ubiedo/pico/pico-sdk/src/rp2_common/pico_stdio/stdio.c.obj
 *fill*         0x0000000010004706        0x2 
 .text.stdio_out_chars_crlf
                0x0000000010004708       0x80 CMakeFiles/adc_dma_pico.dir/home/ubiedo/pico/pico-sdk/src/rp2_common/pico_stdio/stdio.c.obj
 .text.stdio_stack_buffer_flush
                0x0000000010004788       0x44 CMakeFiles/adc_dma_pico.dir/home/ubiedo/pico/pico-sdk/src/rp2_common/pico_stdio/stdio.c.obj
 .text.stdio_buffered_printer
                0x00000000100047cc       0x20 CMakeFiles/adc_dma_pico.dir/home/ubiedo/pico/pico-sdk/src/rp2_common/pico_stdio/stdio.c.obj
 .text.stdout_serialize_begin
                0x00000000100047ec       0x5c CMakeFiles/adc_dma_pico.dir/home/ubiedo/pico/pico-sdk/src/rp2_common/pico_stdio/stdio.c.obj
                0x00000000100047ec                stdout_serialize_begin
 .text.stdout_serialize_end
                0x0000000010004848       0x10 CMakeFiles/adc_dma_pico.dir/home/ubiedo/pico/pico-sdk/src/rp2_common/pico_stdio/stdio.c.obj
                0x0000000010004848                stdout_serialize_end
 .text.stdio_put_string
                0x0000000010004858       0x98 CMakeFiles/adc_dma_pico.dir/home/ubiedo/pico/pico-sdk/src/rp2_common/pico_stdio/stdio.c.obj
 .text.stdio_set_driver_enabled
                0x00000000100048f0       0x2c CMakeFiles/adc_dma_pico.dir/home/ubiedo/pico/pico-sdk/src/rp2_common/pico_stdio/stdio.c.obj
                0x00000000100048f0                stdio_set_driver_enabled
 .text.stdio_flush
                0x000000001000491c       0x20 CMakeFiles/adc_dma_pico.dir/home/ubiedo/pico/pico-sdk/src/rp2_common/pico_stdio/stdio.c.obj
                0x000000001000491c                stdio_flush
 .text.__wrap_puts
                0x000000001000493c       0x1e CMakeFiles/adc_dma_pico.dir/home/ubiedo/pico/pico-sdk/src/rp2_common/pico_stdio/stdio.c.obj
                0x000000001000493c                __wrap_puts
 *fill*         0x000000001000495a        0x2 
 .text.__wrap_vprintf
                0x000000001000495c       0x40 CMakeFiles/adc_dma_pico.dir/home/ubiedo/pico/pico-sdk/src/rp2_common/pico_stdio/stdio.c.obj
                0x000000001000495c                __wrap_vprintf
 .text.__wrap_printf
                0x000000001000499c       0x18 CMakeFiles/adc_dma_pico.dir/home/ubiedo/pico/pico-sdk/src/rp2_common/pico_stdio/stdio.c.obj
                0x000000001000499c                __wrap_printf
 .text.stdio_init_all
                0x00000000100049b4        0x8 CMakeFiles/adc_dma_pico.dir/home/ubiedo/pico/pico-sdk/src/rp2_common/pico_stdio/stdio.c.obj
                0x00000000100049b4                stdio_init_all
 .text.resetd_init
                0x00000000100049bc        0x2 CMakeFiles/adc_dma_pico.dir/home/ubiedo/pico/pico-sdk/src/rp2_common/pico_stdio_usb/reset_interface.c.obj
 *fill*         0x00000000100049be        0x2 
 .text.resetd_reset
                0x00000000100049c0        0xc CMakeFiles/adc_dma_pico.dir/home/ubiedo/pico/pico-sdk/src/rp2_common/pico_stdio_usb/reset_interface.c.obj
 .text.resetd_open
                0x00000000100049cc       0x34 CMakeFiles/adc_dma_pico.dir/home/ubiedo/pico/pico-sdk/src/rp2_common/pico_stdio_usb/reset_interface.c.obj
 .text.resetd_xfer_cb
                0x0000000010004a00        0x4 CMakeFiles/adc_dma_pico.dir/home/ubiedo/pico/pico-sdk/src/rp2_common/pico_stdio_usb/reset_interface.c.obj
 .text.reset_usb_boot
                0x0000000010004a04       0x18 CMakeFiles/adc_dma_pico.dir/home/ubiedo/pico/pico-sdk/src/rp2_common/pico_stdio_usb/reset_interface.c.obj
 .text.resetd_control_xfer_cb
                0x0000000010004a1c       0x5c CMakeFiles/adc_dma_pico.dir/home/ubiedo/pico/pico-sdk/src/rp2_common/pico_stdio_usb/reset_interface.c.obj
 .text.usbd_app_driver_get_cb
                0x0000000010004a78        0xc CMakeFiles/adc_dma_pico.dir/home/ubiedo/pico/pico-sdk/src/rp2_common/pico_stdio_usb/reset_interface.c.obj
                0x0000000010004a78                usbd_app_driver_get_cb
 .text.tud_cdc_line_coding_cb
                0x0000000010004a84       0x28 CMakeFiles/adc_dma_pico.dir/home/ubiedo/pico/pico-sdk/src/rp2_common/pico_stdio_usb/reset_interface.c.obj
                0x0000000010004a84                tud_cdc_line_coding_cb
 .text.stdio_usb_set_chars_available_callback
                0x0000000010004aac       0x14 CMakeFiles/adc_dma_pico.dir/home/ubiedo/pico/pico-sdk/src/rp2_common/pico_stdio_usb/stdio_usb.c.obj
                0x0000000010004aac                stdio_usb_set_chars_available_callback
 .text.usb_irq  0x0000000010004ac0       0x10 CMakeFiles/adc_dma_pico.dir/home/ubiedo/pico/pico-sdk/src/rp2_common/pico_stdio_usb/stdio_usb.c.obj
 .text.timer_task
                0x0000000010004ad0       0x5c CMakeFiles/adc_dma_pico.dir/home/ubiedo/pico/pico-sdk/src/rp2_common/pico_stdio_usb/stdio_usb.c.obj
 .text.low_priority_worker_irq
                0x0000000010004b2c       0xdc CMakeFiles/adc_dma_pico.dir/home/ubiedo/pico/pico-sdk/src/rp2_common/pico_stdio_usb/stdio_usb.c.obj
 .text.tud_cdc_rx_cb
                0x0000000010004c08       0x20 CMakeFiles/adc_dma_pico.dir/home/ubiedo/pico/pico-sdk/src/rp2_common/pico_stdio_usb/stdio_usb.c.obj
                0x0000000010004c08                tud_cdc_rx_cb
 .text.stdio_usb_init
                0x0000000010004c28      0x11c CMakeFiles/adc_dma_pico.dir/home/ubiedo/pico/pico-sdk/src/rp2_common/pico_stdio_usb/stdio_usb.c.obj
                0x0000000010004c28                stdio_usb_init
 .text.stdio_usb_connected
                0x0000000010004d44        0xa CMakeFiles/adc_dma_pico.dir/home/ubiedo/pico/pico-sdk/src/rp2_common/pico_stdio_usb/stdio_usb.c.obj
                0x0000000010004d44                stdio_usb_connected
 *fill*         0x0000000010004d4e        0x2 
 .text.stdio_usb_in_chars
                0x0000000010004d50       0xc4 CMakeFiles/adc_dma_pico.dir/home/ubiedo/pico/pico-sdk/src/rp2_common/pico_stdio_usb/stdio_usb.c.obj
                0x0000000010004d50                stdio_usb_in_chars
 .text.stdio_usb_out_chars
                0x0000000010004e14      0x114 CMakeFiles/adc_dma_pico.dir/home/ubiedo/pico/pico-sdk/src/rp2_common/pico_stdio_usb/stdio_usb.c.obj
 .text.tud_descriptor_device_cb
                0x0000000010004f28        0x8 CMakeFiles/adc_dma_pico.dir/home/ubiedo/pico/pico-sdk/src/rp2_common/pico_stdio_usb/stdio_usb_descriptors.c.obj
                0x0000000010004f28                tud_descriptor_device_cb
 .text.tud_descriptor_configuration_cb
                0x0000000010004f30        0x8 CMakeFiles/adc_dma_pico.dir/home/ubiedo/pico/pico-sdk/src/rp2_common/pico_stdio_usb/stdio_usb_descriptors.c.obj
                0x0000000010004f30                tud_descriptor_configuration_cb
 .text.tud_descriptor_string_cb
                0x0000000010004f38       0x6c CMakeFiles/adc_dma_pico.dir/home/ubiedo/pico/pico-sdk/src/rp2_common/pico_stdio_usb/stdio_usb_descriptors.c.obj
                0x0000000010004f38                tud_descriptor_string_cb
 .text._retrieve_unique_id_on_boot
                0x0000000010004fa4       0x10 CMakeFiles/adc_dma_pico.dir/home/ubiedo/pico/pico-sdk/src/rp2_common/pico_unique_id/unique_id.c.obj
 .text.pico_get_unique_board_id_string
                0x0000000010004fb4       0x60 CMakeFiles/adc_dma_pico.dir/home/ubiedo/pico/pico-sdk/src/rp2_common/pico_unique_id/unique_id.c.obj
                0x0000000010004fb4                pico_get_unique_board_id_string
 .text.flash_get_unique_id
                0x0000000010005014       0x46 CMakeFiles/adc_dma_pico.dir/home/ubiedo/pico/pico-sdk/src/rp2_common/hardware_flash/flash.c.obj
                0x0000000010005014                flash_get_unique_id
 *fill*         0x000000001000505a        0x2 
 .text.hw_endpoint_get_by_addr
                0x000000001000505c       0x18 CMakeFiles/adc_dma_pico.dir/home/ubiedo/pico/pico-sdk/lib/tinyusb/src/portable/raspberrypi/rp2040/dcd_rp2040.c.obj
 .text._hw_endpoint_alloc
                0x0000000010005074       0x70 CMakeFiles/adc_dma_pico.dir/home/ubiedo/pico/pico-sdk/lib/tinyusb/src/portable/raspberrypi/rp2040/dcd_rp2040.c.obj
 .text.hw_endpoint_init
                0x00000000100050e4       0x88 CMakeFiles/adc_dma_pico.dir/home/ubiedo/pico/pico-sdk/lib/tinyusb/src/portable/raspberrypi/rp2040/dcd_rp2040.c.obj
 .text.hw_endpoint_xfer
                0x000000001000516c       0x14 CMakeFiles/adc_dma_pico.dir/home/ubiedo/pico/pico-sdk/lib/tinyusb/src/portable/raspberrypi/rp2040/dcd_rp2040.c.obj
 .text.dcd_int_enable
                0x0000000010005180       0x2c CMakeFiles/adc_dma_pico.dir/home/ubiedo/pico/pico-sdk/lib/tinyusb/src/portable/raspberrypi/rp2040/dcd_rp2040.c.obj
                0x0000000010005180                dcd_int_enable
 .text.dcd_set_address
                0x00000000100051ac       0x2c CMakeFiles/adc_dma_pico.dir/home/ubiedo/pico/pico-sdk/lib/tinyusb/src/portable/raspberrypi/rp2040/dcd_rp2040.c.obj
                0x00000000100051ac                dcd_set_address
 .text.dcd_connect
                0x00000000100051d8       0x10 CMakeFiles/adc_dma_pico.dir/home/ubiedo/pico/pico-sdk/lib/tinyusb/src/portable/raspberrypi/rp2040/dcd_rp2040.c.obj
                0x00000000100051d8                dcd_connect
 .text.dcd_init
                0x00000000100051e8       0x80 CMakeFiles/adc_dma_pico.dir/home/ubiedo/pico/pico-sdk/lib/tinyusb/src/portable/raspberrypi/rp2040/dcd_rp2040.c.obj
                0x00000000100051e8                dcd_init
 .text.dcd_edpt0_status_complete
                0x0000000010005268       0x1c CMakeFiles/adc_dma_pico.dir/home/ubiedo/pico/pico-sdk/lib/tinyusb/src/portable/raspberrypi/rp2040/dcd_rp2040.c.obj
                0x0000000010005268                dcd_edpt0_status_complete
 .text.dcd_edpt_open
                0x0000000010005284       0x40 CMakeFiles/adc_dma_pico.dir/home/ubiedo/pico/pico-sdk/lib/tinyusb/src/portable/raspberrypi/rp2040/dcd_rp2040.c.obj
                0x0000000010005284                dcd_edpt_open
 .text.dcd_edpt_close_all
                0x00000000100052c4        0x8 CMakeFiles/adc_dma_pico.dir/home/ubiedo/pico/pico-sdk/lib/tinyusb/src/portable/raspberrypi/rp2040/dcd_rp2040.c.obj
                0x00000000100052c4                dcd_edpt_close_all
 .text.dcd_edpt_xfer
                0x00000000100052cc       0x34 CMakeFiles/adc_dma_pico.dir/home/ubiedo/pico/pico-sdk/lib/tinyusb/src/portable/raspberrypi/rp2040/dcd_rp2040.c.obj
                0x00000000100052cc                dcd_edpt_xfer
 .text.dcd_edpt_stall
                0x0000000010005300       0x2c CMakeFiles/adc_dma_pico.dir/home/ubiedo/pico/pico-sdk/lib/tinyusb/src/portable/raspberrypi/rp2040/dcd_rp2040.c.obj
                0x0000000010005300                dcd_edpt_stall
 .text.dcd_edpt_clear_stall
                0x000000001000532c       0x20 CMakeFiles/adc_dma_pico.dir/home/ubiedo/pico/pico-sdk/lib/tinyusb/src/portable/raspberrypi/rp2040/dcd_rp2040.c.obj
                0x000000001000532c                dcd_edpt_clear_stall
 .text.rp2040_usb_init
                0x000000001000534c       0x4c CMakeFiles/adc_dma_pico.dir/home/ubiedo/pico/pico-sdk/lib/tinyusb/src/portable/raspberrypi/rp2040/rp2040_usb.c.obj
                0x000000001000534c                rp2040_usb_init
 .text.hw_endpoint_xfer_start
                0x0000000010005398       0x50 CMakeFiles/adc_dma_pico.dir/home/ubiedo/pico/pico-sdk/lib/tinyusb/src/portable/raspberrypi/rp2040/rp2040_usb.c.obj
                0x0000000010005398                hw_endpoint_xfer_start
 .text.configuration_reset
                0x00000000100053e8       0x84 CMakeFiles/adc_dma_pico.dir/home/ubiedo/pico/pico-sdk/lib/tinyusb/src/device/usbd.c.obj
 .text.usbd_reset
                0x000000001000546c        0xc CMakeFiles/adc_dma_pico.dir/home/ubiedo/pico/pico-sdk/lib/tinyusb/src/device/usbd.c.obj
 .text.invoke_class_control
                0x0000000010005478       0x1a CMakeFiles/adc_dma_pico.dir/home/ubiedo/pico/pico-sdk/lib/tinyusb/src/device/usbd.c.obj
 *fill*         0x0000000010005492        0x2 
 .text.process_set_config
                0x0000000010005494      0x178 CMakeFiles/adc_dma_pico.dir/home/ubiedo/pico/pico-sdk/lib/tinyusb/src/device/usbd.c.obj
 .text.process_get_descriptor
                0x000000001000560c       0xdc CMakeFiles/adc_dma_pico.dir/home/ubiedo/pico/pico-sdk/lib/tinyusb/src/device/usbd.c.obj
 .text.tud_mounted
                0x00000000100056e8       0x10 CMakeFiles/adc_dma_pico.dir/home/ubiedo/pico/pico-sdk/lib/tinyusb/src/device/usbd.c.obj
                0x00000000100056e8                tud_mounted
 .text.tud_suspended
                0x00000000100056f8       0x10 CMakeFiles/adc_dma_pico.dir/home/ubiedo/pico/pico-sdk/lib/tinyusb/src/device/usbd.c.obj
                0x00000000100056f8                tud_suspended
 .text.tud_inited
                0x0000000010005708       0x14 CMakeFiles/adc_dma_pico.dir/home/ubiedo/pico/pico-sdk/lib/tinyusb/src/device/usbd.c.obj
                0x0000000010005708                tud_inited
 .text.tud_init
                0x000000001000571c       0xcc CMakeFiles/adc_dma_pico.dir/home/ubiedo/pico/pico-sdk/lib/tinyusb/src/device/usbd.c.obj
                0x000000001000571c                tud_init
 .text.usbd_defer_func
                0x00000000100057e8       0x2a CMakeFiles/adc_dma_pico.dir/home/ubiedo/pico/pico-sdk/lib/tinyusb/src/device/usbd.c.obj
                0x00000000100057e8                usbd_defer_func
 *fill*         0x0000000010005812        0x2 
 .text.usbd_edpt_open
                0x0000000010005814       0x34 CMakeFiles/adc_dma_pico.dir/home/ubiedo/pico/pico-sdk/lib/tinyusb/src/device/usbd.c.obj
                0x0000000010005814                usbd_edpt_open
 .text.usbd_open_edpt_pair
                0x0000000010005848       0x62 CMakeFiles/adc_dma_pico.dir/home/ubiedo/pico/pico-sdk/lib/tinyusb/src/device/usbd.c.obj
                0x0000000010005848                usbd_open_edpt_pair
 *fill*         0x00000000100058aa        0x2 
 .text.usbd_edpt_claim
                0x00000000100058ac       0x28 CMakeFiles/adc_dma_pico.dir/home/ubiedo/pico/pico-sdk/lib/tinyusb/src/device/usbd.c.obj
                0x00000000100058ac                usbd_edpt_claim
 .text.usbd_edpt_release
                0x00000000100058d4       0x28 CMakeFiles/adc_dma_pico.dir/home/ubiedo/pico/pico-sdk/lib/tinyusb/src/device/usbd.c.obj
                0x00000000100058d4                usbd_edpt_release
 .text.usbd_edpt_xfer
                0x00000000100058fc       0x78 CMakeFiles/adc_dma_pico.dir/home/ubiedo/pico/pico-sdk/lib/tinyusb/src/device/usbd.c.obj
                0x00000000100058fc                usbd_edpt_xfer
 .text.usbd_edpt_stall
                0x0000000010005974       0x48 CMakeFiles/adc_dma_pico.dir/home/ubiedo/pico/pico-sdk/lib/tinyusb/src/device/usbd.c.obj
                0x0000000010005974                usbd_edpt_stall
 .text.usbd_edpt_clear_stall
                0x00000000100059bc       0x48 CMakeFiles/adc_dma_pico.dir/home/ubiedo/pico/pico-sdk/lib/tinyusb/src/device/usbd.c.obj
                0x00000000100059bc                usbd_edpt_clear_stall
 .text.usbd_edpt_stalled
                0x0000000010005a04       0x1c CMakeFiles/adc_dma_pico.dir/home/ubiedo/pico/pico-sdk/lib/tinyusb/src/device/usbd.c.obj
                0x0000000010005a04                usbd_edpt_stalled
 .text.process_control_request
                0x0000000010005a20      0x37c CMakeFiles/adc_dma_pico.dir/home/ubiedo/pico/pico-sdk/lib/tinyusb/src/device/usbd.c.obj
 .text.tud_task_ext
                0x0000000010005d9c      0x1b8 CMakeFiles/adc_dma_pico.dir/home/ubiedo/pico/pico-sdk/lib/tinyusb/src/device/usbd.c.obj
                0x0000000010005d9c                tud_task_ext
 .text._data_stage_xact
                0x0000000010005f54       0x58 CMakeFiles/adc_dma_pico.dir/home/ubiedo/pico/pico-sdk/lib/tinyusb/src/device/usbd_control.c.obj
 .text.tud_control_status
                0x0000000010005fac       0x38 CMakeFiles/adc_dma_pico.dir/home/ubiedo/pico/pico-sdk/lib/tinyusb/src/device/usbd_control.c.obj
                0x0000000010005fac                tud_control_status
 .text.tud_control_xfer
                0x0000000010005fe4       0x74 CMakeFiles/adc_dma_pico.dir/home/ubiedo/pico/pico-sdk/lib/tinyusb/src/device/usbd_control.c.obj
                0x0000000010005fe4                tud_control_xfer
 .text.usbd_control_reset
                0x0000000010006058       0x14 CMakeFiles/adc_dma_pico.dir/home/ubiedo/pico/pico-sdk/lib/tinyusb/src/device/usbd_control.c.obj
                0x0000000010006058                usbd_control_reset
 .text.usbd_control_set_complete_callback
                0x000000001000606c        0xc CMakeFiles/adc_dma_pico.dir/home/ubiedo/pico/pico-sdk/lib/tinyusb/src/device/usbd_control.c.obj
                0x000000001000606c                usbd_control_set_complete_callback
 .text.usbd_control_set_request
                0x0000000010006078       0x1c CMakeFiles/adc_dma_pico.dir/home/ubiedo/pico/pico-sdk/lib/tinyusb/src/device/usbd_control.c.obj
                0x0000000010006078                usbd_control_set_request
 .text.usbd_control_xfer_cb
                0x0000000010006094       0xcc CMakeFiles/adc_dma_pico.dir/home/ubiedo/pico/pico-sdk/lib/tinyusb/src/device/usbd_control.c.obj
                0x0000000010006094                usbd_control_xfer_cb
 .text._prep_out_transaction
                0x0000000010006160       0x4a CMakeFiles/adc_dma_pico.dir/home/ubiedo/pico/pico-sdk/lib/tinyusb/src/class/cdc/cdc_device.c.obj
 *fill*         0x00000000100061aa        0x2 
 .text.tud_cdc_n_connected
                0x00000000100061ac       0x44 CMakeFiles/adc_dma_pico.dir/home/ubiedo/pico/pico-sdk/lib/tinyusb/src/class/cdc/cdc_device.c.obj
                0x00000000100061ac                tud_cdc_n_connected
 .text.tud_cdc_n_available
                0x00000000100061f0       0x18 CMakeFiles/adc_dma_pico.dir/home/ubiedo/pico/pico-sdk/lib/tinyusb/src/class/cdc/cdc_device.c.obj
                0x00000000100061f0                tud_cdc_n_available
 .text.tud_cdc_n_read
                0x0000000010006208       0x28 CMakeFiles/adc_dma_pico.dir/home/ubiedo/pico/pico-sdk/lib/tinyusb/src/class/cdc/cdc_device.c.obj
                0x0000000010006208                tud_cdc_n_read
 .text.tud_cdc_n_write_flush
                0x0000000010006230       0xb8 CMakeFiles/adc_dma_pico.dir/home/ubiedo/pico/pico-sdk/lib/tinyusb/src/class/cdc/cdc_device.c.obj
                0x0000000010006230                tud_cdc_n_write_flush
 .text.tud_cdc_n_write
                0x00000000100062e8       0x38 CMakeFiles/adc_dma_pico.dir/home/ubiedo/pico/pico-sdk/lib/tinyusb/src/class/cdc/cdc_device.c.obj
                0x00000000100062e8                tud_cdc_n_write
 .text.tud_cdc_n_write_available
                0x0000000010006320       0x1c CMakeFiles/adc_dma_pico.dir/home/ubiedo/pico/pico-sdk/lib/tinyusb/src/class/cdc/cdc_device.c.obj
                0x0000000010006320                tud_cdc_n_write_available
 .text.cdcd_init
                0x000000001000633c       0xbc CMakeFiles/adc_dma_pico.dir/home/ubiedo/pico/pico-sdk/lib/tinyusb/src/class/cdc/cdc_device.c.obj
                0x000000001000633c                cdcd_init
 .text.cdcd_reset
                0x00000000100063f8       0x44 CMakeFiles/adc_dma_pico.dir/home/ubiedo/pico/pico-sdk/lib/tinyusb/src/class/cdc/cdc_device.c.obj
                0x00000000100063f8                cdcd_reset
 .text.cdcd_open
                0x000000001000643c       0xcc CMakeFiles/adc_dma_pico.dir/home/ubiedo/pico/pico-sdk/lib/tinyusb/src/class/cdc/cdc_device.c.obj
                0x000000001000643c                cdcd_open
 .text.cdcd_control_xfer_cb
                0x0000000010006508      0x134 CMakeFiles/adc_dma_pico.dir/home/ubiedo/pico/pico-sdk/lib/tinyusb/src/class/cdc/cdc_device.c.obj
                0x0000000010006508                cdcd_control_xfer_cb
 .text.cdcd_xfer_cb
                0x000000001000663c      0x130 CMakeFiles/adc_dma_pico.dir/home/ubiedo/pico/pico-sdk/lib/tinyusb/src/class/cdc/cdc_device.c.obj
                0x000000001000663c                cdcd_xfer_cb
 .text.tusb_init
                0x000000001000676c        0xa CMakeFiles/adc_dma_pico.dir/home/ubiedo/pico/pico-sdk/lib/tinyusb/src/tusb.c.obj
                0x000000001000676c                tusb_init
 .text.tusb_inited
                0x0000000010006776        0xe CMakeFiles/adc_dma_pico.dir/home/ubiedo/pico/pico-sdk/lib/tinyusb/src/tusb.c.obj
                0x0000000010006776                tusb_inited
 .text.tu_edpt_claim
                0x0000000010006784       0x50 CMakeFiles/adc_dma_pico.dir/home/ubiedo/pico/pico-sdk/lib/tinyusb/src/tusb.c.obj
                0x0000000010006784                tu_edpt_claim
 .text.tu_edpt_release
                0x00000000100067d4       0x3c CMakeFiles/adc_dma_pico.dir/home/ubiedo/pico/pico-sdk/lib/tinyusb/src/tusb.c.obj
                0x00000000100067d4                tu_edpt_release
 .text.tu_edpt_validate
                0x0000000010006810       0x78 CMakeFiles/adc_dma_pico.dir/home/ubiedo/pico/pico-sdk/lib/tinyusb/src/tusb.c.obj
                0x0000000010006810                tu_edpt_validate
 .text.tu_edpt_bind_driver
                0x0000000010006888       0x26 CMakeFiles/adc_dma_pico.dir/home/ubiedo/pico/pico-sdk/lib/tinyusb/src/tusb.c.obj
                0x0000000010006888                tu_edpt_bind_driver
 .text.advance_index
                0x00000000100068ae       0x1a CMakeFiles/adc_dma_pico.dir/home/ubiedo/pico/pico-sdk/lib/tinyusb/src/common/tusb_fifo.c.obj
 .text._tu_fifo_peek
                0x00000000100068c8       0x56 CMakeFiles/adc_dma_pico.dir/home/ubiedo/pico/pico-sdk/lib/tinyusb/src/common/tusb_fifo.c.obj
 .text._ff_pull_const_addr
                0x000000001000691e       0x4c CMakeFiles/adc_dma_pico.dir/home/ubiedo/pico/pico-sdk/lib/tinyusb/src/common/tusb_fifo.c.obj
 .text._ff_pull_n
                0x000000001000696a      0x110 CMakeFiles/adc_dma_pico.dir/home/ubiedo/pico/pico-sdk/lib/tinyusb/src/common/tusb_fifo.c.obj
 .text._tu_fifo_peek_n
                0x0000000010006a7a       0x6a CMakeFiles/adc_dma_pico.dir/home/ubiedo/pico/pico-sdk/lib/tinyusb/src/common/tusb_fifo.c.obj
 .text._tu_fifo_read_n
                0x0000000010006ae4       0x4e CMakeFiles/adc_dma_pico.dir/home/ubiedo/pico/pico-sdk/lib/tinyusb/src/common/tusb_fifo.c.obj
 .text._ff_push_const_addr
                0x0000000010006b32       0x40 CMakeFiles/adc_dma_pico.dir/home/ubiedo/pico/pico-sdk/lib/tinyusb/src/common/tusb_fifo.c.obj
 .text._ff_push_n
                0x0000000010006b72      0x10c CMakeFiles/adc_dma_pico.dir/home/ubiedo/pico/pico-sdk/lib/tinyusb/src/common/tusb_fifo.c.obj
 .text._tu_fifo_write_n
                0x0000000010006c7e       0xf0 CMakeFiles/adc_dma_pico.dir/home/ubiedo/pico/pico-sdk/lib/tinyusb/src/common/tusb_fifo.c.obj
 .text.tu_fifo_config
                0x0000000010006d6e       0x7c CMakeFiles/adc_dma_pico.dir/home/ubiedo/pico/pico-sdk/lib/tinyusb/src/common/tusb_fifo.c.obj
                0x0000000010006d6e                tu_fifo_config
 .text.tu_fifo_count
                0x0000000010006dea       0x2a CMakeFiles/adc_dma_pico.dir/home/ubiedo/pico/pico-sdk/lib/tinyusb/src/common/tusb_fifo.c.obj
                0x0000000010006dea                tu_fifo_count
 .text.tu_fifo_empty
                0x0000000010006e14       0x10 CMakeFiles/adc_dma_pico.dir/home/ubiedo/pico/pico-sdk/lib/tinyusb/src/common/tusb_fifo.c.obj
                0x0000000010006e14                tu_fifo_empty
 .text.tu_fifo_full
                0x0000000010006e24       0x28 CMakeFiles/adc_dma_pico.dir/home/ubiedo/pico/pico-sdk/lib/tinyusb/src/common/tusb_fifo.c.obj
                0x0000000010006e24                tu_fifo_full
 .text.tu_fifo_remaining
                0x0000000010006e4c       0x2c CMakeFiles/adc_dma_pico.dir/home/ubiedo/pico/pico-sdk/lib/tinyusb/src/common/tusb_fifo.c.obj
                0x0000000010006e4c                tu_fifo_remaining
 .text.tu_fifo_read
                0x0000000010006e78       0x42 CMakeFiles/adc_dma_pico.dir/home/ubiedo/pico/pico-sdk/lib/tinyusb/src/common/tusb_fifo.c.obj
                0x0000000010006e78                tu_fifo_read
 .text.tu_fifo_read_n
                0x0000000010006eba        0xa CMakeFiles/adc_dma_pico.dir/home/ubiedo/pico/pico-sdk/lib/tinyusb/src/common/tusb_fifo.c.obj
                0x0000000010006eba                tu_fifo_read_n
 .text.tu_fifo_write
                0x0000000010006ec4       0x64 CMakeFiles/adc_dma_pico.dir/home/ubiedo/pico/pico-sdk/lib/tinyusb/src/common/tusb_fifo.c.obj
                0x0000000010006ec4                tu_fifo_write
 .text.tu_fifo_write_n
                0x0000000010006f28        0xa CMakeFiles/adc_dma_pico.dir/home/ubiedo/pico/pico-sdk/lib/tinyusb/src/common/tusb_fifo.c.obj
                0x0000000010006f28                tu_fifo_write_n
 .text.tu_fifo_clear
                0x0000000010006f32       0x3e CMakeFiles/adc_dma_pico.dir/home/ubiedo/pico/pico-sdk/lib/tinyusb/src/common/tusb_fifo.c.obj
                0x0000000010006f32                tu_fifo_clear
 .text.tu_fifo_set_overwritable
                0x0000000010006f70       0x46 CMakeFiles/adc_dma_pico.dir/home/ubiedo/pico/pico-sdk/lib/tinyusb/src/common/tusb_fifo.c.obj
                0x0000000010006f70                tu_fifo_set_overwritable
 .text.core1_trampoline
                0x0000000010006fb6        0x2 CMakeFiles/adc_dma_pico.dir/home/ubiedo/pico/pico-sdk/src/rp2_common/pico_multicore/multicore.c.obj
 .text.core1_wrapper
                0x0000000010006fb8        0xc CMakeFiles/adc_dma_pico.dir/home/ubiedo/pico/pico-sdk/src/rp2_common/pico_multicore/multicore.c.obj
                0x0000000010006fb8                core1_wrapper
 .text.multicore_fifo_push_blocking
                0x0000000010006fc4       0x14 CMakeFiles/adc_dma_pico.dir/home/ubiedo/pico/pico-sdk/src/rp2_common/pico_multicore/multicore.c.obj
                0x0000000010006fc4                multicore_fifo_push_blocking
 .text.multicore_fifo_pop_blocking
                0x0000000010006fd8       0x16 CMakeFiles/adc_dma_pico.dir/home/ubiedo/pico/pico-sdk/src/rp2_common/pico_multicore/multicore.c.obj
                0x0000000010006fd8                multicore_fifo_pop_blocking
 .text.multicore_launch_core1_raw
                0x0000000010006fee       0x6e CMakeFiles/adc_dma_pico.dir/home/ubiedo/pico/pico-sdk/src/rp2_common/pico_multicore/multicore.c.obj
                0x0000000010006fee                multicore_launch_core1_raw
 .text.multicore_launch_core1_with_stack
                0x000000001000705c       0x50 CMakeFiles/adc_dma_pico.dir/home/ubiedo/pico/pico-sdk/src/rp2_common/pico_multicore/multicore.c.obj
                0x000000001000705c                multicore_launch_core1_with_stack
 .text.multicore_launch_core1
                0x00000000100070ac       0x24 CMakeFiles/adc_dma_pico.dir/home/ubiedo/pico/pico-sdk/src/rp2_common/pico_multicore/multicore.c.obj
                0x00000000100070ac                multicore_launch_core1
 .text.adc_init
                0x00000000100070d0       0x34 CMakeFiles/adc_dma_pico.dir/home/ubiedo/pico/pico-sdk/src/rp2_common/hardware_adc/adc.c.obj
                0x00000000100070d0                adc_init
 .text.dma_claim_unused_channel
                0x0000000010007104       0x20 CMakeFiles/adc_dma_pico.dir/home/ubiedo/pico/pico-sdk/src/rp2_common/hardware_dma/dma.c.obj
                0x0000000010007104                dma_claim_unused_channel
 .text          0x0000000010007124       0x5c /usr/lib/gcc/arm-none-eabi/10.3.1/../../../arm-none-eabi/lib/thumb/v6-m/nofp/libg.a(lib_a-strlen-stub.o)
                0x0000000010007124                strlen
 *(.fini)
 .fini          0x0000000010007180        0x4 /usr/lib/gcc/arm-none-eabi/10.3.1/thumb/v6-m/nofp/crti.o
                0x0000000010007180                _fini
 *fill*         0x0000000010007184        0x4 
 .fini.__stub   0x0000000010007188       0xe0 linker stubs
 *crtbegin.o(.ctors)
 *crtbegin?.o(.ctors)
 *(EXCLUDE_FILE(*crtend.o *crtend?.o) .ctors)
 *(SORT_BY_NAME(.ctors.*))
 *(.ctors)
 *crtbegin.o(.dtors)
 *crtbegin?.o(.dtors)
 *(EXCLUDE_FILE(*crtend.o *crtend?.o) .dtors)
 *(SORT_BY_NAME(.dtors.*))
 *(.dtors)
 *(.eh_frame*)
 .eh_frame      0x0000000010007268        0x0 /usr/lib/gcc/arm-none-eabi/10.3.1/thumb/v6-m/nofp/crtbegin.o
                0x0000000010007268                . = ALIGN (0x4)

.glue_7         0x0000000010007268        0x0
 .glue_7        0x0000000010007268        0x0 linker stubs

.glue_7t        0x0000000010007268        0x0
 .glue_7t       0x0000000010007268        0x0 linker stubs

.vfp11_veneer   0x0000000010007268        0x0
 .vfp11_veneer  0x0000000010007268        0x0 linker stubs

.v4_bx          0x0000000010007268        0x0
 .v4_bx         0x0000000010007268        0x0 linker stubs

.iplt           0x0000000010007268        0x0
 .iplt          0x0000000010007268        0x0 /usr/lib/gcc/arm-none-eabi/10.3.1/thumb/v6-m/nofp/crtbegin.o

.rodata         0x0000000010007268     0x1728
 *(EXCLUDE_FILE(*libm.a: *libc.a:*lib_a-mem*.o *libgcc.a:) .rodata*)
 .rodata.second_core_code.str1.4
                0x0000000010007268        0x6 CMakeFiles/adc_dma_pico.dir/adc_dma_pico.c.obj
 *fill*         0x000000001000726e        0x2 
 .rodata.main.str1.4
                0x0000000010007270       0xf3 CMakeFiles/adc_dma_pico.dir/adc_dma_pico.c.obj
 *fill*         0x0000000010007363        0x1 
 .rodata.__func__.3
                0x0000000010007364       0x1c CMakeFiles/adc_dma_pico.dir/adc_dma_pico.c.obj
 .rodata.spin_lock_claim_unused.str1.4
                0x0000000010007380       0x1b CMakeFiles/adc_dma_pico.dir/home/ubiedo/pico/pico-sdk/src/rp2_common/hardware_sync/sync.c.obj
 *fill*         0x000000001000739b        0x1 
 .rodata.make_branch.str1.4
                0x000000001000739c       0x6d CMakeFiles/adc_dma_pico.dir/home/ubiedo/pico/pico-sdk/src/rp2_common/hardware_irq/irq.c.obj
 *fill*         0x0000000010007409        0x3 
 .rodata.insert_branch_and_link.str1.4
                0x000000001000740c       0x10 CMakeFiles/adc_dma_pico.dir/home/ubiedo/pico/pico-sdk/src/rp2_common/hardware_irq/irq.c.obj
 .rodata.irq_set_exclusive_handler.str1.4
                0x000000001000741c       0x36 CMakeFiles/adc_dma_pico.dir/home/ubiedo/pico/pico-sdk/src/rp2_common/hardware_irq/irq.c.obj
 *fill*         0x0000000010007452        0x2 
 .rodata.irq_add_shared_handler.str1.4
                0x0000000010007454       0xd9 CMakeFiles/adc_dma_pico.dir/home/ubiedo/pico/pico-sdk/src/rp2_common/hardware_irq/irq.c.obj
 *fill*         0x000000001000752d        0x3 
 .rodata.irq_remove_handler.str1.4
                0x0000000010007530       0x3a CMakeFiles/adc_dma_pico.dir/home/ubiedo/pico/pico-sdk/src/rp2_common/hardware_irq/irq.c.obj
 *fill*         0x000000001000756a        0x2 
 .rodata.irq_add_tail_to_free_list.str1.4
                0x000000001000756c       0x3a CMakeFiles/adc_dma_pico.dir/home/ubiedo/pico/pico-sdk/src/rp2_common/hardware_irq/irq.c.obj
 *fill*         0x00000000100075a6        0x2 
 .rodata.user_irq_claim_unused.str1.4
                0x00000000100075a8       0x1b CMakeFiles/adc_dma_pico.dir/home/ubiedo/pico/pico-sdk/src/rp2_common/hardware_irq/irq.c.obj
 *fill*         0x00000000100075c3        0x1 
 .rodata.__func__.0
                0x00000000100075c4       0x1a CMakeFiles/adc_dma_pico.dir/home/ubiedo/pico/pico-sdk/src/rp2_common/hardware_irq/irq.c.obj
 *fill*         0x00000000100075de        0x2 
 .rodata.__func__.1
                0x00000000100075e0       0x17 CMakeFiles/adc_dma_pico.dir/home/ubiedo/pico/pico-sdk/src/rp2_common/hardware_irq/irq.c.obj
 *fill*         0x00000000100075f7        0x1 
 .rodata.__func__.2
                0x00000000100075f8       0x13 CMakeFiles/adc_dma_pico.dir/home/ubiedo/pico/pico-sdk/src/rp2_common/hardware_irq/irq.c.obj
 *fill*         0x000000001000760b        0x1 
 .rodata.__func__.3
                0x000000001000760c        0xc CMakeFiles/adc_dma_pico.dir/home/ubiedo/pico/pico-sdk/src/rp2_common/hardware_irq/irq.c.obj
 .rodata.__func__.4
                0x0000000010007618        0xf CMakeFiles/adc_dma_pico.dir/home/ubiedo/pico/pico-sdk/src/rp2_common/hardware_irq/irq.c.obj
 *fill*         0x0000000010007627        0x1 
 .rodata.__func__.5
                0x0000000010007628       0x17 CMakeFiles/adc_dma_pico.dir/home/ubiedo/pico/pico-sdk/src/rp2_common/hardware_irq/irq.c.obj
 *fill*         0x000000001000763f        0x1 
 .rodata.__func__.6
                0x0000000010007640       0x1a CMakeFiles/adc_dma_pico.dir/home/ubiedo/pico/pico-sdk/src/rp2_common/hardware_irq/irq.c.obj
 *fill*         0x000000001000765a        0x2 
 .rodata.str1.4
                0x000000001000765c       0xed CMakeFiles/adc_dma_pico.dir/home/ubiedo/pico/pico-sdk/src/common/pico_sync/mutex.c.obj
 *fill*         0x0000000010007749        0x3 
 .rodata.__func__.1
                0x000000001000774c        0xb CMakeFiles/adc_dma_pico.dir/home/ubiedo/pico/pico-sdk/src/common/pico_sync/mutex.c.obj
 *fill*         0x0000000010007757        0x1 
 .rodata.__func__.3
                0x0000000010007758       0x18 CMakeFiles/adc_dma_pico.dir/home/ubiedo/pico/pico-sdk/src/common/pico_sync/mutex.c.obj
 .rodata.__func__.4
                0x0000000010007770       0x15 CMakeFiles/adc_dma_pico.dir/home/ubiedo/pico/pico-sdk/src/common/pico_sync/mutex.c.obj
 *fill*         0x0000000010007785        0x3 
 .rodata.repeating_timer_callback.str1.4
                0x0000000010007788       0x4b CMakeFiles/adc_dma_pico.dir/home/ubiedo/pico/pico-sdk/src/common/pico_time/time.c.obj
 *fill*         0x00000000100077d3        0x1 
 .rodata.timer_pool_entry_comparator.str1.4
                0x00000000100077d4       0x22 CMakeFiles/adc_dma_pico.dir/home/ubiedo/pico/pico-sdk/src/common/pico_time/time.c.obj
 *fill*         0x00000000100077f6        0x2 
 .rodata.ph_add_child_node.str1.4
                0x00000000100077f8       0x96 CMakeFiles/adc_dma_pico.dir/home/ubiedo/pico/pico-sdk/src/common/pico_time/time.c.obj
 *fill*         0x000000001000788e        0x2 
 .rodata.add_alarm_under_lock.str1.4
                0x0000000010007890       0x28 CMakeFiles/adc_dma_pico.dir/home/ubiedo/pico/pico-sdk/src/common/pico_time/time.c.obj
                                         0x2b (size before relaxing)
 .rodata.alarm_pool_alarm_callback.str1.4
                0x00000000100078b8       0x98 CMakeFiles/adc_dma_pico.dir/home/ubiedo/pico/pico-sdk/src/common/pico_time/time.c.obj
                                         0xfc (size before relaxing)
 .rodata.alarm_pool_get_default.str1.4
                0x0000000010007950       0x21 CMakeFiles/adc_dma_pico.dir/home/ubiedo/pico/pico-sdk/src/common/pico_time/time.c.obj
 *fill*         0x0000000010007971        0x3 
 .rodata.alarm_pool_cancel_alarm.str1.4
                0x0000000010007974       0x27 CMakeFiles/adc_dma_pico.dir/home/ubiedo/pico/pico-sdk/src/common/pico_time/time.c.obj
 *fill*         0x000000001000799b        0x1 
 .rodata.sleep_until.str1.4
                0x000000001000799c       0x4d CMakeFiles/adc_dma_pico.dir/home/ubiedo/pico/pico-sdk/src/common/pico_time/time.c.obj
 *fill*         0x00000000100079e9        0x3 
 .rodata.__func__.1
                0x00000000100079ec       0x18 CMakeFiles/adc_dma_pico.dir/home/ubiedo/pico/pico-sdk/src/common/pico_time/time.c.obj
 .rodata.__func__.10
                0x0000000010007a04       0x15 CMakeFiles/adc_dma_pico.dir/home/ubiedo/pico/pico-sdk/src/common/pico_time/time.c.obj
 *fill*         0x0000000010007a19        0x3 
 .rodata.__func__.11
                0x0000000010007a1c       0x1a CMakeFiles/adc_dma_pico.dir/home/ubiedo/pico/pico-sdk/src/common/pico_time/time.c.obj
 *fill*         0x0000000010007a36        0x2 
 .rodata.__func__.12
                0x0000000010007a38        0xa CMakeFiles/adc_dma_pico.dir/home/ubiedo/pico/pico-sdk/src/common/pico_time/time.c.obj
 *fill*         0x0000000010007a42        0x2 
 .rodata.__func__.3
                0x0000000010007a44       0x17 CMakeFiles/adc_dma_pico.dir/home/ubiedo/pico/pico-sdk/src/common/pico_time/time.c.obj
 *fill*         0x0000000010007a5b        0x1 
 .rodata.__func__.4
                0x0000000010007a5c       0x12 CMakeFiles/adc_dma_pico.dir/home/ubiedo/pico/pico-sdk/src/common/pico_time/time.c.obj
 *fill*         0x0000000010007a6e        0x2 
 .rodata.__func__.5
                0x0000000010007a70        0xd CMakeFiles/adc_dma_pico.dir/home/ubiedo/pico/pico-sdk/src/common/pico_time/time.c.obj
 *fill*         0x0000000010007a7d        0x3 
 .rodata.__func__.6
                0x0000000010007a80       0x12 CMakeFiles/adc_dma_pico.dir/home/ubiedo/pico/pico-sdk/src/common/pico_time/time.c.obj
 *fill*         0x0000000010007a92        0x2 
 .rodata.__func__.7
                0x0000000010007a94        0xf CMakeFiles/adc_dma_pico.dir/home/ubiedo/pico/pico-sdk/src/common/pico_time/time.c.obj
 *fill*         0x0000000010007aa3        0x1 
 .rodata.__func__.8
                0x0000000010007aa4        0xc CMakeFiles/adc_dma_pico.dir/home/ubiedo/pico/pico-sdk/src/common/pico_time/time.c.obj
 .rodata.__func__.9
                0x0000000010007ab0       0x15 CMakeFiles/adc_dma_pico.dir/home/ubiedo/pico/pico-sdk/src/common/pico_time/time.c.obj
 *fill*         0x0000000010007ac5        0x3 
 .rodata.hardware_alarm_claim.str1.4
                0x0000000010007ac8       0x22 CMakeFiles/adc_dma_pico.dir/home/ubiedo/pico/pico-sdk/src/rp2_common/hardware_timer/timer.c.obj
 *fill*         0x0000000010007aea        0x2 
 .rodata.hardware_alarm_set_target.str1.4
                0x0000000010007aec       0x65 CMakeFiles/adc_dma_pico.dir/home/ubiedo/pico/pico-sdk/src/rp2_common/hardware_timer/timer.c.obj
 *fill*         0x0000000010007b51        0x3 
 .rodata.__func__.0
                0x0000000010007b54       0x1a CMakeFiles/adc_dma_pico.dir/home/ubiedo/pico/pico-sdk/src/rp2_common/hardware_timer/timer.c.obj
 .rodata.ph_add_child_node.str1.4
                0x0000000010007b6e       0x96 CMakeFiles/adc_dma_pico.dir/home/ubiedo/pico/pico-sdk/src/common/pico_util/pheap.c.obj
 *fill*         0x0000000010007b6e        0x2 
 .rodata.ph_remove_any_head.str1.4
                0x0000000010007b70       0x8c CMakeFiles/adc_dma_pico.dir/home/ubiedo/pico/pico-sdk/src/common/pico_util/pheap.c.obj
                                         0xa0 (size before relaxing)
 .rodata.ph_remove_and_free_node.str1.4
                0x0000000010007bfc       0x1e CMakeFiles/adc_dma_pico.dir/home/ubiedo/pico/pico-sdk/src/common/pico_util/pheap.c.obj
                                         0x26 (size before relaxing)
 *fill*         0x0000000010007c1a        0x2 
 .rodata.__func__.0
                0x0000000010007c1c       0x18 CMakeFiles/adc_dma_pico.dir/home/ubiedo/pico/pico-sdk/src/common/pico_util/pheap.c.obj
 .rodata.__func__.1
                0x0000000010007c34       0x13 CMakeFiles/adc_dma_pico.dir/home/ubiedo/pico/pico-sdk/src/common/pico_util/pheap.c.obj
 *fill*         0x0000000010007c47        0x1 
 .rodata.__func__.2
                0x0000000010007c48       0x12 CMakeFiles/adc_dma_pico.dir/home/ubiedo/pico/pico-sdk/src/common/pico_util/pheap.c.obj
 *fill*         0x0000000010007c5a        0x2 
 .rodata.__func__.3
                0x0000000010007c5c        0xc CMakeFiles/adc_dma_pico.dir/home/ubiedo/pico/pico-sdk/src/common/pico_util/pheap.c.obj
 .rodata.clock_configure.str1.4
                0x0000000010007c68       0x57 CMakeFiles/adc_dma_pico.dir/home/ubiedo/pico/pico-sdk/src/rp2_common/hardware_clocks/clocks.c.obj
 *fill*         0x0000000010007cbf        0x1 
 .rodata.__func__.1
                0x0000000010007cc0       0x10 CMakeFiles/adc_dma_pico.dir/home/ubiedo/pico/pico-sdk/src/rp2_common/hardware_clocks/clocks.c.obj
 .rodata.pll_init.str1.4
                0x0000000010007cd0      0x124 CMakeFiles/adc_dma_pico.dir/home/ubiedo/pico/pico-sdk/src/rp2_common/hardware_pll/pll.c.obj
 .rodata.__func__.0
                0x0000000010007df4        0x9 CMakeFiles/adc_dma_pico.dir/home/ubiedo/pico/pico-sdk/src/rp2_common/hardware_pll/pll.c.obj
 *fill*         0x0000000010007dfd        0x3 
 .rodata.__assert_func.str1.4
                0x0000000010007e00       0x3f CMakeFiles/adc_dma_pico.dir/home/ubiedo/pico/pico-sdk/src/rp2_common/pico_runtime/runtime.c.obj
                                         0x43 (size before relaxing)
 *fill*         0x0000000010007e3f        0x1 
 .rodata.runtime_init.str1.4
                0x0000000010007e40       0x61 CMakeFiles/adc_dma_pico.dir/home/ubiedo/pico/pico-sdk/src/rp2_common/pico_runtime/runtime.c.obj
 *fill*         0x0000000010007ea1        0x3 
 .rodata.panic.str1.4
                0x0000000010007ea4       0x10 CMakeFiles/adc_dma_pico.dir/home/ubiedo/pico/pico-sdk/src/rp2_common/pico_runtime/runtime.c.obj
                                         0x12 (size before relaxing)
 .rodata.__func__.2
                0x0000000010007eb4        0xd CMakeFiles/adc_dma_pico.dir/home/ubiedo/pico/pico-sdk/src/rp2_common/pico_runtime/runtime.c.obj
 *fill*         0x0000000010007ec1        0x3 
 .rodata._ftoa.str1.4
                0x0000000010007ec4       0x15 CMakeFiles/adc_dma_pico.dir/home/ubiedo/pico/pico-sdk/src/rp2_common/pico_printf/printf.c.obj
 *fill*         0x0000000010007ed9        0x3 
 .rodata._vsnprintf
                0x0000000010007edc      0x1e0 CMakeFiles/adc_dma_pico.dir/home/ubiedo/pico/pico-sdk/src/rp2_common/pico_printf/printf.c.obj
 *fill*         0x00000000100080bc        0x4 
 .rodata.pow10.0
                0x00000000100080c0       0x50 CMakeFiles/adc_dma_pico.dir/home/ubiedo/pico/pico-sdk/src/rp2_common/pico_printf/printf.c.obj
 .rodata.__aeabi_double_init.str1.4
                0x0000000010008110       0x9c CMakeFiles/adc_dma_pico.dir/home/ubiedo/pico/pico-sdk/src/rp2_common/pico_double/double_init_rom.c.obj
 .rodata.__func__.0
                0x00000000100081ac       0x14 CMakeFiles/adc_dma_pico.dir/home/ubiedo/pico/pico-sdk/src/rp2_common/pico_double/double_init_rom.c.obj
 .rodata.__aeabi_float_init.str1.4
                0x00000000100081c0       0x7a CMakeFiles/adc_dma_pico.dir/home/ubiedo/pico/pico-sdk/src/rp2_common/pico_float/float_init_rom.c.obj
                                         0x7e (size before relaxing)
 *fill*         0x000000001000823a        0x2 
 .rodata.__func__.0
                0x000000001000823c       0x13 CMakeFiles/adc_dma_pico.dir/home/ubiedo/pico/pico-sdk/src/rp2_common/pico_float/float_init_rom.c.obj
 *fill*         0x000000001000824f        0x1 
 .rodata.str1.4
                0x0000000010008250       0x3c CMakeFiles/adc_dma_pico.dir/home/ubiedo/pico/pico-sdk/src/rp2_common/pico_standard_link/binary_info.c.obj
                                         0x44 (size before relaxing)
 .rodata.__bi_44
                0x000000001000828c        0xc CMakeFiles/adc_dma_pico.dir/home/ubiedo/pico/pico-sdk/src/rp2_common/pico_standard_link/binary_info.c.obj
 .rodata.__bi_75
                0x0000000010008298        0xc CMakeFiles/adc_dma_pico.dir/home/ubiedo/pico/pico-sdk/src/rp2_common/pico_standard_link/binary_info.c.obj
 .rodata.__bi_81
                0x00000000100082a4        0xc CMakeFiles/adc_dma_pico.dir/home/ubiedo/pico/pico-sdk/src/rp2_common/pico_standard_link/binary_info.c.obj
 .rodata.stdout_serialize_begin.str1.4
                0x00000000100082b0       0x61 CMakeFiles/adc_dma_pico.dir/home/ubiedo/pico/pico-sdk/src/rp2_common/pico_stdio/stdio.c.obj
 .rodata.__func__.3
                0x00000000100082b0       0x15 CMakeFiles/adc_dma_pico.dir/home/ubiedo/pico/pico-sdk/src/rp2_common/pico_stdio/stdio.c.obj
 *fill*         0x00000000100082c5        0x3 
 .rodata.crlf_str.2
                0x00000000100082c8        0x2 CMakeFiles/adc_dma_pico.dir/home/ubiedo/pico/pico-sdk/src/rp2_common/pico_stdio/stdio.c.obj
 *fill*         0x00000000100082ca        0x2 
 .rodata._resetd_driver
                0x00000000100082cc       0x18 CMakeFiles/adc_dma_pico.dir/home/ubiedo/pico/pico-sdk/src/rp2_common/pico_stdio_usb/reset_interface.c.obj
 .rodata.low_priority_worker_irq.str1.4
                0x00000000100082e4       0x61 CMakeFiles/adc_dma_pico.dir/home/ubiedo/pico/pico-sdk/src/rp2_common/pico_stdio_usb/stdio_usb.c.obj
 .rodata.stdio_usb_init.str1.4
                0x00000000100082e4       0x45 CMakeFiles/adc_dma_pico.dir/home/ubiedo/pico/pico-sdk/src/rp2_common/pico_stdio_usb/stdio_usb.c.obj
                                         0x4d (size before relaxing)
 *fill*         0x0000000010008329        0x3 
 .rodata.str1.4
                0x000000001000832c       0x13 CMakeFiles/adc_dma_pico.dir/home/ubiedo/pico/pico-sdk/src/rp2_common/pico_stdio_usb/stdio_usb.c.obj
 *fill*         0x000000001000833f        0x1 
 .rodata.__bi_182.0
                0x0000000010008340        0xc CMakeFiles/adc_dma_pico.dir/home/ubiedo/pico/pico-sdk/src/rp2_common/pico_stdio_usb/stdio_usb.c.obj
 .rodata.__func__.1
                0x000000001000834c        0xf CMakeFiles/adc_dma_pico.dir/home/ubiedo/pico/pico-sdk/src/rp2_common/pico_stdio_usb/stdio_usb.c.obj
 *fill*         0x000000001000835b        0x1 
 .rodata.__func__.3
                0x000000001000835c       0x15 CMakeFiles/adc_dma_pico.dir/home/ubiedo/pico/pico-sdk/src/rp2_common/pico_stdio_usb/stdio_usb.c.obj
 *fill*         0x0000000010008371        0x3 
 .rodata.str1.4
                0x0000000010008374       0x2a CMakeFiles/adc_dma_pico.dir/home/ubiedo/pico/pico-sdk/src/rp2_common/pico_stdio_usb/stdio_usb_descriptors.c.obj
 *fill*         0x000000001000839e        0x2 
 .rodata.usbd_desc_cfg
                0x00000000100083a0       0x54 CMakeFiles/adc_dma_pico.dir/home/ubiedo/pico/pico-sdk/src/rp2_common/pico_stdio_usb/stdio_usb_descriptors.c.obj
 .rodata.usbd_desc_device
                0x00000000100083f4       0x12 CMakeFiles/adc_dma_pico.dir/home/ubiedo/pico/pico-sdk/src/rp2_common/pico_stdio_usb/stdio_usb_descriptors.c.obj
 *fill*         0x0000000010008406        0x2 
 .rodata.usbd_desc_str
                0x0000000010008408       0x18 CMakeFiles/adc_dma_pico.dir/home/ubiedo/pico/pico-sdk/src/rp2_common/pico_stdio_usb/stdio_usb_descriptors.c.obj
 .rodata.pico_get_unique_board_id_string.str1.4
                0x0000000010008420       0x4d CMakeFiles/adc_dma_pico.dir/home/ubiedo/pico/pico-sdk/src/rp2_common/pico_unique_id/unique_id.c.obj
 *fill*         0x000000001000846d        0x3 
 .rodata.__func__.0
                0x0000000010008470       0x20 CMakeFiles/adc_dma_pico.dir/home/ubiedo/pico/pico-sdk/src/rp2_common/pico_unique_id/unique_id.c.obj
 .rodata.str1.4
                0x0000000010008490      0x15a CMakeFiles/adc_dma_pico.dir/home/ubiedo/pico/pico-sdk/src/rp2_common/hardware_flash/flash.c.obj
 *fill*         0x00000000100085ea        0x2 
 .rodata.__func__.0
                0x00000000100085ec        0xd CMakeFiles/adc_dma_pico.dir/home/ubiedo/pico/pico-sdk/src/rp2_common/hardware_flash/flash.c.obj
 *fill*         0x00000000100085f9        0x3 
 .rodata._hw_endpoint_alloc.str1.4
                0x00000000100085fc       0xb5 CMakeFiles/adc_dma_pico.dir/home/ubiedo/pico/pico-sdk/lib/tinyusb/src/portable/raspberrypi/rp2040/dcd_rp2040.c.obj
 *fill*         0x00000000100086b1        0x3 
 .rodata.str1.4
                0x00000000100086b4       0x14 CMakeFiles/adc_dma_pico.dir/home/ubiedo/pico/pico-sdk/lib/tinyusb/src/portable/raspberrypi/rp2040/dcd_rp2040.c.obj
 .rodata.dcd_int_enable.str1.4
                0x00000000100086c8        0xc CMakeFiles/adc_dma_pico.dir/home/ubiedo/pico/pico-sdk/lib/tinyusb/src/portable/raspberrypi/rp2040/dcd_rp2040.c.obj
 .rodata.__func__.0
                0x00000000100086d4        0xe CMakeFiles/adc_dma_pico.dir/home/ubiedo/pico/pico-sdk/lib/tinyusb/src/portable/raspberrypi/rp2040/dcd_rp2040.c.obj
 *fill*         0x00000000100086e2        0x2 
 .rodata.__func__.1
                0x00000000100086e4        0xe CMakeFiles/adc_dma_pico.dir/home/ubiedo/pico/pico-sdk/lib/tinyusb/src/portable/raspberrypi/rp2040/dcd_rp2040.c.obj
 *fill*         0x00000000100086f2        0x2 
 .rodata.__func__.3
                0x00000000100086f4       0x10 CMakeFiles/adc_dma_pico.dir/home/ubiedo/pico/pico-sdk/lib/tinyusb/src/portable/raspberrypi/rp2040/dcd_rp2040.c.obj
 .rodata.__func__.5
                0x0000000010008704        0xf CMakeFiles/adc_dma_pico.dir/home/ubiedo/pico/pico-sdk/lib/tinyusb/src/portable/raspberrypi/rp2040/dcd_rp2040.c.obj
 *fill*         0x0000000010008713        0x1 
 .rodata.__func__.6
                0x0000000010008714       0x13 CMakeFiles/adc_dma_pico.dir/home/ubiedo/pico/pico-sdk/lib/tinyusb/src/portable/raspberrypi/rp2040/dcd_rp2040.c.obj
 *fill*         0x0000000010008727        0x1 
 .rodata.__func__.7
                0x0000000010008728        0x9 CMakeFiles/adc_dma_pico.dir/home/ubiedo/pico/pico-sdk/lib/tinyusb/src/portable/raspberrypi/rp2040/dcd_rp2040.c.obj
 *fill*         0x0000000010008731        0x3 
 .rodata.str1.4
                0x0000000010008734       0xe7 CMakeFiles/adc_dma_pico.dir/home/ubiedo/pico/pico-sdk/lib/tinyusb/src/portable/raspberrypi/rp2040/rp2040_usb.c.obj
 *fill*         0x000000001000881b        0x1 
 .rodata.__func__.0
                0x000000001000881c        0xf CMakeFiles/adc_dma_pico.dir/home/ubiedo/pico/pico-sdk/lib/tinyusb/src/portable/raspberrypi/rp2040/rp2040_usb.c.obj
 *fill*         0x000000001000882b        0x1 
 .rodata.process_get_descriptor
                0x000000001000882c       0x40 CMakeFiles/adc_dma_pico.dir/home/ubiedo/pico/pico-sdk/lib/tinyusb/src/device/usbd.c.obj
 .rodata.process_control_request
                0x000000001000886c       0x28 CMakeFiles/adc_dma_pico.dir/home/ubiedo/pico/pico-sdk/lib/tinyusb/src/device/usbd.c.obj
 .rodata.tud_task_ext
                0x0000000010008894       0x24 CMakeFiles/adc_dma_pico.dir/home/ubiedo/pico/pico-sdk/lib/tinyusb/src/device/usbd.c.obj
 .rodata._usbd_driver
                0x00000000100088b8       0x18 CMakeFiles/adc_dma_pico.dir/home/ubiedo/pico/pico-sdk/lib/tinyusb/src/device/usbd.c.obj
 .rodata.multicore_lockout_start_block_until.str1.4
                0x00000000100088d0       0x5d CMakeFiles/adc_dma_pico.dir/home/ubiedo/pico/pico-sdk/src/rp2_common/pico_multicore/multicore.c.obj
 *fill*         0x000000001000892d        0x3 
 .rodata.multicore_launch_core1_with_stack.str1.4
                0x0000000010008930       0x19 CMakeFiles/adc_dma_pico.dir/home/ubiedo/pico/pico-sdk/src/rp2_common/pico_multicore/multicore.c.obj
 *fill*         0x0000000010008949        0x3 
 .rodata.__func__.2
                0x000000001000894c       0x22 CMakeFiles/adc_dma_pico.dir/home/ubiedo/pico/pico-sdk/src/rp2_common/pico_multicore/multicore.c.obj
 *fill*         0x000000001000896e        0x2 
 .rodata.dma_claim_unused_channel.str1.4
                0x0000000010008970       0x1e CMakeFiles/adc_dma_pico.dir/home/ubiedo/pico/pico-sdk/src/rp2_common/hardware_dma/dma.c.obj
                0x0000000010008990                . = ALIGN (0x4)
 *fill*         0x000000001000898e        0x2 
 *(SORT_BY_ALIGNMENT(SORT_BY_NAME(.flashdata*)))
                0x0000000010008990                . = ALIGN (0x4)

.ARM.extab
 *(.ARM.extab* .gnu.linkonce.armextab.*)
                0x0000000010008990                __exidx_start = .

.ARM.exidx
 *(.ARM.exidx* .gnu.linkonce.armexidx.*)
                0x0000000010008990                __exidx_end = .
                0x0000000010008990                . = ALIGN (0x4)
                0x0000000010008990                __binary_info_start = .

.binary_info    0x0000000010008990       0x20
 *(.binary_info.keep.*)
 .binary_info.keep.__bi_ptr22
                0x0000000010008990        0x4 CMakeFiles/adc_dma_pico.dir/home/ubiedo/pico/pico-sdk/src/rp2_common/pico_standard_link/binary_info.c.obj
 .binary_info.keep.__bi_ptr30
                0x0000000010008994        0x4 CMakeFiles/adc_dma_pico.dir/home/ubiedo/pico/pico-sdk/src/rp2_common/pico_standard_link/binary_info.c.obj
 .binary_info.keep.__bi_ptr38
                0x0000000010008998        0x4 CMakeFiles/adc_dma_pico.dir/home/ubiedo/pico/pico-sdk/src/rp2_common/pico_standard_link/binary_info.c.obj
 .binary_info.keep.__bi_ptr44
                0x000000001000899c        0x4 CMakeFiles/adc_dma_pico.dir/home/ubiedo/pico/pico-sdk/src/rp2_common/pico_standard_link/binary_info.c.obj
 .binary_info.keep.__bi_ptr50
                0x00000000100089a0        0x4 CMakeFiles/adc_dma_pico.dir/home/ubiedo/pico/pico-sdk/src/rp2_common/pico_standard_link/binary_info.c.obj
 .binary_info.keep.__bi_ptr75
                0x00000000100089a4        0x4 CMakeFiles/adc_dma_pico.dir/home/ubiedo/pico/pico-sdk/src/rp2_common/pico_standard_link/binary_info.c.obj
 .binary_info.keep.__bi_ptr81
                0x00000000100089a8        0x4 CMakeFiles/adc_dma_pico.dir/home/ubiedo/pico/pico-sdk/src/rp2_common/pico_standard_link/binary_info.c.obj
 *(.binary_info.*)
 .binary_info.__bi_ptr182
                0x00000000100089ac        0x4 CMakeFiles/adc_dma_pico.dir/home/ubiedo/pico/pico-sdk/src/rp2_common/pico_stdio_usb/stdio_usb.c.obj
                0x00000000100089b0                __binary_info_end = .

.rel.dyn        0x00000000100089b0        0x0
 .rel.iplt      0x00000000100089b0        0x0 /usr/lib/gcc/arm-none-eabi/10.3.1/thumb/v6-m/nofp/crtbegin.o
                0x00000000100089b0                . = ALIGN (0x4)

.ram_vector_table
                0x0000000020000000       0xc0
 *(.ram_vector_table)
 .ram_vector_table
                0x0000000020000000       0xc0 CMakeFiles/adc_dma_pico.dir/home/ubiedo/pico/pico-sdk/src/rp2_common/pico_runtime/runtime.c.obj
                0x0000000020000000                ram_vector_table

.data           0x00000000200000c0      0xbf8 load address 0x00000000100089b0
                0x00000000200000c0                __data_start__ = .
 *(vtable)
 *(.time_critical*)
 .time_critical.mutex_try_enter
                0x00000000200000c0       0x46 CMakeFiles/adc_dma_pico.dir/home/ubiedo/pico/pico-sdk/src/common/pico_sync/mutex.c.obj
                0x00000000200000c0                mutex_try_enter
 *fill*         0x0000000020000106        0x2 
 .time_critical.mutex_enter_block_until
                0x0000000020000108       0x8c CMakeFiles/adc_dma_pico.dir/home/ubiedo/pico/pico-sdk/src/common/pico_sync/mutex.c.obj
                0x0000000020000108                mutex_enter_block_until
 .time_critical.mutex_try_enter_block_until
                0x0000000020000194       0x34 CMakeFiles/adc_dma_pico.dir/home/ubiedo/pico/pico-sdk/src/common/pico_sync/mutex.c.obj
                0x0000000020000194                mutex_try_enter_block_until
 .time_critical.mutex_enter_timeout_ms
                0x00000000200001c8       0x68 CMakeFiles/adc_dma_pico.dir/home/ubiedo/pico/pico-sdk/src/common/pico_sync/mutex.c.obj
                0x00000000200001c8                mutex_enter_timeout_ms
 .time_critical.mutex_exit
                0x0000000020000230       0x4c CMakeFiles/adc_dma_pico.dir/home/ubiedo/pico/pico-sdk/src/common/pico_sync/mutex.c.obj
                0x0000000020000230                mutex_exit
 .time_critical.flash_init_boot2_copyout
                0x000000002000027c       0x30 CMakeFiles/adc_dma_pico.dir/home/ubiedo/pico/pico-sdk/src/rp2_common/hardware_flash/flash.c.obj
 .time_critical.flash_enable_xip_via_boot2
                0x00000000200002ac       0x10 CMakeFiles/adc_dma_pico.dir/home/ubiedo/pico/pico-sdk/src/rp2_common/hardware_flash/flash.c.obj
 .time_critical.flash_cs_force
                0x00000000200002bc       0x28 CMakeFiles/adc_dma_pico.dir/home/ubiedo/pico/pico-sdk/src/rp2_common/hardware_flash/flash.c.obj
 .time_critical.flash_do_cmd
                0x00000000200002e4       0xd8 CMakeFiles/adc_dma_pico.dir/home/ubiedo/pico/pico-sdk/src/rp2_common/hardware_flash/flash.c.obj
                0x00000000200002e4                flash_do_cmd
 .time_critical.reset_non_control_endpoints
                0x00000000200003bc       0x40 CMakeFiles/adc_dma_pico.dir/home/ubiedo/pico/pico-sdk/lib/tinyusb/src/portable/raspberrypi/rp2040/dcd_rp2040.c.obj
 .time_critical.hw_handle_buff_status
                0x00000000200003fc       0xa4 CMakeFiles/adc_dma_pico.dir/home/ubiedo/pico/pico-sdk/lib/tinyusb/src/portable/raspberrypi/rp2040/dcd_rp2040.c.obj
 .time_critical.dcd_rp2040_irq
                0x00000000200004a0      0x1cc CMakeFiles/adc_dma_pico.dir/home/ubiedo/pico/pico-sdk/lib/tinyusb/src/portable/raspberrypi/rp2040/dcd_rp2040.c.obj
 .time_critical.e15_is_bulkin_ep
                0x000000002000066c       0x2c CMakeFiles/adc_dma_pico.dir/home/ubiedo/pico/pico-sdk/lib/tinyusb/src/portable/raspberrypi/rp2040/rp2040_usb.c.obj
 .time_critical.e15_is_critical_frame_period
                0x0000000020000698       0x30 CMakeFiles/adc_dma_pico.dir/home/ubiedo/pico/pico-sdk/lib/tinyusb/src/portable/raspberrypi/rp2040/rp2040_usb.c.obj
 .time_critical.prepare_ep_buffer
                0x00000000200006c8       0x70 CMakeFiles/adc_dma_pico.dir/home/ubiedo/pico/pico-sdk/lib/tinyusb/src/portable/raspberrypi/rp2040/rp2040_usb.c.obj
 .time_critical.sync_ep_buffer
                0x0000000020000738       0x80 CMakeFiles/adc_dma_pico.dir/home/ubiedo/pico/pico-sdk/lib/tinyusb/src/portable/raspberrypi/rp2040/rp2040_usb.c.obj
 .time_critical._hw_endpoint_xfer_sync
                0x00000000200007b8       0x28 CMakeFiles/adc_dma_pico.dir/home/ubiedo/pico/pico-sdk/lib/tinyusb/src/portable/raspberrypi/rp2040/rp2040_usb.c.obj
 .time_critical.hw_endpoint_reset_transfer
                0x00000000200007e0        0xc CMakeFiles/adc_dma_pico.dir/home/ubiedo/pico/pico-sdk/lib/tinyusb/src/portable/raspberrypi/rp2040/rp2040_usb.c.obj
                0x00000000200007e0                hw_endpoint_reset_transfer
 .time_critical._hw_endpoint_buffer_control_update32
                0x00000000200007ec       0x58 CMakeFiles/adc_dma_pico.dir/home/ubiedo/pico/pico-sdk/lib/tinyusb/src/portable/raspberrypi/rp2040/rp2040_usb.c.obj
                0x00000000200007ec                _hw_endpoint_buffer_control_update32
 .time_critical.hw_endpoint_start_next_buffer
                0x0000000020000844       0x88 CMakeFiles/adc_dma_pico.dir/home/ubiedo/pico/pico-sdk/lib/tinyusb/src/portable/raspberrypi/rp2040/rp2040_usb.c.obj
                0x0000000020000844                hw_endpoint_start_next_buffer
 .time_critical.hw_endpoint_xfer_continue
                0x00000000200008cc       0x50 CMakeFiles/adc_dma_pico.dir/home/ubiedo/pico/pico-sdk/lib/tinyusb/src/portable/raspberrypi/rp2040/rp2040_usb.c.obj
                0x00000000200008cc                hw_endpoint_xfer_continue
 .time_critical.tinyusb
                0x000000002000091c      0x200 CMakeFiles/adc_dma_pico.dir/home/ubiedo/pico/pico-sdk/lib/tinyusb/src/device/usbd.c.obj
                0x000000002000091c                dcd_event_handler
 *(.text*)
 .text          0x0000000020000b1c        0x4 /usr/lib/gcc/arm-none-eabi/10.3.1/thumb/v6-m/nofp/libgcc.a(_dvmd_tls.o)
                0x0000000020000b1c                __aeabi_ldiv0
                0x0000000020000b1c                __aeabi_idiv0
 .text.__stub   0x0000000020000b20       0x90 linker stubs
                0x0000000020000bb0                . = ALIGN (0x4)
 *(.rodata*)
                0x0000000020000bb0                . = ALIGN (0x4)
 *(.data*)
 .data.striped_spin_lock_num
                0x0000000020000bb0        0x1 CMakeFiles/adc_dma_pico.dir/home/ubiedo/pico/pico-sdk/src/rp2_common/hardware_sync/sync.c.obj
 *fill*         0x0000000020000bb1        0x3 
 .data          0x0000000020000bb4       0x48 CMakeFiles/adc_dma_pico.dir/home/ubiedo/pico/pico-sdk/src/rp2_common/hardware_irq/irq_handler_chain.S.obj
                0x0000000020000bb4                irq_handler_chain_slots
                0x0000000020000be4                irq_handler_chain_first_slot
                0x0000000020000bee                irq_handler_chain_remove_tail
 .data.default_alarm_pool
                0x0000000020000bfc       0x18 CMakeFiles/adc_dma_pico.dir/home/ubiedo/pico/pico-sdk/src/common/pico_time/time.c.obj
 .data.default_alarm_pool_heap
                0x0000000020000c14       0x10 CMakeFiles/adc_dma_pico.dir/home/ubiedo/pico/pico-sdk/src/common/pico_time/time.c.obj
 *fill*         0x0000000020000c24        0xc 
 .data.aeabi_bits_funcs
                0x0000000020000c30       0x10 CMakeFiles/adc_dma_pico.dir/home/ubiedo/pico/pico-sdk/src/rp2_common/pico_bit_ops/bit_ops_aeabi.S.obj
                0x0000000020000c30                aeabi_bits_funcs