Archive member included to satisfy reference by file (symbol)

/usr/lib/gcc/arm-none-eabi/10.3.1/thumb/v6-m/nofp/libgcc.a(_dvmd_tls.o)
                              CMakeFiles/adc_dma_pico.dir/home/ubiedo/pico/pico-sdk/src/rp2_common/pico_divider/divider.S.obj (__aeabi_idiv0)
/usr/lib/gcc/arm-none-eabi/10.3.1/../../../arm-none-eabi/lib/thumb/v6-m/nofp/libg.a(lib_a-atexit.o)
                              /usr/lib/gcc/arm-none-eabi/10.3.1/../../../arm-none-eabi/lib/thumb/v6-m/nofp/crt0.o (atexit)
/usr/lib/gcc/arm-none-eabi/10.3.1/../../../arm-none-eabi/lib/thumb/v6-m/nofp/libg.a(lib_a-calloc.o)
                              CMakeFiles/adc_dma_pico.dir/home/ubiedo/pico/pico-sdk/src/rp2_common/pico_malloc/pico_malloc.c.obj (calloc)
/usr/lib/gcc/arm-none-eabi/10.3.1/../../../arm-none-eabi/lib/thumb/v6-m/nofp/libg.a(lib_a-callocr.o)
                              /usr/lib/gcc/arm-none-eabi/10.3.1/../../../arm-none-eabi/lib/thumb/v6-m/nofp/libg.a(lib_a-calloc.o) (_calloc_r)
/usr/lib/gcc/arm-none-eabi/10.3.1/../../../arm-none-eabi/lib/thumb/v6-m/nofp/libg.a(lib_a-fini.o)
                              /usr/lib/gcc/arm-none-eabi/10.3.1/../../../arm-none-eabi/lib/thumb/v6-m/nofp/crt0.o (__libc_fini_array)
/usr/lib/gcc/arm-none-eabi/10.3.1/../../../arm-none-eabi/lib/thumb/v6-m/nofp/libg.a(lib_a-impure.o)
                              /usr/lib/gcc/arm-none-eabi/10.3.1/../../../arm-none-eabi/lib/thumb/v6-m/nofp/libg.a(lib_a-calloc.o) (_impure_ptr)
/usr/lib/gcc/arm-none-eabi/10.3.1/../../../arm-none-eabi/lib/thumb/v6-m/nofp/libg.a(lib_a-init.o)
                              /usr/lib/gcc/arm-none-eabi/10.3.1/../../../arm-none-eabi/lib/thumb/v6-m/nofp/crt0.o (__libc_init_array)
/usr/lib/gcc/arm-none-eabi/10.3.1/../../../arm-none-eabi/lib/thumb/v6-m/nofp/libg.a(lib_a-malloc.o)
                              CMakeFiles/adc_dma_pico.dir/home/ubiedo/pico/pico-sdk/src/rp2_common/pico_malloc/pico_malloc.c.obj (malloc)
/usr/lib/gcc/arm-none-eabi/10.3.1/../../../arm-none-eabi/lib/thumb/v6-m/nofp/libg.a(lib_a-mallocr.o)
                              /usr/lib/gcc/arm-none-eabi/10.3.1/../../../arm-none-eabi/lib/thumb/v6-m/nofp/libg.a(lib_a-callocr.o) (_malloc_r)
/usr/lib/gcc/arm-none-eabi/10.3.1/../../../arm-none-eabi/lib/thumb/v6-m/nofp/libg.a(lib_a-mlock.o)
                              /usr/lib/gcc/arm-none-eabi/10.3.1/../../../arm-none-eabi/lib/thumb/v6-m/nofp/libg.a(lib_a-mallocr.o) (__malloc_lock)
/usr/lib/gcc/arm-none-eabi/10.3.1/../../../arm-none-eabi/lib/thumb/v6-m/nofp/libg.a(lib_a-realloc.o)
                              CMakeFiles/adc_dma_pico.dir/home/ubiedo/pico/pico-sdk/src/rp2_common/pico_malloc/pico_malloc.c.obj (realloc)
/usr/lib/gcc/arm-none-eabi/10.3.1/../../../arm-none-eabi/lib/thumb/v6-m/nofp/libg.a(lib_a-reallocr.o)
                              /usr/lib/gcc/arm-none-eabi/10.3.1/../../../arm-none-eabi/lib/thumb/v6-m/nofp/libg.a(lib_a-realloc.o) (_realloc_r)
/usr/lib/gcc/arm-none-eabi/10.3.1/../../../arm-none-eabi/lib/thumb/v6-m/nofp/libg.a(lib_a-sbrkr.o)
                              /usr/lib/gcc/arm-none-eabi/10.3.1/../../../arm-none-eabi/lib/thumb/v6-m/nofp/libg.a(lib_a-mallocr.o) (_sbrk_r)
/usr/lib/gcc/arm-none-eabi/10.3.1/../../../arm-none-eabi/lib/thumb/v6-m/nofp/libg.a(lib_a-strlen-stub.o)
                              CMakeFiles/adc_dma_pico.dir/home/ubiedo/pico/pico-sdk/src/rp2_common/pico_stdio/stdio.c.obj (strlen)
/usr/lib/gcc/arm-none-eabi/10.3.1/../../../arm-none-eabi/lib/thumb/v6-m/nofp/libg.a(lib_a-__atexit.o)
                              /usr/lib/gcc/arm-none-eabi/10.3.1/../../../arm-none-eabi/lib/thumb/v6-m/nofp/libg.a(lib_a-atexit.o) (__register_exitproc)
/usr/lib/gcc/arm-none-eabi/10.3.1/../../../arm-none-eabi/lib/thumb/v6-m/nofp/libg.a(lib_a-freer.o)
                              /usr/lib/gcc/arm-none-eabi/10.3.1/../../../arm-none-eabi/lib/thumb/v6-m/nofp/libg.a(lib_a-malloc.o) (_free_r)
/usr/lib/gcc/arm-none-eabi/10.3.1/../../../arm-none-eabi/lib/thumb/v6-m/nofp/libg.a(lib_a-memmove.o)
                              /usr/lib/gcc/arm-none-eabi/10.3.1/../../../arm-none-eabi/lib/thumb/v6-m/nofp/libg.a(lib_a-reallocr.o) (memmove)
/usr/lib/gcc/arm-none-eabi/10.3.1/../../../arm-none-eabi/lib/thumb/v6-m/nofp/libg.a(lib_a-reent.o)
                              /usr/lib/gcc/arm-none-eabi/10.3.1/../../../arm-none-eabi/lib/thumb/v6-m/nofp/libg.a(lib_a-sbrkr.o) (errno)

Discarded input sections

 .text          0x0000000000000000        0x0 /usr/lib/gcc/arm-none-eabi/10.3.1/thumb/v6-m/nofp/crti.o
 .data          0x0000000000000000        0x0 /usr/lib/gcc/arm-none-eabi/10.3.1/thumb/v6-m/nofp/crti.o
 .bss           0x0000000000000000        0x0 /usr/lib/gcc/arm-none-eabi/10.3.1/thumb/v6-m/nofp/crti.o
 .data          0x0000000000000000        0x4 /usr/lib/gcc/arm-none-eabi/10.3.1/thumb/v6-m/nofp/crtbegin.o
 .rodata        0x0000000000000000       0x24 /usr/lib/gcc/arm-none-eabi/10.3.1/thumb/v6-m/nofp/crtbegin.o
[...]
Memory Configuration

Name             Origin             Length             Attributes
FLASH            0x0000000010000000 0x0000000000200000 xr
RAM              0x0000000020000000 0x0000000000040000 xrw
SCRATCH_X        0x0000000020040000 0x0000000000001000 xrw
SCRATCH_Y        0x0000000020041000 0x0000000000001000 xrw
*default*        0x0000000000000000 0xffffffffffffffff

Linker script and memory map

LOAD /usr/lib/gcc/arm-none-eabi/10.3.1/thumb/v6-m/nofp/crti.o
LOAD /usr/lib/gcc/arm-none-eabi/10.3.1/thumb/v6-m/nofp/crtbegin.o
LOAD /usr/lib/gcc/arm-none-eabi/10.3.1/../../../arm-none-eabi/lib/thumb/v6-m/nofp/crt0.o

.flash_begin    0x0000000010000000        0x0
                0x0000000010000000                __flash_binary_start = .

.boot2          0x0000000010000000      0x100
                0x0000000010000000                __boot2_start__ = .
 *(.boot2)
 .boot2         0x0000000010000000      0x100 /tmp/cckri7Vq.o
                0x0000000010000100                __boot2_end__ = .
                0x0000000000000001                ASSERT (((__boot2_end__ - __boot2_start__) == 0x100), ERROR: Pico second stage bootloader must be 256 bytes in size)

.text           0x0000000010000100     0x7068
                0x0000000010000100                __logical_binary_start = .
 *(.vectors)
 .vectors       0x0000000010000100       0xd4 CMakeFiles/adc_dma_pico.dir/home/ubiedo/pico/pico-sdk/src/rp2_common/pico_standard_link/crt0.S.obj
                0x0000000010000100                __vectors
                0x0000000010000100                __VECTOR_TABLE
                0x00000000100001c0                isr_invalid
                0x00000000100001c0                __default_isrs_start
                0x00000000100001c2                isr_nmi
                0x00000000100001c4                isr_hardfault
                0x00000000100001c6                isr_svcall
                0x00000000100001c8                isr_pendsv
                0x00000000100001ca                isr_systick
                0x00000000100001cc                isr_irq30
                0x00000000100001cc                __unhandled_user_irq
                0x00000000100001cc                isr_irq13
                0x00000000100001cc                isr_irq27
                0x00000000100001cc                isr_irq31
                0x00000000100001cc                isr_irq5
                0x00000000100001cc                isr_irq11
                0x00000000100001cc                isr_irq23
                0x00000000100001cc                isr_irq18
                0x00000000100001cc                isr_irq28
                0x00000000100001cc                isr_irq19
                0x00000000100001cc                isr_irq0
                0x00000000100001cc                isr_irq6
                0x00000000100001cc                isr_irq22
                0x00000000100001cc                isr_irq17
                0x00000000100001cc                isr_irq14
                0x00000000100001cc                isr_irq2
                0x00000000100001cc                isr_irq10
                0x00000000100001cc                isr_irq8
                0x00000000100001cc                isr_irq24
                0x00000000100001cc                isr_irq1
                0x00000000100001cc                isr_irq7
                0x00000000100001cc                isr_irq21
                0x00000000100001cc                isr_irq20
                0x00000000100001cc                isr_irq15
                0x00000000100001cc                isr_irq25
                0x00000000100001cc                isr_irq4
                0x00000000100001cc                isr_irq16
                0x00000000100001cc                isr_irq29
                0x00000000100001cc                isr_irq26
                0x00000000100001cc                __default_isrs_end
                0x00000000100001cc                isr_irq3
                0x00000000100001cc                isr_irq12
                0x00000000100001cc                isr_irq9
                0x00000000100001d2                unhandled_user_irq_num_in_r0
 *(.binary_info_header)
 .binary_info_header
                0x00000000100001d4       0x14 CMakeFiles/adc_dma_pico.dir/home/ubiedo/pico/pico-sdk/src/rp2_common/pico_standard_link/crt0.S.obj
                0x00000000100001e8                __binary_info_header_end = .
 *(.reset)
 .reset         0x00000000100001e8       0xa0 CMakeFiles/adc_dma_pico.dir/home/ubiedo/pico/pico-sdk/src/rp2_common/pico_standard_link/crt0.S.obj
                0x00000000100001e8                _entry_point
 .reset         0x0000000010000288       0x30 CMakeFiles/adc_dma_pico.dir/home/ubiedo/pico/pico-sdk/src/rp2_common/pico_standard_link/binary_info.c.obj
 *(.init)
 .init          0x00000000100002b8        0x4 /usr/lib/gcc/arm-none-eabi/10.3.1/thumb/v6-m/nofp/crti.o
                0x00000000100002b8                _init
 *(EXCLUDE_FILE(*libm.a: *libc.a:*lib_a-mem*.o *libgcc.a:) .text*)
 .text          0x00000000100002bc       0x98 /usr/lib/gcc/arm-none-eabi/10.3.1/thumb/v6-m/nofp/crtbegin.o
 .text.clock_fpga
                0x0000000010000354       0x18 CMakeFiles/adc_dma_pico.dir/adc_dma_pico.c.obj
                0x0000000010000354                clock_fpga
 .text.clock_config
                0x000000001000036c       0x30 CMakeFiles/adc_dma_pico.dir/adc_dma_pico.c.obj
                0x000000001000036c                clock_config
 .text.dma_handler
                0x000000001000039c       0xe4 CMakeFiles/adc_dma_pico.dir/adc_dma_pico.c.obj
                0x000000001000039c                dma_handler
 .text.main     0x0000000010000480      0x1d0 CMakeFiles/adc_dma_pico.dir/adc_dma_pico.c.obj
                0x0000000010000480                main
 .text.gpio_set_function
                0x0000000010000650       0x30 CMakeFiles/adc_dma_pico.dir/home/ubiedo/pico/pico-sdk/src/rp2_common/hardware_gpio/gpio.c.obj
                0x0000000010000650                gpio_set_function
 .text.gpio_set_pulls
                0x0000000010000680       0x34 CMakeFiles/adc_dma_pico.dir/home/ubiedo/pico/pico-sdk/src/rp2_common/hardware_gpio/gpio.c.obj
                0x0000000010000680                gpio_set_pulls
 .text.gpio_set_input_enabled
                0x00000000100006b4       0x30 CMakeFiles/adc_dma_pico.dir/home/ubiedo/pico/pico-sdk/src/rp2_common/hardware_gpio/gpio.c.obj
                0x00000000100006b4                gpio_set_input_enabled
 .text.gpio_init
                0x00000000100006e4       0x16 CMakeFiles/adc_dma_pico.dir/home/ubiedo/pico/pico-sdk/src/rp2_common/hardware_gpio/gpio.c.obj
                0x00000000100006e4                gpio_init
 *fill*         0x00000000100006fa        0x2 
 .text.running_on_fpga
                0x00000000100006fc       0x14 CMakeFiles/adc_dma_pico.dir/home/ubiedo/pico/pico-sdk/src/rp2_common/pico_platform/platform.c.obj
                0x00000000100006fc                running_on_fpga
 .text.hw_claim_lock
                0x0000000010000710       0x18 CMakeFiles/adc_dma_pico.dir/home/ubiedo/pico/pico-sdk/src/rp2_common/hardware_claim/claim.c.obj
                0x0000000010000710                hw_claim_lock
 .text.hw_claim_unlock
                0x0000000010000728       0x14 CMakeFiles/adc_dma_pico.dir/home/ubiedo/pico/pico-sdk/src/rp2_common/hardware_claim/claim.c.obj
                0x0000000010000728                hw_claim_unlock
 .text.hw_claim_or_assert
                0x000000001000073c       0x32 CMakeFiles/adc_dma_pico.dir/home/ubiedo/pico/pico-sdk/src/rp2_common/hardware_claim/claim.c.obj
                0x000000001000073c                hw_claim_or_assert
 .text.hw_claim_unused_from_range
                0x000000001000076e       0x50 CMakeFiles/adc_dma_pico.dir/home/ubiedo/pico/pico-sdk/src/rp2_common/hardware_claim/claim.c.obj
                0x000000001000076e                hw_claim_unused_from_range
 *fill*         0x00000000100007be        0x2 
 .text.spin_locks_reset
                0x00000000100007c0       0x20 CMakeFiles/adc_dma_pico.dir/home/ubiedo/pico/pico-sdk/src/rp2_common/hardware_sync/sync.c.obj
                0x00000000100007c0                spin_locks_reset
 .text.next_striped_spin_lock_num
                0x00000000100007e0       0x1c CMakeFiles/adc_dma_pico.dir/home/ubiedo/pico/pico-sdk/src/rp2_common/hardware_sync/sync.c.obj
                0x00000000100007e0                next_striped_spin_lock_num
 .text.spin_lock_claim_unused
                0x00000000100007fc       0x20 CMakeFiles/adc_dma_pico.dir/home/ubiedo/pico/pico-sdk/src/rp2_common/hardware_sync/sync.c.obj
                0x00000000100007fc                spin_lock_claim_unused
 .text.set_raw_irq_handler_and_unlock
                0x000000001000081c       0x28 CMakeFiles/adc_dma_pico.dir/home/ubiedo/pico/pico-sdk/src/rp2_common/hardware_irq/irq.c.obj
 .text.make_branch
                0x0000000010000844       0x48 CMakeFiles/adc_dma_pico.dir/home/ubiedo/pico/pico-sdk/src/rp2_common/hardware_irq/irq.c.obj
 .text.insert_branch_and_link
                0x000000001000088c       0x40 CMakeFiles/adc_dma_pico.dir/home/ubiedo/pico/pico-sdk/src/rp2_common/hardware_irq/irq.c.obj
 .text.irq_is_enabled
                0x00000000100008cc       0x18 CMakeFiles/adc_dma_pico.dir/home/ubiedo/pico/pico-sdk/src/rp2_common/hardware_irq/irq.c.obj
                0x00000000100008cc                irq_is_enabled
 .text.irq_set_mask_enabled
                0x00000000100008e4       0x20 CMakeFiles/adc_dma_pico.dir/home/ubiedo/pico/pico-sdk/src/rp2_common/hardware_irq/irq.c.obj
                0x00000000100008e4                irq_set_mask_enabled
 .text.irq_set_enabled
                0x0000000010000904        0xe CMakeFiles/adc_dma_pico.dir/home/ubiedo/pico/pico-sdk/src/rp2_common/hardware_irq/irq.c.obj
                0x0000000010000904                irq_set_enabled
 *fill*         0x0000000010000912        0x2 
 .text.irq_set_pending
                0x0000000010000914       0x10 CMakeFiles/adc_dma_pico.dir/home/ubiedo/pico/pico-sdk/src/rp2_common/hardware_irq/irq.c.obj
                0x0000000010000914                irq_set_pending
 .text.irq_get_vtable_handler
                0x0000000010000924       0x10 CMakeFiles/adc_dma_pico.dir/home/ubiedo/pico/pico-sdk/src/rp2_common/hardware_irq/irq.c.obj
                0x0000000010000924                irq_get_vtable_handler
 .text.irq_has_shared_handler
                0x0000000010000934       0x24 CMakeFiles/adc_dma_pico.dir/home/ubiedo/pico/pico-sdk/src/rp2_common/hardware_irq/irq.c.obj
                0x0000000010000934                irq_has_shared_handler
 .text.irq_set_exclusive_handler
                0x0000000010000958       0x54 CMakeFiles/adc_dma_pico.dir/home/ubiedo/pico/pico-sdk/src/rp2_common/hardware_irq/irq.c.obj
                0x0000000010000958                irq_set_exclusive_handler
 .text.irq_add_shared_handler
                0x00000000100009ac      0x234 CMakeFiles/adc_dma_pico.dir/home/ubiedo/pico/pico-sdk/src/rp2_common/hardware_irq/irq.c.obj
                0x00000000100009ac                irq_add_shared_handler
 .text.irq_remove_handler
                0x0000000010000be0      0x1ac CMakeFiles/adc_dma_pico.dir/home/ubiedo/pico/pico-sdk/src/rp2_common/hardware_irq/irq.c.obj
                0x0000000010000be0                irq_remove_handler
 .text.irq_add_tail_to_free_list
                0x0000000010000d8c       0xf0 CMakeFiles/adc_dma_pico.dir/home/ubiedo/pico/pico-sdk/src/rp2_common/hardware_irq/irq.c.obj
                0x0000000010000d8c                irq_add_tail_to_free_list
 .text.irq_init_priorities
                0x0000000010000e7c       0x1c CMakeFiles/adc_dma_pico.dir/home/ubiedo/pico/pico-sdk/src/rp2_common/hardware_irq/irq.c.obj
                0x0000000010000e7c                irq_init_priorities
 .text.user_irq_claim_unused
                0x0000000010000e98       0x28 CMakeFiles/adc_dma_pico.dir/home/ubiedo/pico/pico-sdk/src/rp2_common/hardware_irq/irq.c.obj
                0x0000000010000e98                user_irq_claim_unused
 .text.lock_init
                0x0000000010000ec0       0x10 CMakeFiles/adc_dma_pico.dir/home/ubiedo/pico/pico-sdk/src/common/pico_sync/lock_core.c.obj
                0x0000000010000ec0                lock_init
 .text.mutex_init
                0x0000000010000ed0       0x1a CMakeFiles/adc_dma_pico.dir/home/ubiedo/pico/pico-sdk/src/common/pico_sync/mutex.c.obj
                0x0000000010000ed0                mutex_init
 .text.recursive_mutex_init
                0x0000000010000eea       0x1e CMakeFiles/adc_dma_pico.dir/home/ubiedo/pico/pico-sdk/src/common/pico_sync/mutex.c.obj
                0x0000000010000eea                recursive_mutex_init
 .text.critical_section_init_with_lock_num
                0x0000000010000f08       0x14 CMakeFiles/adc_dma_pico.dir/home/ubiedo/pico/pico-sdk/src/common/pico_sync/critical_section.c.obj
                0x0000000010000f08                critical_section_init_with_lock_num
 .text.critical_section_init
                0x0000000010000f1c       0x14 CMakeFiles/adc_dma_pico.dir/home/ubiedo/pico/pico-sdk/src/common/pico_sync/critical_section.c.obj
                0x0000000010000f1c                critical_section_init
 .text.alarm_pool_post_alloc_init
                0x0000000010000f30       0x40 CMakeFiles/adc_dma_pico.dir/home/ubiedo/pico/pico-sdk/src/common/pico_time/time.c.obj
 .text.sleep_until_callback
                0x0000000010000f70       0x30 CMakeFiles/adc_dma_pico.dir/home/ubiedo/pico/pico-sdk/src/common/pico_time/time.c.obj
 .text.timer_pool_entry_comparator
                0x0000000010000fa0       0x7c CMakeFiles/adc_dma_pico.dir/home/ubiedo/pico/pico-sdk/src/common/pico_time/time.c.obj
                0x0000000010000fa0                timer_pool_entry_comparator
 .text.ph_add_child_node
                0x000000001000101c       0xa4 CMakeFiles/adc_dma_pico.dir/home/ubiedo/pico/pico-sdk/src/common/pico_time/time.c.obj
 .text.ph_merge_nodes
                0x00000000100010c0       0x3e CMakeFiles/adc_dma_pico.dir/home/ubiedo/pico/pico-sdk/src/common/pico_time/time.c.obj
 *fill*         0x00000000100010fe        0x2 
 .text.add_alarm_under_lock
                0x0000000010001100      0x174 CMakeFiles/adc_dma_pico.dir/home/ubiedo/pico/pico-sdk/src/common/pico_time/time.c.obj
 .text.alarm_pool_alarm_callback
                0x0000000010001274      0x33c CMakeFiles/adc_dma_pico.dir/home/ubiedo/pico/pico-sdk/src/common/pico_time/time.c.obj
 .text.alarm_pool_init_default
                0x00000000100015b0       0x40 CMakeFiles/adc_dma_pico.dir/home/ubiedo/pico/pico-sdk/src/common/pico_time/time.c.obj
                0x00000000100015b0                alarm_pool_init_default
 .text.alarm_pool_get_default
                0x00000000100015f0       0x2c CMakeFiles/adc_dma_pico.dir/home/ubiedo/pico/pico-sdk/src/common/pico_time/time.c.obj
                0x00000000100015f0                alarm_pool_get_default
 .text.alarm_pool_add_alarm_at
                0x000000001000161c      0x168 CMakeFiles/adc_dma_pico.dir/home/ubiedo/pico/pico-sdk/src/common/pico_time/time.c.obj
                0x000000001000161c                alarm_pool_add_alarm_at
 .text.alarm_pool_cancel_alarm
                0x0000000010001784       0xf8 CMakeFiles/adc_dma_pico.dir/home/ubiedo/pico/pico-sdk/src/common/pico_time/time.c.obj
                0x0000000010001784                alarm_pool_cancel_alarm
 .text.alarm_pool_core_num
                0x000000001000187c        0x4 CMakeFiles/adc_dma_pico.dir/home/ubiedo/pico/pico-sdk/src/common/pico_time/time.c.obj
                0x000000001000187c                alarm_pool_core_num
 .text.sleep_until
                0x0000000010001880       0xfc CMakeFiles/adc_dma_pico.dir/home/ubiedo/pico/pico-sdk/src/common/pico_time/time.c.obj
                0x0000000010001880                sleep_until
 .text.sleep_us
                0x000000001000197c       0x58 CMakeFiles/adc_dma_pico.dir/home/ubiedo/pico/pico-sdk/src/common/pico_time/time.c.obj
                0x000000001000197c                sleep_us
 .text.sleep_ms
                0x00000000100019d4       0x14 CMakeFiles/adc_dma_pico.dir/home/ubiedo/pico/pico-sdk/src/common/pico_time/time.c.obj
                0x00000000100019d4                sleep_ms
 .text.best_effort_wfe_or_timeout
                0x00000000100019e8       0xac CMakeFiles/adc_dma_pico.dir/home/ubiedo/pico/pico-sdk/src/common/pico_time/time.c.obj
                0x00000000100019e8                best_effort_wfe_or_timeout
 .text.hardware_alarm_irq_handler
                0x0000000010001a94       0x90 CMakeFiles/adc_dma_pico.dir/home/ubiedo/pico/pico-sdk/src/rp2_common/hardware_timer/timer.c.obj
 .text.hardware_alarm_claim
                0x0000000010001b24       0x18 CMakeFiles/adc_dma_pico.dir/home/ubiedo/pico/pico-sdk/src/rp2_common/hardware_timer/timer.c.obj
                0x0000000010001b24                hardware_alarm_claim
 .text.time_us_64
                0x0000000010001b3c       0x18 CMakeFiles/adc_dma_pico.dir/home/ubiedo/pico/pico-sdk/src/rp2_common/hardware_timer/timer.c.obj
                0x0000000010001b3c                time_us_64
 .text.busy_wait_until
                0x0000000010001b54       0x28 CMakeFiles/adc_dma_pico.dir/home/ubiedo/pico/pico-sdk/src/rp2_common/hardware_timer/timer.c.obj
                0x0000000010001b54                busy_wait_until
 .text.hardware_alarm_set_callback
                0x0000000010001b7c       0x90 CMakeFiles/adc_dma_pico.dir/home/ubiedo/pico/pico-sdk/src/rp2_common/hardware_timer/timer.c.obj
                0x0000000010001b7c                hardware_alarm_set_callback
 .text.hardware_alarm_set_target
                0x0000000010001c0c       0xe8 CMakeFiles/adc_dma_pico.dir/home/ubiedo/pico/pico-sdk/src/rp2_common/hardware_timer/timer.c.obj
                0x0000000010001c0c                hardware_alarm_set_target
 .text.hardware_alarm_cancel
                0x0000000010001cf4       0x40 CMakeFiles/adc_dma_pico.dir/home/ubiedo/pico/pico-sdk/src/rp2_common/hardware_timer/timer.c.obj
                0x0000000010001cf4                hardware_alarm_cancel
 .text.ph_add_child_node
                0x0000000010001d34       0xa4 CMakeFiles/adc_dma_pico.dir/home/ubiedo/pico/pico-sdk/src/common/pico_util/pheap.c.obj
 .text.ph_merge_nodes
                0x0000000010001dd8       0x3e CMakeFiles/adc_dma_pico.dir/home/ubiedo/pico/pico-sdk/src/common/pico_util/pheap.c.obj
 *fill*         0x0000000010001e16        0x2 
 .text.ph_clear
                0x0000000010001e18       0x70 CMakeFiles/adc_dma_pico.dir/home/ubiedo/pico/pico-sdk/src/common/pico_util/pheap.c.obj
                0x0000000010001e18                ph_clear
 .text.ph_post_alloc_init
                0x0000000010001e88        0xe CMakeFiles/adc_dma_pico.dir/home/ubiedo/pico/pico-sdk/src/common/pico_util/pheap.c.obj
                0x0000000010001e88                ph_post_alloc_init
 *fill*         0x0000000010001e96        0x2 
 .text.ph_merge_two_pass
                0x0000000010001e98       0xa8 CMakeFiles/adc_dma_pico.dir/home/ubiedo/pico/pico-sdk/src/common/pico_util/pheap.c.obj
                0x0000000010001e98                ph_merge_two_pass
 .text.ph_remove_any_head
                0x0000000010001f40      0x128 CMakeFiles/adc_dma_pico.dir/home/ubiedo/pico/pico-sdk/src/common/pico_util/pheap.c.obj
 .text.ph_remove_head
                0x0000000010002068       0x14 CMakeFiles/adc_dma_pico.dir/home/ubiedo/pico/pico-sdk/src/common/pico_util/pheap.c.obj
                0x0000000010002068                ph_remove_head
 .text.ph_remove_and_free_node
                0x000000001000207c       0xf8 CMakeFiles/adc_dma_pico.dir/home/ubiedo/pico/pico-sdk/src/common/pico_util/pheap.c.obj
                0x000000001000207c                ph_remove_and_free_node
 .text.clock_configure
                0x0000000010002174      0x108 CMakeFiles/adc_dma_pico.dir/home/ubiedo/pico/pico-sdk/src/rp2_common/hardware_clocks/clocks.c.obj
                0x0000000010002174                clock_configure
 .text.clocks_init
                0x000000001000227c      0x100 CMakeFiles/adc_dma_pico.dir/home/ubiedo/pico/pico-sdk/src/rp2_common/hardware_clocks/clocks.c.obj
                0x000000001000227c                clocks_init
 .text.pll_init
                0x000000001000237c      0x120 CMakeFiles/adc_dma_pico.dir/home/ubiedo/pico/pico-sdk/src/rp2_common/hardware_pll/pll.c.obj
                0x000000001000237c                pll_init
 .text.watchdog_start_tick
                0x000000001000249c       0x10 CMakeFiles/adc_dma_pico.dir/home/ubiedo/pico/pico-sdk/src/rp2_common/hardware_watchdog/watchdog.c.obj
                0x000000001000249c                watchdog_start_tick
 .text.watchdog_update
                0x00000000100024ac       0x14 CMakeFiles/adc_dma_pico.dir/home/ubiedo/pico/pico-sdk/src/rp2_common/hardware_watchdog/watchdog.c.obj
                0x00000000100024ac                watchdog_update
 .text._watchdog_enable
                0x00000000100024c0       0x78 CMakeFiles/adc_dma_pico.dir/home/ubiedo/pico/pico-sdk/src/rp2_common/hardware_watchdog/watchdog.c.obj
                0x00000000100024c0                _watchdog_enable
 .text.watchdog_reboot
                0x0000000010002538       0x48 CMakeFiles/adc_dma_pico.dir/home/ubiedo/pico/pico-sdk/src/rp2_common/hardware_watchdog/watchdog.c.obj
                0x0000000010002538                watchdog_reboot
 .text.xosc_init
                0x0000000010002580       0x28 CMakeFiles/adc_dma_pico.dir/home/ubiedo/pico/pico-sdk/src/rp2_common/hardware_xosc/xosc.c.obj
                0x0000000010002580                xosc_init
 .text._exit    0x00000000100025a8        0x4 CMakeFiles/adc_dma_pico.dir/home/ubiedo/pico/pico-sdk/src/rp2_common/pico_runtime/runtime.c.obj
                0x00000000100025a8                _exit
 .text.exit     0x00000000100025ac        0x6 CMakeFiles/adc_dma_pico.dir/home/ubiedo/pico/pico-sdk/src/rp2_common/pico_runtime/runtime.c.obj
                0x00000000100025ac                exit
 *fill*         0x00000000100025b2        0x2 
 .text.__assert_func
                0x00000000100025b4       0x3c CMakeFiles/adc_dma_pico.dir/home/ubiedo/pico/pico-sdk/src/rp2_common/pico_runtime/runtime.c.obj
                0x00000000100025b4                __assert_func
 .text.runtime_init
                0x00000000100025f0       0xf8 CMakeFiles/adc_dma_pico.dir/home/ubiedo/pico/pico-sdk/src/rp2_common/pico_runtime/runtime.c.obj
                0x00000000100025f0                runtime_init
 .text.panic    0x00000000100026e8       0x30 CMakeFiles/adc_dma_pico.dir/home/ubiedo/pico/pico-sdk/src/rp2_common/pico_runtime/runtime.c.obj
                0x00000000100026e8                panic
 .text._out_null
                0x0000000010002718        0x2 CMakeFiles/adc_dma_pico.dir/home/ubiedo/pico/pico-sdk/src/rp2_common/pico_printf/printf.c.obj
 .text._out_fct
                0x000000001000271a        0xe CMakeFiles/adc_dma_pico.dir/home/ubiedo/pico/pico-sdk/src/rp2_common/pico_printf/printf.c.obj
 .text._atoi    0x0000000010002728       0x24 CMakeFiles/adc_dma_pico.dir/home/ubiedo/pico/pico-sdk/src/rp2_common/pico_printf/printf.c.obj
 .text._out_rev
                0x000000001000274c       0xae CMakeFiles/adc_dma_pico.dir/home/ubiedo/pico/pico-sdk/src/rp2_common/pico_printf/printf.c.obj
 .text._ntoa_format
                0x00000000100027fa      0x112 CMakeFiles/adc_dma_pico.dir/home/ubiedo/pico/pico-sdk/src/rp2_common/pico_printf/printf.c.obj
 .text._ntoa_long
                0x000000001000290c       0xbc CMakeFiles/adc_dma_pico.dir/home/ubiedo/pico/pico-sdk/src/rp2_common/pico_printf/printf.c.obj
 .text._ntoa_long_long
                0x00000000100029c8       0xe2 CMakeFiles/adc_dma_pico.dir/home/ubiedo/pico/pico-sdk/src/rp2_common/pico_printf/printf.c.obj
 *fill*         0x0000000010002aaa        0x2 
 .text._etoa    0x0000000010002aac      0x414 CMakeFiles/adc_dma_pico.dir/home/ubiedo/pico/pico-sdk/src/rp2_common/pico_printf/printf.c.obj
 .text._ftoa    0x0000000010002ec0      0x354 CMakeFiles/adc_dma_pico.dir/home/ubiedo/pico/pico-sdk/src/rp2_common/pico_printf/printf.c.obj
 .text._vsnprintf
                0x0000000010003214      0x624 CMakeFiles/adc_dma_pico.dir/home/ubiedo/pico/pico-sdk/src/rp2_common/pico_printf/printf.c.obj
 .text.vfctprintf
                0x0000000010003838       0x20 CMakeFiles/adc_dma_pico.dir/home/ubiedo/pico/pico-sdk/src/rp2_common/pico_printf/printf.c.obj
                0x0000000010003838                vfctprintf
 .text          0x0000000010003858       0x10 CMakeFiles/adc_dma_pico.dir/home/ubiedo/pico/pico-sdk/src/rp2_common/pico_bit_ops/bit_ops_aeabi.S.obj
 .text.rom_func_lookup
                0x0000000010003868       0x10 CMakeFiles/adc_dma_pico.dir/home/ubiedo/pico/pico-sdk/src/rp2_common/pico_bootrom/bootrom.c.obj
                0x0000000010003868                rom_func_lookup
 .text.rom_data_lookup
                0x0000000010003878       0x10 CMakeFiles/adc_dma_pico.dir/home/ubiedo/pico/pico-sdk/src/rp2_common/pico_bootrom/bootrom.c.obj
                0x0000000010003878                rom_data_lookup
 .text.rom_funcs_lookup
                0x0000000010003888       0x36 CMakeFiles/adc_dma_pico.dir/home/ubiedo/pico/pico-sdk/src/rp2_common/pico_bootrom/bootrom.c.obj
                0x0000000010003888                rom_funcs_lookup
 *fill*         0x00000000100038be        0x2 
 .text.__wrap___aeabi_idiv
                0x00000000100038c0       0x50 CMakeFiles/adc_dma_pico.dir/home/ubiedo/pico/pico-sdk/src/rp2_common/pico_divider/divider.S.obj
                0x00000000100038c0                __wrap___aeabi_idivmod
                0x00000000100038c0                divmod_s32s32
                0x00000000100038c0                div_s32s32
                0x00000000100038c0                __wrap___aeabi_idiv
                0x00000000100038c8                divmod_s32s32_unsafe
                0x00000000100038f4                divmod_s32s32_savestate
 .text.__wrap___aeabi_uidiv
                0x0000000010003910       0x4c CMakeFiles/adc_dma_pico.dir/home/ubiedo/pico/pico-sdk/src/rp2_common/pico_divider/divider.S.obj
                0x0000000010003910                __wrap___aeabi_uidiv
                0x0000000010003910                __wrap___aeabi_uidivmod
                0x0000000010003910                div_u32u32
                0x0000000010003910                divmod_u32u32
                0x0000000010003918                divmod_u32u32_unsafe
                0x0000000010003940                divmod_u32u32_savestate
 .text.__wrap___aeabi_ldiv
                0x000000001000395c      0x424 CMakeFiles/adc_dma_pico.dir/home/ubiedo/pico/pico-sdk/src/rp2_common/pico_divider/divider.S.obj
                0x000000001000395c                div_s64s64
                0x000000001000395c                divmod_s64s64
                0x000000001000395c                __wrap___aeabi_ldivmod
                0x000000001000398c                div_u64u64
                0x000000001000398c                divmod_u64u64
                0x000000001000398c                __wrap___aeabi_uldivmod
                0x000000001000399c                divmod_u64u64_savestate
                0x00000000100039bc                divmod_s64s64_unsafe
                0x0000000010003a44                divmod_u64u64_unsafe
 .text.__wrap___aeabi_darithmetic
                0x0000000010003d80       0x80 CMakeFiles/adc_dma_pico.dir/home/ubiedo/pico/pico-sdk/src/rp2_common/pico_double/double_aeabi.S.obj
                0x0000000010003d80                __wrap___aeabi_drsub
                0x0000000010003d86                __wrap___aeabi_dsub
                0x0000000010003d98                __wrap___aeabi_dadd
                0x0000000010003daa                __wrap___aeabi_ddiv
                0x0000000010003de6                __wrap___aeabi_dmul
 .text.__wrap___aeabi_cdcmple
                0x0000000010003e00       0x6c CMakeFiles/adc_dma_pico.dir/home/ubiedo/pico/pico-sdk/src/rp2_common/pico_double/double_aeabi.S.obj
                0x0000000010003e00                __wrap___aeabi_cdrcmple
                0x0000000010003e10                __wrap___aeabi_cdcmple
                0x0000000010003e10                __wrap___aeabi_cdcmpeq
 .text.__wrap___aeabi_dcmplt
                0x0000000010003e6c        0xc CMakeFiles/adc_dma_pico.dir/home/ubiedo/pico/pico-sdk/src/rp2_common/pico_double/double_aeabi.S.obj
                0x0000000010003e6c                __wrap___aeabi_dcmplt
 .text.__wrap___aeabi_dcmple
                0x0000000010003e78       0x10 CMakeFiles/adc_dma_pico.dir/home/ubiedo/pico/pico-sdk/src/rp2_common/pico_double/double_aeabi.S.obj
                0x0000000010003e78                __wrap___aeabi_dcmple
 .text.__wrap___aeabi_dcmpge
                0x0000000010003e88       0x10 CMakeFiles/adc_dma_pico.dir/home/ubiedo/pico/pico-sdk/src/rp2_common/pico_double/double_aeabi.S.obj
                0x0000000010003e88                __wrap___aeabi_dcmpge
 .text.__wrap___aeabi_dcmpgt
                0x0000000010003e98        0xa CMakeFiles/adc_dma_pico.dir/home/ubiedo/pico/pico-sdk/src/rp2_common/pico_double/double_aeabi.S.obj
                0x0000000010003e98                __wrap___aeabi_dcmpgt
 .text.__wrap___aeabi_dcmpun
                0x0000000010003ea2       0x1c CMakeFiles/adc_dma_pico.dir/home/ubiedo/pico/pico-sdk/src/rp2_common/pico_double/double_aeabi.S.obj
                0x0000000010003ea2                __wrap___aeabi_dcmpun
 *fill*         0x0000000010003ebe        0x2 
 .text.__wrap___aeabi_i2d
                0x0000000010003ec0       0x38 CMakeFiles/adc_dma_pico.dir/home/ubiedo/pico/pico-sdk/src/rp2_common/pico_double/double_aeabi.S.obj
                0x0000000010003ec0                __wrap___aeabi_ui2d
                0x0000000010003ec8                __wrap___aeabi_i2d
 .text.__wrap___aeabi_d2iz
                0x0000000010003ef8       0x48 CMakeFiles/adc_dma_pico.dir/home/ubiedo/pico/pico-sdk/src/rp2_common/pico_double/double_aeabi.S.obj
                0x0000000010003ef8                __wrap___aeabi_d2iz
                0x0000000010003ef8                double2int_z
 .text.__wrap___aeabi_d2uiz
                0x0000000010003f40       0x18 CMakeFiles/adc_dma_pico.dir/home/ubiedo/pico/pico-sdk/src/rp2_common/pico_double/double_aeabi.S.obj
                0x0000000010003f40                double2uint
                0x0000000010003f40                __wrap___aeabi_d2uiz
 .text.__aeabi_double_init
                0x0000000010003f58       0xc8 CMakeFiles/adc_dma_pico.dir/home/ubiedo/pico/pico-sdk/src/rp2_common/pico_double/double_init_rom.c.obj
                0x0000000010003f58                __aeabi_double_init
 .text.double_table_shim_on_use_helper
                0x0000000010004020       0x34 CMakeFiles/adc_dma_pico.dir/home/ubiedo/pico/pico-sdk/src/rp2_common/pico_double/double_v1_rom_shim.S.obj
                0x0000000010004020                double_table_shim_on_use_helper
 .text.__wrap___aeabi_dsub
                0x0000000010004054       0x10 CMakeFiles/adc_dma_pico.dir/home/ubiedo/pico/pico-sdk/src/rp2_common/pico_double/double_v1_rom_shim.S.obj
                0x0000000010004054                drsub_shim
                0x000000001000405a                dsub_shim
 .text.dadd_shim
                0x0000000010004064      0x15c CMakeFiles/adc_dma_pico.dir/home/ubiedo/pico/pico-sdk/src/rp2_common/pico_double/double_v1_rom_shim.S.obj
                0x0000000010004064                dadd_shim
 .text.dmul_shim
                0x00000000100041c0      0x15c CMakeFiles/adc_dma_pico.dir/home/ubiedo/pico/pico-sdk/src/rp2_common/pico_double/double_v1_rom_shim.S.obj
                0x00000000100041c0                dmul_shim
 .text.ddiv_shim
                0x000000001000431c      0x1b0 CMakeFiles/adc_dma_pico.dir/home/ubiedo/pico/pico-sdk/src/rp2_common/pico_double/double_v1_rom_shim.S.obj
                0x000000001000431c                ddiv_shim
 .text.double2uint_shim
                0x00000000100044cc        0xe CMakeFiles/adc_dma_pico.dir/home/ubiedo/pico/pico-sdk/src/rp2_common/pico_double/double_v1_rom_shim.S.obj
                0x00000000100044cc                double2uint_shim
                0x00000000100044ce                double2ufix_shim
 *fill*         0x00000000100044da        0x2 
 .text.double2uint64_shim
                0x00000000100044dc       0x70 CMakeFiles/adc_dma_pico.dir/home/ubiedo/pico/pico-sdk/src/rp2_common/pico_double/double_v1_rom_shim.S.obj
                0x00000000100044dc                double2uint64_shim
                0x00000000100044de                double2ufix64_shim
                0x00000000100044fe                d2fix_a
 .text.dunpacks
                0x000000001000454c       0x3c CMakeFiles/adc_dma_pico.dir/home/ubiedo/pico/pico-sdk/src/rp2_common/pico_double/double_v1_rom_shim.S.obj
                0x000000001000454c                dunpacks
 .text.__aeabi_lmul
                0x0000000010004588       0x32 CMakeFiles/adc_dma_pico.dir/home/ubiedo/pico/pico-sdk/src/rp2_common/pico_int64_ops/pico_int64_ops_aeabi.S.obj
                0x0000000010004588                __wrap___aeabi_lmul
 *fill*         0x00000000100045ba        0x2 
 .text.__aeabi_float_init
                0x00000000100045bc       0xfc CMakeFiles/adc_dma_pico.dir/home/ubiedo/pico/pico-sdk/src/rp2_common/pico_float/float_init_rom.c.obj
                0x00000000100045bc                __aeabi_float_init
 .text.float_table_shim_on_use_helper
                0x00000000100046b8       0x34 CMakeFiles/adc_dma_pico.dir/home/ubiedo/pico/pico-sdk/src/rp2_common/pico_float/float_v1_rom_shim.S.obj
                0x00000000100046b8                float_table_shim_on_use_helper
 .text          0x00000000100046ec       0x10 CMakeFiles/adc_dma_pico.dir/home/ubiedo/pico/pico-sdk/src/rp2_common/pico_mem_ops/mem_ops_aeabi.S.obj
                0x00000000100046ec                __aeabi_mem_init
 .text.memset   0x00000000100046fc        0xc CMakeFiles/adc_dma_pico.dir/home/ubiedo/pico/pico-sdk/src/rp2_common/pico_mem_ops/mem_ops_aeabi.S.obj
                0x00000000100046fc                __wrap_memset
 .text.memcpy   0x0000000010004708        0xc CMakeFiles/adc_dma_pico.dir/home/ubiedo/pico/pico-sdk/src/rp2_common/pico_mem_ops/mem_ops_aeabi.S.obj
                0x0000000010004708                __wrap___aeabi_memcpy
                0x0000000010004708                __wrap_memcpy
 .text.stdio_out_chars_no_crlf
                0x0000000010004714        0xe CMakeFiles/adc_dma_pico.dir/home/ubiedo/pico/pico-sdk/src/rp2_common/pico_stdio/stdio.c.obj
 *fill*         0x0000000010004722        0x2 
 .text.stdio_out_chars_crlf
                0x0000000010004724       0x80 CMakeFiles/adc_dma_pico.dir/home/ubiedo/pico/pico-sdk/src/rp2_common/pico_stdio/stdio.c.obj
 .text.stdio_stack_buffer_flush
                0x00000000100047a4       0x44 CMakeFiles/adc_dma_pico.dir/home/ubiedo/pico/pico-sdk/src/rp2_common/pico_stdio/stdio.c.obj
 .text.stdio_buffered_printer
                0x00000000100047e8       0x20 CMakeFiles/adc_dma_pico.dir/home/ubiedo/pico/pico-sdk/src/rp2_common/pico_stdio/stdio.c.obj
 .text.stdout_serialize_begin
                0x0000000010004808       0x5c CMakeFiles/adc_dma_pico.dir/home/ubiedo/pico/pico-sdk/src/rp2_common/pico_stdio/stdio.c.obj
                0x0000000010004808                stdout_serialize_begin
 .text.stdout_serialize_end
                0x0000000010004864       0x10 CMakeFiles/adc_dma_pico.dir/home/ubiedo/pico/pico-sdk/src/rp2_common/pico_stdio/stdio.c.obj
                0x0000000010004864                stdout_serialize_end
 .text.stdio_put_string
                0x0000000010004874       0x98 CMakeFiles/adc_dma_pico.dir/home/ubiedo/pico/pico-sdk/src/rp2_common/pico_stdio/stdio.c.obj
 .text.stdio_set_driver_enabled
                0x000000001000490c       0x2c CMakeFiles/adc_dma_pico.dir/home/ubiedo/pico/pico-sdk/src/rp2_common/pico_stdio/stdio.c.obj
                0x000000001000490c                stdio_set_driver_enabled
 .text.stdio_flush
                0x0000000010004938       0x20 CMakeFiles/adc_dma_pico.dir/home/ubiedo/pico/pico-sdk/src/rp2_common/pico_stdio/stdio.c.obj
                0x0000000010004938                stdio_flush
 .text.__wrap_puts
                0x0000000010004958       0x1e CMakeFiles/adc_dma_pico.dir/home/ubiedo/pico/pico-sdk/src/rp2_common/pico_stdio/stdio.c.obj
                0x0000000010004958                __wrap_puts
 *fill*         0x0000000010004976        0x2 
 .text.__wrap_vprintf
                0x0000000010004978       0x40 CMakeFiles/adc_dma_pico.dir/home/ubiedo/pico/pico-sdk/src/rp2_common/pico_stdio/stdio.c.obj
                0x0000000010004978                __wrap_vprintf
 .text.__wrap_printf
                0x00000000100049b8       0x18 CMakeFiles/adc_dma_pico.dir/home/ubiedo/pico/pico-sdk/src/rp2_common/pico_stdio/stdio.c.obj
                0x00000000100049b8                __wrap_printf
 .text.stdio_init_all
                0x00000000100049d0        0x8 CMakeFiles/adc_dma_pico.dir/home/ubiedo/pico/pico-sdk/src/rp2_common/pico_stdio/stdio.c.obj
                0x00000000100049d0                stdio_init_all
 .text.resetd_init
                0x00000000100049d8        0x2 CMakeFiles/adc_dma_pico.dir/home/ubiedo/pico/pico-sdk/src/rp2_common/pico_stdio_usb/reset_interface.c.obj
 *fill*         0x00000000100049da        0x2 
 .text.resetd_reset
                0x00000000100049dc        0xc CMakeFiles/adc_dma_pico.dir/home/ubiedo/pico/pico-sdk/src/rp2_common/pico_stdio_usb/reset_interface.c.obj
 .text.resetd_open
                0x00000000100049e8       0x34 CMakeFiles/adc_dma_pico.dir/home/ubiedo/pico/pico-sdk/src/rp2_common/pico_stdio_usb/reset_interface.c.obj
 .text.resetd_xfer_cb
                0x0000000010004a1c        0x4 CMakeFiles/adc_dma_pico.dir/home/ubiedo/pico/pico-sdk/src/rp2_common/pico_stdio_usb/reset_interface.c.obj
 .text.reset_usb_boot
                0x0000000010004a20       0x18 CMakeFiles/adc_dma_pico.dir/home/ubiedo/pico/pico-sdk/src/rp2_common/pico_stdio_usb/reset_interface.c.obj
 .text.resetd_control_xfer_cb
                0x0000000010004a38       0x5c CMakeFiles/adc_dma_pico.dir/home/ubiedo/pico/pico-sdk/src/rp2_common/pico_stdio_usb/reset_interface.c.obj
 .text.usbd_app_driver_get_cb
                0x0000000010004a94        0xc CMakeFiles/adc_dma_pico.dir/home/ubiedo/pico/pico-sdk/src/rp2_common/pico_stdio_usb/reset_interface.c.obj
                0x0000000010004a94                usbd_app_driver_get_cb
 .text.tud_cdc_line_coding_cb
                0x0000000010004aa0       0x28 CMakeFiles/adc_dma_pico.dir/home/ubiedo/pico/pico-sdk/src/rp2_common/pico_stdio_usb/reset_interface.c.obj
                0x0000000010004aa0                tud_cdc_line_coding_cb
 .text.stdio_usb_set_chars_available_callback
                0x0000000010004ac8       0x14 CMakeFiles/adc_dma_pico.dir/home/ubiedo/pico/pico-sdk/src/rp2_common/pico_stdio_usb/stdio_usb.c.obj
                0x0000000010004ac8                stdio_usb_set_chars_available_callback
 .text.usb_irq  0x0000000010004adc       0x10 CMakeFiles/adc_dma_pico.dir/home/ubiedo/pico/pico-sdk/src/rp2_common/pico_stdio_usb/stdio_usb.c.obj
 .text.timer_task
                0x0000000010004aec       0x5c CMakeFiles/adc_dma_pico.dir/home/ubiedo/pico/pico-sdk/src/rp2_common/pico_stdio_usb/stdio_usb.c.obj
 .text.low_priority_worker_irq
                0x0000000010004b48       0xdc CMakeFiles/adc_dma_pico.dir/home/ubiedo/pico/pico-sdk/src/rp2_common/pico_stdio_usb/stdio_usb.c.obj
 .text.tud_cdc_rx_cb
                0x0000000010004c24       0x20 CMakeFiles/adc_dma_pico.dir/home/ubiedo/pico/pico-sdk/src/rp2_common/pico_stdio_usb/stdio_usb.c.obj
                0x0000000010004c24                tud_cdc_rx_cb
 .text.stdio_usb_init
                0x0000000010004c44      0x11c CMakeFiles/adc_dma_pico.dir/home/ubiedo/pico/pico-sdk/src/rp2_common/pico_stdio_usb/stdio_usb.c.obj
                0x0000000010004c44                stdio_usb_init
 .text.stdio_usb_connected
                0x0000000010004d60        0xa CMakeFiles/adc_dma_pico.dir/home/ubiedo/pico/pico-sdk/src/rp2_common/pico_stdio_usb/stdio_usb.c.obj
                0x0000000010004d60                stdio_usb_connected
 *fill*         0x0000000010004d6a        0x2 
 .text.stdio_usb_in_chars
                0x0000000010004d6c       0xc4 CMakeFiles/adc_dma_pico.dir/home/ubiedo/pico/pico-sdk/src/rp2_common/pico_stdio_usb/stdio_usb.c.obj
                0x0000000010004d6c                stdio_usb_in_chars
 .text.stdio_usb_out_chars
                0x0000000010004e30      0x114 CMakeFiles/adc_dma_pico.dir/home/ubiedo/pico/pico-sdk/src/rp2_common/pico_stdio_usb/stdio_usb.c.obj
 .text.tud_descriptor_device_cb
                0x0000000010004f44        0x8 CMakeFiles/adc_dma_pico.dir/home/ubiedo/pico/pico-sdk/src/rp2_common/pico_stdio_usb/stdio_usb_descriptors.c.obj
                0x0000000010004f44                tud_descriptor_device_cb
 .text.tud_descriptor_configuration_cb
                0x0000000010004f4c        0x8 CMakeFiles/adc_dma_pico.dir/home/ubiedo/pico/pico-sdk/src/rp2_common/pico_stdio_usb/stdio_usb_descriptors.c.obj
                0x0000000010004f4c                tud_descriptor_configuration_cb
 .text.tud_descriptor_string_cb
                0x0000000010004f54       0x6c CMakeFiles/adc_dma_pico.dir/home/ubiedo/pico/pico-sdk/src/rp2_common/pico_stdio_usb/stdio_usb_descriptors.c.obj
                0x0000000010004f54                tud_descriptor_string_cb
 .text._retrieve_unique_id_on_boot
                0x0000000010004fc0       0x10 CMakeFiles/adc_dma_pico.dir/home/ubiedo/pico/pico-sdk/src/rp2_common/pico_unique_id/unique_id.c.obj
 .text.pico_get_unique_board_id_string
                0x0000000010004fd0       0x60 CMakeFiles/adc_dma_pico.dir/home/ubiedo/pico/pico-sdk/src/rp2_common/pico_unique_id/unique_id.c.obj
                0x0000000010004fd0                pico_get_unique_board_id_string
 .text.flash_get_unique_id
                0x0000000010005030       0x46 CMakeFiles/adc_dma_pico.dir/home/ubiedo/pico/pico-sdk/src/rp2_common/hardware_flash/flash.c.obj
                0x0000000010005030                flash_get_unique_id
 *fill*         0x0000000010005076        0x2 
 .text.hw_endpoint_get_by_addr
                0x0000000010005078       0x18 CMakeFiles/adc_dma_pico.dir/home/ubiedo/pico/pico-sdk/lib/tinyusb/src/portable/raspberrypi/rp2040/dcd_rp2040.c.obj
 .text._hw_endpoint_alloc
                0x0000000010005090       0x70 CMakeFiles/adc_dma_pico.dir/home/ubiedo/pico/pico-sdk/lib/tinyusb/src/portable/raspberrypi/rp2040/dcd_rp2040.c.obj
 .text.hw_endpoint_init
                0x0000000010005100       0x88 CMakeFiles/adc_dma_pico.dir/home/ubiedo/pico/pico-sdk/lib/tinyusb/src/portable/raspberrypi/rp2040/dcd_rp2040.c.obj
 .text.hw_endpoint_xfer
                0x0000000010005188       0x14 CMakeFiles/adc_dma_pico.dir/home/ubiedo/pico/pico-sdk/lib/tinyusb/src/portable/raspberrypi/rp2040/dcd_rp2040.c.obj
 .text.dcd_int_enable
                0x000000001000519c       0x2c CMakeFiles/adc_dma_pico.dir/home/ubiedo/pico/pico-sdk/lib/tinyusb/src/portable/raspberrypi/rp2040/dcd_rp2040.c.obj
                0x000000001000519c                dcd_int_enable
 .text.dcd_set_address
                0x00000000100051c8       0x2c CMakeFiles/adc_dma_pico.dir/home/ubiedo/pico/pico-sdk/lib/tinyusb/src/portable/raspberrypi/rp2040/dcd_rp2040.c.obj
                0x00000000100051c8                dcd_set_address
 .text.dcd_connect
                0x00000000100051f4       0x10 CMakeFiles/adc_dma_pico.dir/home/ubiedo/pico/pico-sdk/lib/tinyusb/src/portable/raspberrypi/rp2040/dcd_rp2040.c.obj
                0x00000000100051f4                dcd_connect
 .text.dcd_init
                0x0000000010005204       0x80 CMakeFiles/adc_dma_pico.dir/home/ubiedo/pico/pico-sdk/lib/tinyusb/src/portable/raspberrypi/rp2040/dcd_rp2040.c.obj
                0x0000000010005204                dcd_init
 .text.dcd_edpt0_status_complete
                0x0000000010005284       0x1c CMakeFiles/adc_dma_pico.dir/home/ubiedo/pico/pico-sdk/lib/tinyusb/src/portable/raspberrypi/rp2040/dcd_rp2040.c.obj
                0x0000000010005284                dcd_edpt0_status_complete
 .text.dcd_edpt_open
                0x00000000100052a0       0x40 CMakeFiles/adc_dma_pico.dir/home/ubiedo/pico/pico-sdk/lib/tinyusb/src/portable/raspberrypi/rp2040/dcd_rp2040.c.obj
                0x00000000100052a0                dcd_edpt_open
 .text.dcd_edpt_close_all
                0x00000000100052e0        0x8 CMakeFiles/adc_dma_pico.dir/home/ubiedo/pico/pico-sdk/lib/tinyusb/src/portable/raspberrypi/rp2040/dcd_rp2040.c.obj
                0x00000000100052e0                dcd_edpt_close_all
 .text.dcd_edpt_xfer
                0x00000000100052e8       0x34 CMakeFiles/adc_dma_pico.dir/home/ubiedo/pico/pico-sdk/lib/tinyusb/src/portable/raspberrypi/rp2040/dcd_rp2040.c.obj
                0x00000000100052e8                dcd_edpt_xfer
 .text.dcd_edpt_stall
                0x000000001000531c       0x2c CMakeFiles/adc_dma_pico.dir/home/ubiedo/pico/pico-sdk/lib/tinyusb/src/portable/raspberrypi/rp2040/dcd_rp2040.c.obj
                0x000000001000531c                dcd_edpt_stall
 .text.dcd_edpt_clear_stall
                0x0000000010005348       0x20 CMakeFiles/adc_dma_pico.dir/home/ubiedo/pico/pico-sdk/lib/tinyusb/src/portable/raspberrypi/rp2040/dcd_rp2040.c.obj
                0x0000000010005348                dcd_edpt_clear_stall
 .text.rp2040_usb_init
                0x0000000010005368       0x4c CMakeFiles/adc_dma_pico.dir/home/ubiedo/pico/pico-sdk/lib/tinyusb/src/portable/raspberrypi/rp2040/rp2040_usb.c.obj
                0x0000000010005368                rp2040_usb_init
 .text.hw_endpoint_xfer_start
                0x00000000100053b4       0x50 CMakeFiles/adc_dma_pico.dir/home/ubiedo/pico/pico-sdk/lib/tinyusb/src/portable/raspberrypi/rp2040/rp2040_usb.c.obj
                0x00000000100053b4                hw_endpoint_xfer_start
 .text.configuration_reset
                0x0000000010005404       0x84 CMakeFiles/adc_dma_pico.dir/home/ubiedo/pico/pico-sdk/lib/tinyusb/src/device/usbd.c.obj
 .text.usbd_reset
                0x0000000010005488        0xc CMakeFiles/adc_dma_pico.dir/home/ubiedo/pico/pico-sdk/lib/tinyusb/src/device/usbd.c.obj
 .text.invoke_class_control
                0x0000000010005494       0x1a CMakeFiles/adc_dma_pico.dir/home/ubiedo/pico/pico-sdk/lib/tinyusb/src/device/usbd.c.obj
 *fill*         0x00000000100054ae        0x2 
 .text.process_set_config
                0x00000000100054b0      0x178 CMakeFiles/adc_dma_pico.dir/home/ubiedo/pico/pico-sdk/lib/tinyusb/src/device/usbd.c.obj
 .text.process_get_descriptor
                0x0000000010005628       0xdc CMakeFiles/adc_dma_pico.dir/home/ubiedo/pico/pico-sdk/lib/tinyusb/src/device/usbd.c.obj
 .text.tud_mounted
                0x0000000010005704       0x10 CMakeFiles/adc_dma_pico.dir/home/ubiedo/pico/pico-sdk/lib/tinyusb/src/device/usbd.c.obj
                0x0000000010005704                tud_mounted
 .text.tud_suspended
                0x0000000010005714       0x10 CMakeFiles/adc_dma_pico.dir/home/ubiedo/pico/pico-sdk/lib/tinyusb/src/device/usbd.c.obj
                0x0000000010005714                tud_suspended
 .text.tud_inited
                0x0000000010005724       0x14 CMakeFiles/adc_dma_pico.dir/home/ubiedo/pico/pico-sdk/lib/tinyusb/src/device/usbd.c.obj
                0x0000000010005724                tud_inited
 .text.tud_init
                0x0000000010005738       0xcc CMakeFiles/adc_dma_pico.dir/home/ubiedo/pico/pico-sdk/lib/tinyusb/src/device/usbd.c.obj
                0x0000000010005738                tud_init
 .text.usbd_defer_func
                0x0000000010005804       0x2a CMakeFiles/adc_dma_pico.dir/home/ubiedo/pico/pico-sdk/lib/tinyusb/src/device/usbd.c.obj
                0x0000000010005804                usbd_defer_func
 *fill*         0x000000001000582e        0x2 
 .text.usbd_edpt_open
                0x0000000010005830       0x34 CMakeFiles/adc_dma_pico.dir/home/ubiedo/pico/pico-sdk/lib/tinyusb/src/device/usbd.c.obj
                0x0000000010005830                usbd_edpt_open
 .text.usbd_open_edpt_pair
                0x0000000010005864       0x62 CMakeFiles/adc_dma_pico.dir/home/ubiedo/pico/pico-sdk/lib/tinyusb/src/device/usbd.c.obj
                0x0000000010005864                usbd_open_edpt_pair
 *fill*         0x00000000100058c6        0x2 
 .text.usbd_edpt_claim
                0x00000000100058c8       0x28 CMakeFiles/adc_dma_pico.dir/home/ubiedo/pico/pico-sdk/lib/tinyusb/src/device/usbd.c.obj
                0x00000000100058c8                usbd_edpt_claim
 .text.usbd_edpt_release
                0x00000000100058f0       0x28 CMakeFiles/adc_dma_pico.dir/home/ubiedo/pico/pico-sdk/lib/tinyusb/src/device/usbd.c.obj
                0x00000000100058f0                usbd_edpt_release
 .text.usbd_edpt_xfer
                0x0000000010005918       0x78 CMakeFiles/adc_dma_pico.dir/home/ubiedo/pico/pico-sdk/lib/tinyusb/src/device/usbd.c.obj
                0x0000000010005918                usbd_edpt_xfer
 .text.usbd_edpt_stall
                0x0000000010005990       0x48 CMakeFiles/adc_dma_pico.dir/home/ubiedo/pico/pico-sdk/lib/tinyusb/src/device/usbd.c.obj
                0x0000000010005990                usbd_edpt_stall
 .text.usbd_edpt_clear_stall
                0x00000000100059d8       0x48 CMakeFiles/adc_dma_pico.dir/home/ubiedo/pico/pico-sdk/lib/tinyusb/src/device/usbd.c.obj
                0x00000000100059d8                usbd_edpt_clear_stall
 .text.usbd_edpt_stalled
                0x0000000010005a20       0x1c CMakeFiles/adc_dma_pico.dir/home/ubiedo/pico/pico-sdk/lib/tinyusb/src/device/usbd.c.obj
                0x0000000010005a20                usbd_edpt_stalled
 .text.process_control_request
                0x0000000010005a3c      0x37c CMakeFiles/adc_dma_pico.dir/home/ubiedo/pico/pico-sdk/lib/tinyusb/src/device/usbd.c.obj
 .text.tud_task_ext
                0x0000000010005db8      0x1b8 CMakeFiles/adc_dma_pico.dir/home/ubiedo/pico/pico-sdk/lib/tinyusb/src/device/usbd.c.obj
                0x0000000010005db8                tud_task_ext
 .text._data_stage_xact
                0x0000000010005f70       0x58 CMakeFiles/adc_dma_pico.dir/home/ubiedo/pico/pico-sdk/lib/tinyusb/src/device/usbd_control.c.obj
 .text.tud_control_status
                0x0000000010005fc8       0x38 CMakeFiles/adc_dma_pico.dir/home/ubiedo/pico/pico-sdk/lib/tinyusb/src/device/usbd_control.c.obj
                0x0000000010005fc8                tud_control_status
 .text.tud_control_xfer
                0x0000000010006000       0x74 CMakeFiles/adc_dma_pico.dir/home/ubiedo/pico/pico-sdk/lib/tinyusb/src/device/usbd_control.c.obj
                0x0000000010006000                tud_control_xfer
 .text.usbd_control_reset
                0x0000000010006074       0x14 CMakeFiles/adc_dma_pico.dir/home/ubiedo/pico/pico-sdk/lib/tinyusb/src/device/usbd_control.c.obj
                0x0000000010006074                usbd_control_reset
 .text.usbd_control_set_complete_callback
                0x0000000010006088        0xc CMakeFiles/adc_dma_pico.dir/home/ubiedo/pico/pico-sdk/lib/tinyusb/src/device/usbd_control.c.obj
                0x0000000010006088                usbd_control_set_complete_callback
 .text.usbd_control_set_request
                0x0000000010006094       0x1c CMakeFiles/adc_dma_pico.dir/home/ubiedo/pico/pico-sdk/lib/tinyusb/src/device/usbd_control.c.obj
                0x0000000010006094                usbd_control_set_request
 .text.usbd_control_xfer_cb
                0x00000000100060b0       0xcc CMakeFiles/adc_dma_pico.dir/home/ubiedo/pico/pico-sdk/lib/tinyusb/src/device/usbd_control.c.obj
                0x00000000100060b0                usbd_control_xfer_cb
 .text._prep_out_transaction
                0x000000001000617c       0x4a CMakeFiles/adc_dma_pico.dir/home/ubiedo/pico/pico-sdk/lib/tinyusb/src/class/cdc/cdc_device.c.obj
 *fill*         0x00000000100061c6        0x2 
 .text.tud_cdc_n_connected
                0x00000000100061c8       0x44 CMakeFiles/adc_dma_pico.dir/home/ubiedo/pico/pico-sdk/lib/tinyusb/src/class/cdc/cdc_device.c.obj
                0x00000000100061c8                tud_cdc_n_connected
 .text.tud_cdc_n_available
                0x000000001000620c       0x18 CMakeFiles/adc_dma_pico.dir/home/ubiedo/pico/pico-sdk/lib/tinyusb/src/class/cdc/cdc_device.c.obj
                0x000000001000620c                tud_cdc_n_available
 .text.tud_cdc_n_read
                0x0000000010006224       0x28 CMakeFiles/adc_dma_pico.dir/home/ubiedo/pico/pico-sdk/lib/tinyusb/src/class/cdc/cdc_device.c.obj
                0x0000000010006224                tud_cdc_n_read
 .text.tud_cdc_n_write_flush
                0x000000001000624c       0xb8 CMakeFiles/adc_dma_pico.dir/home/ubiedo/pico/pico-sdk/lib/tinyusb/src/class/cdc/cdc_device.c.obj
                0x000000001000624c                tud_cdc_n_write_flush
 .text.tud_cdc_n_write
                0x0000000010006304       0x38 CMakeFiles/adc_dma_pico.dir/home/ubiedo/pico/pico-sdk/lib/tinyusb/src/class/cdc/cdc_device.c.obj
                0x0000000010006304                tud_cdc_n_write
 .text.tud_cdc_n_write_available
                0x000000001000633c       0x1c CMakeFiles/adc_dma_pico.dir/home/ubiedo/pico/pico-sdk/lib/tinyusb/src/class/cdc/cdc_device.c.obj
                0x000000001000633c                tud_cdc_n_write_available
 .text.cdcd_init
                0x0000000010006358       0xbc CMakeFiles/adc_dma_pico.dir/home/ubiedo/pico/pico-sdk/lib/tinyusb/src/class/cdc/cdc_device.c.obj
                0x0000000010006358                cdcd_init
 .text.cdcd_reset
                0x0000000010006414       0x44 CMakeFiles/adc_dma_pico.dir/home/ubiedo/pico/pico-sdk/lib/tinyusb/src/class/cdc/cdc_device.c.obj
                0x0000000010006414                cdcd_reset
 .text.cdcd_open
                0x0000000010006458       0xcc CMakeFiles/adc_dma_pico.dir/home/ubiedo/pico/pico-sdk/lib/tinyusb/src/class/cdc/cdc_device.c.obj
                0x0000000010006458                cdcd_open
 .text.cdcd_control_xfer_cb
                0x0000000010006524      0x134 CMakeFiles/adc_dma_pico.dir/home/ubiedo/pico/pico-sdk/lib/tinyusb/src/class/cdc/cdc_device.c.obj
                0x0000000010006524                cdcd_control_xfer_cb
 .text.cdcd_xfer_cb
                0x0000000010006658      0x130 CMakeFiles/adc_dma_pico.dir/home/ubiedo/pico/pico-sdk/lib/tinyusb/src/class/cdc/cdc_device.c.obj
                0x0000000010006658                cdcd_xfer_cb
 .text.tusb_init
                0x0000000010006788        0xa CMakeFiles/adc_dma_pico.dir/home/ubiedo/pico/pico-sdk/lib/tinyusb/src/tusb.c.obj
                0x0000000010006788                tusb_init
 .text.tusb_inited
                0x0000000010006792        0xe CMakeFiles/adc_dma_pico.dir/home/ubiedo/pico/pico-sdk/lib/tinyusb/src/tusb.c.obj
                0x0000000010006792                tusb_inited
 .text.tu_edpt_claim
                0x00000000100067a0       0x50 CMakeFiles/adc_dma_pico.dir/home/ubiedo/pico/pico-sdk/lib/tinyusb/src/tusb.c.obj
                0x00000000100067a0                tu_edpt_claim
 .text.tu_edpt_release
                0x00000000100067f0       0x3c CMakeFiles/adc_dma_pico.dir/home/ubiedo/pico/pico-sdk/lib/tinyusb/src/tusb.c.obj
                0x00000000100067f0                tu_edpt_release
 .text.tu_edpt_validate
                0x000000001000682c       0x78 CMakeFiles/adc_dma_pico.dir/home/ubiedo/pico/pico-sdk/lib/tinyusb/src/tusb.c.obj
                0x000000001000682c                tu_edpt_validate
 .text.tu_edpt_bind_driver
                0x00000000100068a4       0x26 CMakeFiles/adc_dma_pico.dir/home/ubiedo/pico/pico-sdk/lib/tinyusb/src/tusb.c.obj
                0x00000000100068a4                tu_edpt_bind_driver
 .text.advance_index
                0x00000000100068ca       0x1a CMakeFiles/adc_dma_pico.dir/home/ubiedo/pico/pico-sdk/lib/tinyusb/src/common/tusb_fifo.c.obj
 .text._tu_fifo_peek
                0x00000000100068e4       0x56 CMakeFiles/adc_dma_pico.dir/home/ubiedo/pico/pico-sdk/lib/tinyusb/src/common/tusb_fifo.c.obj
 .text._ff_pull_const_addr
                0x000000001000693a       0x4c CMakeFiles/adc_dma_pico.dir/home/ubiedo/pico/pico-sdk/lib/tinyusb/src/common/tusb_fifo.c.obj
 .text._ff_pull_n
                0x0000000010006986      0x110 CMakeFiles/adc_dma_pico.dir/home/ubiedo/pico/pico-sdk/lib/tinyusb/src/common/tusb_fifo.c.obj
 .text._tu_fifo_peek_n
                0x0000000010006a96       0x6a CMakeFiles/adc_dma_pico.dir/home/ubiedo/pico/pico-sdk/lib/tinyusb/src/common/tusb_fifo.c.obj
 .text._tu_fifo_read_n
                0x0000000010006b00       0x4e CMakeFiles/adc_dma_pico.dir/home/ubiedo/pico/pico-sdk/lib/tinyusb/src/common/tusb_fifo.c.obj
 .text._ff_push_const_addr
                0x0000000010006b4e       0x40 CMakeFiles/adc_dma_pico.dir/home/ubiedo/pico/pico-sdk/lib/tinyusb/src/common/tusb_fifo.c.obj
 .text._ff_push_n
                0x0000000010006b8e      0x10c CMakeFiles/adc_dma_pico.dir/home/ubiedo/pico/pico-sdk/lib/tinyusb/src/common/tusb_fifo.c.obj
 .text._tu_fifo_write_n
                0x0000000010006c9a       0xf0 CMakeFiles/adc_dma_pico.dir/home/ubiedo/pico/pico-sdk/lib/tinyusb/src/common/tusb_fifo.c.obj
 .text.tu_fifo_config
                0x0000000010006d8a       0x7c CMakeFiles/adc_dma_pico.dir/home/ubiedo/pico/pico-sdk/lib/tinyusb/src/common/tusb_fifo.c.obj
                0x0000000010006d8a                tu_fifo_config
 .text.tu_fifo_count
                0x0000000010006e06       0x2a CMakeFiles/adc_dma_pico.dir/home/ubiedo/pico/pico-sdk/lib/tinyusb/src/common/tusb_fifo.c.obj
                0x0000000010006e06                tu_fifo_count
 .text.tu_fifo_empty
                0x0000000010006e30       0x10 CMakeFiles/adc_dma_pico.dir/home/ubiedo/pico/pico-sdk/lib/tinyusb/src/common/tusb_fifo.c.obj
                0x0000000010006e30                tu_fifo_empty
 .text.tu_fifo_full
                0x0000000010006e40       0x28 CMakeFiles/adc_dma_pico.dir/home/ubiedo/pico/pico-sdk/lib/tinyusb/src/common/tusb_fifo.c.obj
                0x0000000010006e40                tu_fifo_full
 .text.tu_fifo_remaining
                0x0000000010006e68       0x2c CMakeFiles/adc_dma_pico.dir/home/ubiedo/pico/pico-sdk/lib/tinyusb/src/common/tusb_fifo.c.obj
                0x0000000010006e68                tu_fifo_remaining
 .text.tu_fifo_read
                0x0000000010006e94       0x42 CMakeFiles/adc_dma_pico.dir/home/ubiedo/pico/pico-sdk/lib/tinyusb/src/common/tusb_fifo.c.obj
                0x0000000010006e94                tu_fifo_read
 .text.tu_fifo_read_n
                0x0000000010006ed6        0xa CMakeFiles/adc_dma_pico.dir/home/ubiedo/pico/pico-sdk/lib/tinyusb/src/common/tusb_fifo.c.obj
                0x0000000010006ed6                tu_fifo_read_n
 .text.tu_fifo_write
                0x0000000010006ee0       0x64 CMakeFiles/adc_dma_pico.dir/home/ubiedo/pico/pico-sdk/lib/tinyusb/src/common/tusb_fifo.c.obj
                0x0000000010006ee0                tu_fifo_write
 .text.tu_fifo_write_n
                0x0000000010006f44        0xa CMakeFiles/adc_dma_pico.dir/home/ubiedo/pico/pico-sdk/lib/tinyusb/src/common/tusb_fifo.c.obj
                0x0000000010006f44                tu_fifo_write_n
 .text.tu_fifo_clear
                0x0000000010006f4e       0x3e CMakeFiles/adc_dma_pico.dir/home/ubiedo/pico/pico-sdk/lib/tinyusb/src/common/tusb_fifo.c.obj
                0x0000000010006f4e                tu_fifo_clear
 .text.tu_fifo_set_overwritable
                0x0000000010006f8c       0x46 CMakeFiles/adc_dma_pico.dir/home/ubiedo/pico/pico-sdk/lib/tinyusb/src/common/tusb_fifo.c.obj
                0x0000000010006f8c                tu_fifo_set_overwritable
 *fill*         0x0000000010006fd2        0x2 
 .text.adc_init
                0x0000000010006fd4       0x34 CMakeFiles/adc_dma_pico.dir/home/ubiedo/pico/pico-sdk/src/rp2_common/hardware_adc/adc.c.obj
                0x0000000010006fd4                adc_init
 .text.dma_claim_unused_channel
                0x0000000010007008       0x20 CMakeFiles/adc_dma_pico.dir/home/ubiedo/pico/pico-sdk/src/rp2_common/hardware_dma/dma.c.obj
                0x0000000010007008                dma_claim_unused_channel
 .text          0x0000000010007028       0x5c /usr/lib/gcc/arm-none-eabi/10.3.1/../../../arm-none-eabi/lib/thumb/v6-m/nofp/libg.a(lib_a-strlen-stub.o)
                0x0000000010007028                strlen
 *(.fini)
 .fini          0x0000000010007084        0x4 /usr/lib/gcc/arm-none-eabi/10.3.1/thumb/v6-m/nofp/crti.o
                0x0000000010007084                _fini
 .fini.__stub   0x0000000010007088       0xe0 linker stubs
 *crtbegin.o(.ctors)
 *crtbegin?.o(.ctors)
 *(EXCLUDE_FILE(*crtend.o *crtend?.o) .ctors)
 *(SORT_BY_NAME(.ctors.*))
 *(.ctors)
 *crtbegin.o(.dtors)
 *crtbegin?.o(.dtors)
 *(EXCLUDE_FILE(*crtend.o *crtend?.o) .dtors)
 *(SORT_BY_NAME(.dtors.*))
 *(.dtors)
 *(.eh_frame*)
 .eh_frame      0x0000000010007168        0x0 /usr/lib/gcc/arm-none-eabi/10.3.1/thumb/v6-m/nofp/crtbegin.o
                0x0000000010007168                . = ALIGN (0x4)

.glue_7         0x0000000010007168        0x0
 .glue_7        0x0000000010007168        0x0 linker stubs

.glue_7t        0x0000000010007168        0x0
 .glue_7t       0x0000000010007168        0x0 linker stubs

.vfp11_veneer   0x0000000010007168        0x0
 .vfp11_veneer  0x0000000010007168        0x0 linker stubs

.v4_bx          0x0000000010007168        0x0
 .v4_bx         0x0000000010007168        0x0 linker stubs

.iplt           0x0000000010007168        0x0
 .iplt          0x0000000010007168        0x0 /usr/lib/gcc/arm-none-eabi/10.3.1/thumb/v6-m/nofp/crtbegin.o

.rodata         0x0000000010007168     0x1688
 *(EXCLUDE_FILE(*libm.a: *libc.a:*lib_a-mem*.o *libgcc.a:) .rodata*)
 .rodata.main.str1.4
                0x0000000010007168       0xfb CMakeFiles/adc_dma_pico.dir/adc_dma_pico.c.obj
 *fill*         0x0000000010007263        0x1 
 .rodata.__func__.3
                0x0000000010007264       0x1c CMakeFiles/adc_dma_pico.dir/adc_dma_pico.c.obj
 .rodata.spin_lock_claim_unused.str1.4
                0x0000000010007280       0x1b CMakeFiles/adc_dma_pico.dir/home/ubiedo/pico/pico-sdk/src/rp2_common/hardware_sync/sync.c.obj
 *fill*         0x000000001000729b        0x1 
 .rodata.make_branch.str1.4
                0x000000001000729c       0x6d CMakeFiles/adc_dma_pico.dir/home/ubiedo/pico/pico-sdk/src/rp2_common/hardware_irq/irq.c.obj
 *fill*         0x0000000010007309        0x3 
 .rodata.insert_branch_and_link.str1.4
                0x000000001000730c       0x10 CMakeFiles/adc_dma_pico.dir/home/ubiedo/pico/pico-sdk/src/rp2_common/hardware_irq/irq.c.obj
 .rodata.irq_set_exclusive_handler.str1.4
                0x000000001000731c       0x36 CMakeFiles/adc_dma_pico.dir/home/ubiedo/pico/pico-sdk/src/rp2_common/hardware_irq/irq.c.obj
 *fill*         0x0000000010007352        0x2 
 .rodata.irq_add_shared_handler.str1.4
                0x0000000010007354       0xd9 CMakeFiles/adc_dma_pico.dir/home/ubiedo/pico/pico-sdk/src/rp2_common/hardware_irq/irq.c.obj
 *fill*         0x000000001000742d        0x3 
 .rodata.irq_remove_handler.str1.4
                0x0000000010007430       0x3a CMakeFiles/adc_dma_pico.dir/home/ubiedo/pico/pico-sdk/src/rp2_common/hardware_irq/irq.c.obj
 *fill*         0x000000001000746a        0x2 
 .rodata.irq_add_tail_to_free_list.str1.4
                0x000000001000746c       0x3a CMakeFiles/adc_dma_pico.dir/home/ubiedo/pico/pico-sdk/src/rp2_common/hardware_irq/irq.c.obj
 *fill*         0x00000000100074a6        0x2 
 .rodata.user_irq_claim_unused.str1.4
                0x00000000100074a8       0x1b CMakeFiles/adc_dma_pico.dir/home/ubiedo/pico/pico-sdk/src/rp2_common/hardware_irq/irq.c.obj
 *fill*         0x00000000100074c3        0x1 
 .rodata.__func__.0
                0x00000000100074c4       0x1a CMakeFiles/adc_dma_pico.dir/home/ubiedo/pico/pico-sdk/src/rp2_common/hardware_irq/irq.c.obj
 *fill*         0x00000000100074de        0x2 
 .rodata.__func__.1
                0x00000000100074e0       0x17 CMakeFiles/adc_dma_pico.dir/home/ubiedo/pico/pico-sdk/src/rp2_common/hardware_irq/irq.c.obj
 *fill*         0x00000000100074f7        0x1 
 .rodata.__func__.2
                0x00000000100074f8       0x13 CMakeFiles/adc_dma_pico.dir/home/ubiedo/pico/pico-sdk/src/rp2_common/hardware_irq/irq.c.obj
 *fill*         0x000000001000750b        0x1 
 .rodata.__func__.3
                0x000000001000750c        0xc CMakeFiles/adc_dma_pico.dir/home/ubiedo/pico/pico-sdk/src/rp2_common/hardware_irq/irq.c.obj
 .rodata.__func__.4
                0x0000000010007518        0xf CMakeFiles/adc_dma_pico.dir/home/ubiedo/pico/pico-sdk/src/rp2_common/hardware_irq/irq.c.obj
 *fill*         0x0000000010007527        0x1 
 .rodata.__func__.5
                0x0000000010007528       0x17 CMakeFiles/adc_dma_pico.dir/home/ubiedo/pico/pico-sdk/src/rp2_common/hardware_irq/irq.c.obj
 *fill*         0x000000001000753f        0x1 
 .rodata.__func__.6
                0x0000000010007540       0x1a CMakeFiles/adc_dma_pico.dir/home/ubiedo/pico/pico-sdk/src/rp2_common/hardware_irq/irq.c.obj
 *fill*         0x000000001000755a        0x2 
 .rodata.str1.4
                0x000000001000755c       0xed CMakeFiles/adc_dma_pico.dir/home/ubiedo/pico/pico-sdk/src/common/pico_sync/mutex.c.obj
 *fill*         0x0000000010007649        0x3 
 .rodata.__func__.1
                0x000000001000764c        0xb CMakeFiles/adc_dma_pico.dir/home/ubiedo/pico/pico-sdk/src/common/pico_sync/mutex.c.obj
 *fill*         0x0000000010007657        0x1 
 .rodata.__func__.3
                0x0000000010007658       0x18 CMakeFiles/adc_dma_pico.dir/home/ubiedo/pico/pico-sdk/src/common/pico_sync/mutex.c.obj
 .rodata.__func__.4
                0x0000000010007670       0x15 CMakeFiles/adc_dma_pico.dir/home/ubiedo/pico/pico-sdk/src/common/pico_sync/mutex.c.obj
 *fill*         0x0000000010007685        0x3 
 .rodata.repeating_timer_callback.str1.4
                0x0000000010007688       0x4b CMakeFiles/adc_dma_pico.dir/home/ubiedo/pico/pico-sdk/src/common/pico_time/time.c.obj
 *fill*         0x00000000100076d3        0x1 
 .rodata.timer_pool_entry_comparator.str1.4
                0x00000000100076d4       0x22 CMakeFiles/adc_dma_pico.dir/home/ubiedo/pico/pico-sdk/src/common/pico_time/time.c.obj
 *fill*         0x00000000100076f6        0x2 
 .rodata.ph_add_child_node.str1.4
                0x00000000100076f8       0x96 CMakeFiles/adc_dma_pico.dir/home/ubiedo/pico/pico-sdk/src/common/pico_time/time.c.obj
 *fill*         0x000000001000778e        0x2 
 .rodata.add_alarm_under_lock.str1.4
                0x0000000010007790       0x28 CMakeFiles/adc_dma_pico.dir/home/ubiedo/pico/pico-sdk/src/common/pico_time/time.c.obj
                                         0x2b (size before relaxing)
 .rodata.alarm_pool_alarm_callback.str1.4
                0x00000000100077b8       0x98 CMakeFiles/adc_dma_pico.dir/home/ubiedo/pico/pico-sdk/src/common/pico_time/time.c.obj
                                         0xfc (size before relaxing)
 .rodata.alarm_pool_get_default.str1.4
                0x0000000010007850       0x21 CMakeFiles/adc_dma_pico.dir/home/ubiedo/pico/pico-sdk/src/common/pico_time/time.c.obj
 *fill*         0x0000000010007871        0x3 
 .rodata.alarm_pool_cancel_alarm.str1.4
                0x0000000010007874       0x27 CMakeFiles/adc_dma_pico.dir/home/ubiedo/pico/pico-sdk/src/common/pico_time/time.c.obj
 *fill*         0x000000001000789b        0x1 
 .rodata.sleep_until.str1.4
                0x000000001000789c       0x4d CMakeFiles/adc_dma_pico.dir/home/ubiedo/pico/pico-sdk/src/common/pico_time/time.c.obj
 *fill*         0x00000000100078e9        0x3 
 .rodata.__func__.1
                0x00000000100078ec       0x18 CMakeFiles/adc_dma_pico.dir/home/ubiedo/pico/pico-sdk/src/common/pico_time/time.c.obj
 .rodata.__func__.10
                0x0000000010007904       0x15 CMakeFiles/adc_dma_pico.dir/home/ubiedo/pico/pico-sdk/src/common/pico_time/time.c.obj
 *fill*         0x0000000010007919        0x3 
 .rodata.__func__.11
                0x000000001000791c       0x1a CMakeFiles/adc_dma_pico.dir/home/ubiedo/pico/pico-sdk/src/common/pico_time/time.c.obj
 *fill*         0x0000000010007936        0x2 
 .rodata.__func__.12
                0x0000000010007938        0xa CMakeFiles/adc_dma_pico.dir/home/ubiedo/pico/pico-sdk/src/common/pico_time/time.c.obj
 *fill*         0x0000000010007942        0x2 
 .rodata.__func__.3
                0x0000000010007944       0x17 CMakeFiles/adc_dma_pico.dir/home/ubiedo/pico/pico-sdk/src/common/pico_time/time.c.obj
 *fill*         0x000000001000795b        0x1 
 .rodata.__func__.4
                0x000000001000795c       0x12 CMakeFiles/adc_dma_pico.dir/home/ubiedo/pico/pico-sdk/src/common/pico_time/time.c.obj
 *fill*         0x000000001000796e        0x2 
 .rodata.__func__.5
                0x0000000010007970        0xd CMakeFiles/adc_dma_pico.dir/home/ubiedo/pico/pico-sdk/src/common/pico_time/time.c.obj
 *fill*         0x000000001000797d        0x3 
 .rodata.__func__.6
                0x0000000010007980       0x12 CMakeFiles/adc_dma_pico.dir/home/ubiedo/pico/pico-sdk/src/common/pico_time/time.c.obj
 *fill*         0x0000000010007992        0x2 
 .rodata.__func__.7
                0x0000000010007994        0xf CMakeFiles/adc_dma_pico.dir/home/ubiedo/pico/pico-sdk/src/common/pico_time/time.c.obj
 *fill*         0x00000000100079a3        0x1 
 .rodata.__func__.8
                0x00000000100079a4        0xc CMakeFiles/adc_dma_pico.dir/home/ubiedo/pico/pico-sdk/src/common/pico_time/time.c.obj
 .rodata.__func__.9
                0x00000000100079b0       0x15 CMakeFiles/adc_dma_pico.dir/home/ubiedo/pico/pico-sdk/src/common/pico_time/time.c.obj
 *fill*         0x00000000100079c5        0x3 
 .rodata.hardware_alarm_claim.str1.4
                0x00000000100079c8       0x22 CMakeFiles/adc_dma_pico.dir/home/ubiedo/pico/pico-sdk/src/rp2_common/hardware_timer/timer.c.obj
 *fill*         0x00000000100079ea        0x2 
 .rodata.hardware_alarm_set_target.str1.4
                0x00000000100079ec       0x65 CMakeFiles/adc_dma_pico.dir/home/ubiedo/pico/pico-sdk/src/rp2_common/hardware_timer/timer.c.obj
 *fill*         0x0000000010007a51        0x3 
 .rodata.__func__.0
                0x0000000010007a54       0x1a CMakeFiles/adc_dma_pico.dir/home/ubiedo/pico/pico-sdk/src/rp2_common/hardware_timer/timer.c.obj
 .rodata.ph_add_child_node.str1.4
                0x0000000010007a6e       0x96 CMakeFiles/adc_dma_pico.dir/home/ubiedo/pico/pico-sdk/src/common/pico_util/pheap.c.obj
 *fill*         0x0000000010007a6e        0x2 
 .rodata.ph_remove_any_head.str1.4
                0x0000000010007a70       0x8c CMakeFiles/adc_dma_pico.dir/home/ubiedo/pico/pico-sdk/src/common/pico_util/pheap.c.obj
                                         0xa0 (size before relaxing)
 .rodata.ph_remove_and_free_node.str1.4
                0x0000000010007afc       0x1e CMakeFiles/adc_dma_pico.dir/home/ubiedo/pico/pico-sdk/src/common/pico_util/pheap.c.obj
                                         0x26 (size before relaxing)
 *fill*         0x0000000010007b1a        0x2 
 .rodata.__func__.0
                0x0000000010007b1c       0x18 CMakeFiles/adc_dma_pico.dir/home/ubiedo/pico/pico-sdk/src/common/pico_util/pheap.c.obj
 .rodata.__func__.1
                0x0000000010007b34       0x13 CMakeFiles/adc_dma_pico.dir/home/ubiedo/pico/pico-sdk/src/common/pico_util/pheap.c.obj
 *fill*         0x0000000010007b47        0x1 
 .rodata.__func__.2
                0x0000000010007b48       0x12 CMakeFiles/adc_dma_pico.dir/home/ubiedo/pico/pico-sdk/src/common/pico_util/pheap.c.obj
 *fill*         0x0000000010007b5a        0x2 
 .rodata.__func__.3
                0x0000000010007b5c        0xc CMakeFiles/adc_dma_pico.dir/home/ubiedo/pico/pico-sdk/src/common/pico_util/pheap.c.obj
 .rodata.clock_configure.str1.4
                0x0000000010007b68       0x57 CMakeFiles/adc_dma_pico.dir/home/ubiedo/pico/pico-sdk/src/rp2_common/hardware_clocks/clocks.c.obj
 *fill*         0x0000000010007bbf        0x1 
 .rodata.__func__.1
                0x0000000010007bc0       0x10 CMakeFiles/adc_dma_pico.dir/home/ubiedo/pico/pico-sdk/src/rp2_common/hardware_clocks/clocks.c.obj
 .rodata.pll_init.str1.4
                0x0000000010007bd0      0x124 CMakeFiles/adc_dma_pico.dir/home/ubiedo/pico/pico-sdk/src/rp2_common/hardware_pll/pll.c.obj
 .rodata.__func__.0
                0x0000000010007cf4        0x9 CMakeFiles/adc_dma_pico.dir/home/ubiedo/pico/pico-sdk/src/rp2_common/hardware_pll/pll.c.obj
 *fill*         0x0000000010007cfd        0x3 
 .rodata.__assert_func.str1.4
                0x0000000010007d00       0x3f CMakeFiles/adc_dma_pico.dir/home/ubiedo/pico/pico-sdk/src/rp2_common/pico_runtime/runtime.c.obj
                                         0x43 (size before relaxing)
 *fill*         0x0000000010007d3f        0x1 
 .rodata.runtime_init.str1.4
                0x0000000010007d40       0x61 CMakeFiles/adc_dma_pico.dir/home/ubiedo/pico/pico-sdk/src/rp2_common/pico_runtime/runtime.c.obj
 *fill*         0x0000000010007da1        0x3 
 .rodata.panic.str1.4
                0x0000000010007da4       0x12 CMakeFiles/adc_dma_pico.dir/home/ubiedo/pico/pico-sdk/src/rp2_common/pico_runtime/runtime.c.obj
 *fill*         0x0000000010007db6        0x2 
 .rodata.__func__.2
                0x0000000010007db8        0xd CMakeFiles/adc_dma_pico.dir/home/ubiedo/pico/pico-sdk/src/rp2_common/pico_runtime/runtime.c.obj
 *fill*         0x0000000010007dc5        0x3 
 .rodata._ftoa.str1.4
                0x0000000010007dc8       0x15 CMakeFiles/adc_dma_pico.dir/home/ubiedo/pico/pico-sdk/src/rp2_common/pico_printf/printf.c.obj
 *fill*         0x0000000010007ddd        0x3 
 .rodata._vsnprintf
                0x0000000010007de0      0x1e0 CMakeFiles/adc_dma_pico.dir/home/ubiedo/pico/pico-sdk/src/rp2_common/pico_printf/printf.c.obj
 .rodata.pow10.0
                0x0000000010007fc0       0x50 CMakeFiles/adc_dma_pico.dir/home/ubiedo/pico/pico-sdk/src/rp2_common/pico_printf/printf.c.obj
 .rodata.__aeabi_double_init.str1.4
                0x0000000010008010       0x9c CMakeFiles/adc_dma_pico.dir/home/ubiedo/pico/pico-sdk/src/rp2_common/pico_double/double_init_rom.c.obj
 .rodata.__func__.0
                0x00000000100080ac       0x14 CMakeFiles/adc_dma_pico.dir/home/ubiedo/pico/pico-sdk/src/rp2_common/pico_double/double_init_rom.c.obj
 .rodata.__aeabi_float_init.str1.4
                0x00000000100080c0       0x7a CMakeFiles/adc_dma_pico.dir/home/ubiedo/pico/pico-sdk/src/rp2_common/pico_float/float_init_rom.c.obj
                                         0x7e (size before relaxing)
 *fill*         0x000000001000813a        0x2 
 .rodata.__func__.0
                0x000000001000813c       0x13 CMakeFiles/adc_dma_pico.dir/home/ubiedo/pico/pico-sdk/src/rp2_common/pico_float/float_init_rom.c.obj
 *fill*         0x000000001000814f        0x1 
 .rodata.str1.4
                0x0000000010008150       0x3c CMakeFiles/adc_dma_pico.dir/home/ubiedo/pico/pico-sdk/src/rp2_common/pico_standard_link/binary_info.c.obj
                                         0x44 (size before relaxing)
 .rodata.__bi_44
                0x000000001000818c        0xc CMakeFiles/adc_dma_pico.dir/home/ubiedo/pico/pico-sdk/src/rp2_common/pico_standard_link/binary_info.c.obj
 .rodata.__bi_75
                0x0000000010008198        0xc CMakeFiles/adc_dma_pico.dir/home/ubiedo/pico/pico-sdk/src/rp2_common/pico_standard_link/binary_info.c.obj
 .rodata.__bi_81
                0x00000000100081a4        0xc CMakeFiles/adc_dma_pico.dir/home/ubiedo/pico/pico-sdk/src/rp2_common/pico_standard_link/binary_info.c.obj
 .rodata.stdout_serialize_begin.str1.4
                0x00000000100081b0       0x61 CMakeFiles/adc_dma_pico.dir/home/ubiedo/pico/pico-sdk/src/rp2_common/pico_stdio/stdio.c.obj
 .rodata.__func__.3
                0x00000000100081b0       0x15 CMakeFiles/adc_dma_pico.dir/home/ubiedo/pico/pico-sdk/src/rp2_common/pico_stdio/stdio.c.obj
 *fill*         0x00000000100081c5        0x3 
 .rodata.crlf_str.2
                0x00000000100081c8        0x2 CMakeFiles/adc_dma_pico.dir/home/ubiedo/pico/pico-sdk/src/rp2_common/pico_stdio/stdio.c.obj
 *fill*         0x00000000100081ca        0x2 
 .rodata._resetd_driver
                0x00000000100081cc       0x18 CMakeFiles/adc_dma_pico.dir/home/ubiedo/pico/pico-sdk/src/rp2_common/pico_stdio_usb/reset_interface.c.obj
 .rodata.low_priority_worker_irq.str1.4
                0x00000000100081e4       0x61 CMakeFiles/adc_dma_pico.dir/home/ubiedo/pico/pico-sdk/src/rp2_common/pico_stdio_usb/stdio_usb.c.obj
 .rodata.stdio_usb_init.str1.4
                0x00000000100081e4       0x45 CMakeFiles/adc_dma_pico.dir/home/ubiedo/pico/pico-sdk/src/rp2_common/pico_stdio_usb/stdio_usb.c.obj
                                         0x4d (size before relaxing)
 *fill*         0x0000000010008229        0x3 
 .rodata.str1.4
                0x000000001000822c       0x13 CMakeFiles/adc_dma_pico.dir/home/ubiedo/pico/pico-sdk/src/rp2_common/pico_stdio_usb/stdio_usb.c.obj
 *fill*         0x000000001000823f        0x1 
 .rodata.__bi_182.0
                0x0000000010008240        0xc CMakeFiles/adc_dma_pico.dir/home/ubiedo/pico/pico-sdk/src/rp2_common/pico_stdio_usb/stdio_usb.c.obj
 .rodata.__func__.1
                0x000000001000824c        0xf CMakeFiles/adc_dma_pico.dir/home/ubiedo/pico/pico-sdk/src/rp2_common/pico_stdio_usb/stdio_usb.c.obj
 *fill*         0x000000001000825b        0x1 
 .rodata.__func__.3
                0x000000001000825c       0x15 CMakeFiles/adc_dma_pico.dir/home/ubiedo/pico/pico-sdk/src/rp2_common/pico_stdio_usb/stdio_usb.c.obj
 *fill*         0x0000000010008271        0x3 
 .rodata.str1.4
                0x0000000010008274       0x2a CMakeFiles/adc_dma_pico.dir/home/ubiedo/pico/pico-sdk/src/rp2_common/pico_stdio_usb/stdio_usb_descriptors.c.obj
 *fill*         0x000000001000829e        0x2 
 .rodata.usbd_desc_cfg
                0x00000000100082a0       0x54 CMakeFiles/adc_dma_pico.dir/home/ubiedo/pico/pico-sdk/src/rp2_common/pico_stdio_usb/stdio_usb_descriptors.c.obj
 .rodata.usbd_desc_device
                0x00000000100082f4       0x12 CMakeFiles/adc_dma_pico.dir/home/ubiedo/pico/pico-sdk/src/rp2_common/pico_stdio_usb/stdio_usb_descriptors.c.obj
 *fill*         0x0000000010008306        0x2 
 .rodata.usbd_desc_str
                0x0000000010008308       0x18 CMakeFiles/adc_dma_pico.dir/home/ubiedo/pico/pico-sdk/src/rp2_common/pico_stdio_usb/stdio_usb_descriptors.c.obj
 .rodata.pico_get_unique_board_id_string.str1.4
                0x0000000010008320       0x4d CMakeFiles/adc_dma_pico.dir/home/ubiedo/pico/pico-sdk/src/rp2_common/pico_unique_id/unique_id.c.obj
 *fill*         0x000000001000836d        0x3 
 .rodata.__func__.0
                0x0000000010008370       0x20 CMakeFiles/adc_dma_pico.dir/home/ubiedo/pico/pico-sdk/src/rp2_common/pico_unique_id/unique_id.c.obj
 .rodata.str1.4
                0x0000000010008390      0x15a CMakeFiles/adc_dma_pico.dir/home/ubiedo/pico/pico-sdk/src/rp2_common/hardware_flash/flash.c.obj
 *fill*         0x00000000100084ea        0x2 
 .rodata.__func__.0
                0x00000000100084ec        0xd CMakeFiles/adc_dma_pico.dir/home/ubiedo/pico/pico-sdk/src/rp2_common/hardware_flash/flash.c.obj
 *fill*         0x00000000100084f9        0x3 
 .rodata._hw_endpoint_alloc.str1.4
                0x00000000100084fc       0xb5 CMakeFiles/adc_dma_pico.dir/home/ubiedo/pico/pico-sdk/lib/tinyusb/src/portable/raspberrypi/rp2040/dcd_rp2040.c.obj
 *fill*         0x00000000100085b1        0x3 
 .rodata.str1.4
                0x00000000100085b4       0x14 CMakeFiles/adc_dma_pico.dir/home/ubiedo/pico/pico-sdk/lib/tinyusb/src/portable/raspberrypi/rp2040/dcd_rp2040.c.obj
 .rodata.dcd_int_enable.str1.4
                0x00000000100085c8        0xc CMakeFiles/adc_dma_pico.dir/home/ubiedo/pico/pico-sdk/lib/tinyusb/src/portable/raspberrypi/rp2040/dcd_rp2040.c.obj
 .rodata.__func__.0
                0x00000000100085d4        0xe CMakeFiles/adc_dma_pico.dir/home/ubiedo/pico/pico-sdk/lib/tinyusb/src/portable/raspberrypi/rp2040/dcd_rp2040.c.obj
 *fill*         0x00000000100085e2        0x2 
 .rodata.__func__.1
                0x00000000100085e4        0xe CMakeFiles/adc_dma_pico.dir/home/ubiedo/pico/pico-sdk/lib/tinyusb/src/portable/raspberrypi/rp2040/dcd_rp2040.c.obj
 *fill*         0x00000000100085f2        0x2 
 .rodata.__func__.3
                0x00000000100085f4       0x10 CMakeFiles/adc_dma_pico.dir/home/ubiedo/pico/pico-sdk/lib/tinyusb/src/portable/raspberrypi/rp2040/dcd_rp2040.c.obj
 .rodata.__func__.5
                0x0000000010008604        0xf CMakeFiles/adc_dma_pico.dir/home/ubiedo/pico/pico-sdk/lib/tinyusb/src/portable/raspberrypi/rp2040/dcd_rp2040.c.obj
 *fill*         0x0000000010008613        0x1 
 .rodata.__func__.6
                0x0000000010008614       0x13 CMakeFiles/adc_dma_pico.dir/home/ubiedo/pico/pico-sdk/lib/tinyusb/src/portable/raspberrypi/rp2040/dcd_rp2040.c.obj
 *fill*         0x0000000010008627        0x1 
 .rodata.__func__.7
                0x0000000010008628        0x9 CMakeFiles/adc_dma_pico.dir/home/ubiedo/pico/pico-sdk/lib/tinyusb/src/portable/raspberrypi/rp2040/dcd_rp2040.c.obj
 *fill*         0x0000000010008631        0x3 
 .rodata.str1.4
                0x0000000010008634       0xe7 CMakeFiles/adc_dma_pico.dir/home/ubiedo/pico/pico-sdk/lib/tinyusb/src/portable/raspberrypi/rp2040/rp2040_usb.c.obj
 *fill*         0x000000001000871b        0x1 
 .rodata.__func__.0
                0x000000001000871c        0xf CMakeFiles/adc_dma_pico.dir/home/ubiedo/pico/pico-sdk/lib/tinyusb/src/portable/raspberrypi/rp2040/rp2040_usb.c.obj
 *fill*         0x000000001000872b        0x1 
 .rodata.process_get_descriptor
                0x000000001000872c       0x40 CMakeFiles/adc_dma_pico.dir/home/ubiedo/pico/pico-sdk/lib/tinyusb/src/device/usbd.c.obj
 .rodata.process_control_request
                0x000000001000876c       0x28 CMakeFiles/adc_dma_pico.dir/home/ubiedo/pico/pico-sdk/lib/tinyusb/src/device/usbd.c.obj
 .rodata.tud_task_ext
                0x0000000010008794       0x24 CMakeFiles/adc_dma_pico.dir/home/ubiedo/pico/pico-sdk/lib/tinyusb/src/device/usbd.c.obj
 .rodata._usbd_driver
                0x00000000100087b8       0x18 CMakeFiles/adc_dma_pico.dir/home/ubiedo/pico/pico-sdk/lib/tinyusb/src/device/usbd.c.obj
 .rodata.dma_claim_unused_channel.str1.4
                0x00000000100087d0       0x1e CMakeFiles/adc_dma_pico.dir/home/ubiedo/pico/pico-sdk/src/rp2_common/hardware_dma/dma.c.obj
                0x00000000100087f0                . = ALIGN (0x4)
 *fill*         0x00000000100087ee        0x2 
 *(SORT_BY_ALIGNMENT(SORT_BY_NAME(.flashdata*)))
                0x00000000100087f0                . = ALIGN (0x4)

.ARM.extab
 *(.ARM.extab* .gnu.linkonce.armextab.*)
                0x00000000100087f0                __exidx_start = .

.ARM.exidx
 *(.ARM.exidx* .gnu.linkonce.armexidx.*)
                0x00000000100087f0                __exidx_end = .
                0x00000000100087f0                . = ALIGN (0x4)
                0x00000000100087f0                __binary_info_start = .

.binary_info    0x00000000100087f0       0x20
 *(.binary_info.keep.*)
 .binary_info.keep.__bi_ptr22
                0x00000000100087f0        0x4 CMakeFiles/adc_dma_pico.dir/home/ubiedo/pico/pico-sdk/src/rp2_common/pico_standard_link/binary_info.c.obj
 .binary_info.keep.__bi_ptr30
                0x00000000100087f4        0x4 CMakeFiles/adc_dma_pico.dir/home/ubiedo/pico/pico-sdk/src/rp2_common/pico_standard_link/binary_info.c.obj
 .binary_info.keep.__bi_ptr38
                0x00000000100087f8        0x4 CMakeFiles/adc_dma_pico.dir/home/ubiedo/pico/pico-sdk/src/rp2_common/pico_standard_link/binary_info.c.obj
 .binary_info.keep.__bi_ptr44
                0x00000000100087fc        0x4 CMakeFiles/adc_dma_pico.dir/home/ubiedo/pico/pico-sdk/src/rp2_common/pico_standard_link/binary_info.c.obj
 .binary_info.keep.__bi_ptr50
                0x0000000010008800        0x4 CMakeFiles/adc_dma_pico.dir/home/ubiedo/pico/pico-sdk/src/rp2_common/pico_standard_link/binary_info.c.obj
 .binary_info.keep.__bi_ptr75
                0x0000000010008804        0x4 CMakeFiles/adc_dma_pico.dir/home/ubiedo/pico/pico-sdk/src/rp2_common/pico_standard_link/binary_info.c.obj
 .binary_info.keep.__bi_ptr81
                0x0000000010008808        0x4 CMakeFiles/adc_dma_pico.dir/home/ubiedo/pico/pico-sdk/src/rp2_common/pico_standard_link/binary_info.c.obj
 *(.binary_info.*)
 .binary_info.__bi_ptr182
                0x000000001000880c        0x4 CMakeFiles/adc_dma_pico.dir/home/ubiedo/pico/pico-sdk/src/rp2_common/pico_stdio_usb/stdio_usb.c.obj
                0x0000000010008810                __binary_info_end = .

.rel.dyn        0x0000000010008810        0x0
 .rel.iplt      0x0000000010008810        0x0 /usr/lib/gcc/arm-none-eabi/10.3.1/thumb/v6-m/nofp/crtbegin.o
                0x0000000010008810                . = ALIGN (0x4)

.ram_vector_table
                0x0000000020000000       0xc0
 *(.ram_vector_table)
 .ram_vector_table
                0x0000000020000000       0xc0 CMakeFiles/adc_dma_pico.dir/home/ubiedo/pico/pico-sdk/src/rp2_common/pico_runtime/runtime.c.obj
                0x0000000020000000                ram_vector_table

.data           0x00000000200000c0      0xbf8 load address 0x0000000010008810
                0x00000000200000c0                __data_start__ = .
 *(vtable)
 *(.time_critical*)
 .time_critical.mutex_try_enter
                0x00000000200000c0       0x46 CMakeFiles/adc_dma_pico.dir/home/ubiedo/pico/pico-sdk/src/common/pico_sync/mutex.c.obj
                0x00000000200000c0                mutex_try_enter
 *fill*         0x0000000020000106        0x2 
 .time_critical.mutex_enter_block_until
                0x0000000020000108       0x8c CMakeFiles/adc_dma_pico.dir/home/ubiedo/pico/pico-sdk/src/common/pico_sync/mutex.c.obj
                0x0000000020000108                mutex_enter_block_until
 .time_critical.mutex_try_enter_block_until
                0x0000000020000194       0x34 CMakeFiles/adc_dma_pico.dir/home/ubiedo/pico/pico-sdk/src/common/pico_sync/mutex.c.obj
                0x0000000020000194                mutex_try_enter_block_until
 .time_critical.mutex_enter_timeout_ms
                0x00000000200001c8       0x68 CMakeFiles/adc_dma_pico.dir/home/ubiedo/pico/pico-sdk/src/common/pico_sync/mutex.c.obj
                0x00000000200001c8                mutex_enter_timeout_ms
 .time_critical.mutex_exit
                0x0000000020000230       0x4c CMakeFiles/adc_dma_pico.dir/home/ubiedo/pico/pico-sdk/src/common/pico_sync/mutex.c.obj
                0x0000000020000230                mutex_exit
 .time_critical.flash_init_boot2_copyout
                0x000000002000027c       0x30 CMakeFiles/adc_dma_pico.dir/home/ubiedo/pico/pico-sdk/src/rp2_common/hardware_flash/flash.c.obj
 .time_critical.flash_enable_xip_via_boot2
                0x00000000200002ac       0x10 CMakeFiles/adc_dma_pico.dir/home/ubiedo/pico/pico-sdk/src/rp2_common/hardware_flash/flash.c.obj
 .time_critical.flash_cs_force
                0x00000000200002bc       0x28 CMakeFiles/adc_dma_pico.dir/home/ubiedo/pico/pico-sdk/src/rp2_common/hardware_flash/flash.c.obj
 .time_critical.flash_do_cmd
                0x00000000200002e4       0xd8 CMakeFiles/adc_dma_pico.dir/home/ubiedo/pico/pico-sdk/src/rp2_common/hardware_flash/flash.c.obj
                0x00000000200002e4                flash_do_cmd
 .time_critical.reset_non_control_endpoints
                0x00000000200003bc       0x40 CMakeFiles/adc_dma_pico.dir/home/ubiedo/pico/pico-sdk/lib/tinyusb/src/portable/raspberrypi/rp2040/dcd_rp2040.c.obj
 .time_critical.hw_handle_buff_status
                0x00000000200003fc       0xa4 CMakeFiles/adc_dma_pico.dir/home/ubiedo/pico/pico-sdk/lib/tinyusb/src/portable/raspberrypi/rp2040/dcd_rp2040.c.obj
 .time_critical.dcd_rp2040_irq
                0x00000000200004a0      0x1cc CMakeFiles/adc_dma_pico.dir/home/ubiedo/pico/pico-sdk/lib/tinyusb/src/portable/raspberrypi/rp2040/dcd_rp2040.c.obj
 .time_critical.e15_is_bulkin_ep
                0x000000002000066c       0x2c CMakeFiles/adc_dma_pico.dir/home/ubiedo/pico/pico-sdk/lib/tinyusb/src/portable/raspberrypi/rp2040/rp2040_usb.c.obj
 .time_critical.e15_is_critical_frame_period
                0x0000000020000698       0x30 CMakeFiles/adc_dma_pico.dir/home/ubiedo/pico/pico-sdk/lib/tinyusb/src/portable/raspberrypi/rp2040/rp2040_usb.c.obj
 .time_critical.prepare_ep_buffer
                0x00000000200006c8       0x70 CMakeFiles/adc_dma_pico.dir/home/ubiedo/pico/pico-sdk/lib/tinyusb/src/portable/raspberrypi/rp2040/rp2040_usb.c.obj
 .time_critical.sync_ep_buffer
                0x0000000020000738       0x80 CMakeFiles/adc_dma_pico.dir/home/ubiedo/pico/pico-sdk/lib/tinyusb/src/portable/raspberrypi/rp2040/rp2040_usb.c.obj
 .time_critical._hw_endpoint_xfer_sync
                0x00000000200007b8       0x28 CMakeFiles/adc_dma_pico.dir/home/ubiedo/pico/pico-sdk/lib/tinyusb/src/portable/raspberrypi/rp2040/rp2040_usb.c.obj
 .time_critical.hw_endpoint_reset_transfer
                0x00000000200007e0        0xc CMakeFiles/adc_dma_pico.dir/home/ubiedo/pico/pico-sdk/lib/tinyusb/src/portable/raspberrypi/rp2040/rp2040_usb.c.obj
                0x00000000200007e0                hw_endpoint_reset_transfer
 .time_critical._hw_endpoint_buffer_control_update32
                0x00000000200007ec       0x58 CMakeFiles/adc_dma_pico.dir/home/ubiedo/pico/pico-sdk/lib/tinyusb/src/portable/raspberrypi/rp2040/rp2040_usb.c.obj
                0x00000000200007ec                _hw_endpoint_buffer_control_update32
 .time_critical.hw_endpoint_start_next_buffer
                0x0000000020000844       0x88 CMakeFiles/adc_dma_pico.dir/home/ubiedo/pico/pico-sdk/lib/tinyusb/src/portable/raspberrypi/rp2040/rp2040_usb.c.obj
                0x0000000020000844                hw_endpoint_start_next_buffer
 .time_critical.hw_endpoint_xfer_continue
                0x00000000200008cc       0x50 CMakeFiles/adc_dma_pico.dir/home/ubiedo/pico/pico-sdk/lib/tinyusb/src/portable/raspberrypi/rp2040/rp2040_usb.c.obj
                0x00000000200008cc                hw_endpoint_xfer_continue
 .time_critical.tinyusb
                0x000000002000091c      0x200 CMakeFiles/adc_dma_pico.dir/home/ubiedo/pico/pico-sdk/lib/tinyusb/src/device/usbd.c.obj
                0x000000002000091c                dcd_event_handler
 *(.text*)
 .text          0x0000000020000b1c        0x4 /usr/lib/gcc/arm-none-eabi/10.3.1/thumb/v6-m/nofp/libgcc.a(_dvmd_tls.o)
                0x0000000020000b1c                __aeabi_ldiv0
                0x0000000020000b1c                __aeabi_idiv0
 .text.__stub   0x0000000020000b20       0x90 linker stubs
                0x0000000020000bb0                . = ALIGN (0x4)
 *(.rodata*)
                0x0000000020000bb0                . = ALIGN (0x4)
 *(.data*)
 .data.striped_spin_lock_num
                0x0000000020000bb0        0x1 CMakeFiles/adc_dma_pico.dir/home/ubiedo/pico/pico-sdk/src/rp2_common/hardware_sync/sync.c.obj
 *fill*         0x0000000020000bb1        0x3 
 .data          0x0000000020000bb4       0x48 CMakeFiles/adc_dma_pico.dir/home/ubiedo/pico/pico-sdk/src/rp2_common/hardware_irq/irq_handler_chain.S.obj
                0x0000000020000bb4                irq_handler_chain_slots
                0x0000000020000be4                irq_handler_chain_first_slot
                0x0000000020000bee                irq_handler_chain_remove_tail
 .data.default_alarm_pool
                0x0000000020000bfc       0x18 CMakeFiles/adc_dma_pico.dir/home/ubiedo/pico/pico-sdk/src/common/pico_time/time.c.obj
 .data.default_alarm_pool_heap
                0x0000000020000c14       0x10 CMakeFiles/adc_dma_pico.dir/home/ubiedo/pico/pico-sdk/src/common/pico_time/time.c.obj
 *fill*         0x0000000020000c24        0xc 
 .data.aeabi_bits_funcs
                0x0000000020000c30       0x10 CMakeFiles/adc_dma_pico.dir/home/ubiedo/pico/pico-sdk/src/rp2_common/pico_bit_ops/bit_ops_aeabi.S.obj
                0x0000000020000c30                aeabi_bits_funcs
                0x0000000020000c40                aeabi_bits_funcs_end
 .data.aeabi_mem_funcs
                0x0000000020000c40       0x10 CMakeFiles/adc_dma_pico.dir/home/ubiedo/pico/pico-sdk/src/rp2_common/pico_mem_ops/mem_ops_aeabi.S.obj
                0x0000000020000c40                aeabi_mem_funcs
                0x0000000020000c50                aeabi_mem_funcs_end
 .data.stdio_usb
                0x0000000020000c50       0x18 CMakeFiles/adc_dma_pico.dir/home/ubiedo/pico/pico-sdk/src/rp2_common/pico_stdio_usb/stdio_usb.c.obj
                0x0000000020000c50                stdio_usb
 .data.ep_dir_string
                0x0000000020000c68        0x8 CMakeFiles/adc_dma_pico.dir/home/ubiedo/pico/pico-sdk/lib/tinyusb/src/portable/raspberrypi/rp2040/rp2040_usb.c.obj
                0x0000000020000c68                ep_dir_string
 .data._usbd_qdef
                0x0000000020000c70       0x1c CMakeFiles/adc_dma_pico.dir/home/ubiedo/pico/pico-sdk/lib/tinyusb/src/device/usbd.c.obj
                0x0000000020000c70                _usbd_qdef
 .data._usbd_rhport
                0x0000000020000c8c        0x1 CMakeFiles/adc_dma_pico.dir/home/ubiedo/pico/pico-sdk/lib/tinyusb/src/device/usbd.c.obj
                0x0000000020000c90                . = ALIGN (0x4)
 *fill*         0x0000000020000c8d        0x3 
 *(.after_data.*)
                0x0000000020000c90                . = ALIGN (0x4)
                0x0000000020000c90                PROVIDE (__mutex_array_start = .)
 *(SORT_BY_NAME(.mutex_array.*))
 *(.mutex_array)
 .mutex_array   0x0000000020000c90        0x8 CMakeFiles/adc_dma_pico.dir/home/ubiedo/pico/pico-sdk/src/rp2_common/pico_malloc/pico_malloc.c.obj
 .mutex_array   0x0000000020000c98        0x8 CMakeFiles/adc_dma_pico.dir/home/ubiedo/pico/pico-sdk/src/rp2_common/pico_stdio/stdio.c.obj
                0x0000000020000ca0                PROVIDE (__mutex_array_end = .)
                0x0000000020000ca0                . = ALIGN (0x4)
                0x0000000020000ca0                PROVIDE (__preinit_array_start = .)
 *(SORT_BY_NAME(.preinit_array.*))
 .preinit_array.00001
                0x0000000020000ca0        0x4 CMakeFiles/adc_dma_pico.dir/home/ubiedo/pico/pico-sdk/src/rp2_common/pico_mem_ops/mem_ops_aeabi.S.obj
 .preinit_array.00010
                0x0000000020000ca4        0x4 CMakeFiles/adc_dma_pico.dir/home/ubiedo/pico/pico-sdk/src/rp2_common/pico_bit_ops/bit_ops_aeabi.S.obj
 .preinit_array.00020